C:/STM32-IDE/STM32-Library/ModBUS/ModBUS_Chelo.c:9:6:ModBUS_Config	16	static
C:/STM32-IDE/STM32-Library/ModBUS/ModBUS_Chelo.c:42:5:ModBUS_Check	16	static
C:/STM32-IDE/STM32-Library/ModBUS/ModBUS_Chelo.c:55:5:ModBUS_Check_tid	16	static
C:/STM32-IDE/STM32-Library/ModBUS/ModBUS_Chelo.c:73:5:ModBUS_F03_Assign	24	static
C:/STM32-IDE/STM32-Library/ModBUS/ModBUS_Chelo.c:92:5:ModBUS_F04_Assign	24	static
C:/STM32-IDE/STM32-Library/ModBUS/ModBUS_Chelo.c:110:10:ModBUS_F03_Read	24	static
C:/STM32-IDE/STM32-Library/ModBUS/ModBUS_Chelo.c:128:10:ModBUS_F04_Read	24	static
C:/STM32-IDE/STM32-Library/ModBUS/ModBUS_Chelo.c:146:1:ModBUS_F03_Request	16	static
C:/STM32-IDE/STM32-Library/ModBUS/ModBUS_Chelo.c:170:5:ModBUS	120	static
C:/STM32-IDE/STM32-Library/ModBUS/ModBUS_Chelo.c:1140:9:Verificar_CRC16	24	static
C:/STM32-IDE/STM32-Library/ModBUS/ModBUS_Chelo.c:1170:7:Agregar_CRC16aTXVect	32	static
C:/STM32-IDE/STM32-Library/ModBUS/ModBUS_Chelo.c:1218:9:processAnswerModbusRTU	24	static
C:/STM32-IDE/STM32-Library/ModBUS/ModBUS_Chelo.c:1238:7:createCommandRTU	24	static
