Archive member included to satisfy reference by file (symbol)

C:/ST/STM32CubeIDE_1.13.1/STM32CubeIDE/plugins/com.st.stm32cube.ide.mcu.externaltools.gnu-tools-for-stm32.11.3.rel1.win32_1.1.0.202305231506/tools/bin/../lib/gcc/arm-none-eabi/11.3.1/../../../../arm-none-eabi/lib/thumb/v7e-m+fp/hard\libc_nano.a(libc_a-atoi.o)
                              ./LoRa/RYLR896.o (atoi)
C:/ST/STM32CubeIDE_1.13.1/STM32CubeIDE/plugins/com.st.stm32cube.ide.mcu.externaltools.gnu-tools-for-stm32.11.3.rel1.win32_1.1.0.202305231506/tools/bin/../lib/gcc/arm-none-eabi/11.3.1/../../../../arm-none-eabi/lib/thumb/v7e-m+fp/hard\libc_nano.a(libc_a-exit.o)
                              C:/ST/STM32CubeIDE_1.13.1/STM32CubeIDE/plugins/com.st.stm32cube.ide.mcu.externaltools.gnu-tools-for-stm32.11.3.rel1.win32_1.1.0.202305231506/tools/bin/../lib/gcc/arm-none-eabi/11.3.1/../../../../arm-none-eabi/lib/thumb/v7e-m+fp/hard/crt0.o (exit)
C:/ST/STM32CubeIDE_1.13.1/STM32CubeIDE/plugins/com.st.stm32cube.ide.mcu.externaltools.gnu-tools-for-stm32.11.3.rel1.win32_1.1.0.202305231506/tools/bin/../lib/gcc/arm-none-eabi/11.3.1/../../../../arm-none-eabi/lib/thumb/v7e-m+fp/hard\libc_nano.a(libc_a-itoa.o)
                              ./LoRa/RYLR896.o (itoa)
C:/ST/STM32CubeIDE_1.13.1/STM32CubeIDE/plugins/com.st.stm32cube.ide.mcu.externaltools.gnu-tools-for-stm32.11.3.rel1.win32_1.1.0.202305231506/tools/bin/../lib/gcc/arm-none-eabi/11.3.1/../../../../arm-none-eabi/lib/thumb/v7e-m+fp/hard\libc_nano.a(libc_a-strtol.o)
                              C:/ST/STM32CubeIDE_1.13.1/STM32CubeIDE/plugins/com.st.stm32cube.ide.mcu.externaltools.gnu-tools-for-stm32.11.3.rel1.win32_1.1.0.202305231506/tools/bin/../lib/gcc/arm-none-eabi/11.3.1/../../../../arm-none-eabi/lib/thumb/v7e-m+fp/hard\libc_nano.a(libc_a-atoi.o) (_strtol_r)
C:/ST/STM32CubeIDE_1.13.1/STM32CubeIDE/plugins/com.st.stm32cube.ide.mcu.externaltools.gnu-tools-for-stm32.11.3.rel1.win32_1.1.0.202305231506/tools/bin/../lib/gcc/arm-none-eabi/11.3.1/../../../../arm-none-eabi/lib/thumb/v7e-m+fp/hard\libc_nano.a(libc_a-utoa.o)
                              C:/ST/STM32CubeIDE_1.13.1/STM32CubeIDE/plugins/com.st.stm32cube.ide.mcu.externaltools.gnu-tools-for-stm32.11.3.rel1.win32_1.1.0.202305231506/tools/bin/../lib/gcc/arm-none-eabi/11.3.1/../../../../arm-none-eabi/lib/thumb/v7e-m+fp/hard\libc_nano.a(libc_a-itoa.o) (__utoa)
C:/ST/STM32CubeIDE_1.13.1/STM32CubeIDE/plugins/com.st.stm32cube.ide.mcu.externaltools.gnu-tools-for-stm32.11.3.rel1.win32_1.1.0.202305231506/tools/bin/../lib/gcc/arm-none-eabi/11.3.1/../../../../arm-none-eabi/lib/thumb/v7e-m+fp/hard\libc_nano.a(libc_a-ctype_.o)
                              C:/ST/STM32CubeIDE_1.13.1/STM32CubeIDE/plugins/com.st.stm32cube.ide.mcu.externaltools.gnu-tools-for-stm32.11.3.rel1.win32_1.1.0.202305231506/tools/bin/../lib/gcc/arm-none-eabi/11.3.1/../../../../arm-none-eabi/lib/thumb/v7e-m+fp/hard\libc_nano.a(libc_a-strtol.o) (_ctype_)
C:/ST/STM32CubeIDE_1.13.1/STM32CubeIDE/plugins/com.st.stm32cube.ide.mcu.externaltools.gnu-tools-for-stm32.11.3.rel1.win32_1.1.0.202305231506/tools/bin/../lib/gcc/arm-none-eabi/11.3.1/../../../../arm-none-eabi/lib/thumb/v7e-m+fp/hard\libc_nano.a(libc_a-findfp.o)
                              C:/ST/STM32CubeIDE_1.13.1/STM32CubeIDE/plugins/com.st.stm32cube.ide.mcu.externaltools.gnu-tools-for-stm32.11.3.rel1.win32_1.1.0.202305231506/tools/bin/../lib/gcc/arm-none-eabi/11.3.1/../../../../arm-none-eabi/lib/thumb/v7e-m+fp/hard\libc_nano.a(libc_a-exit.o) (__stdio_exit_handler)
C:/ST/STM32CubeIDE_1.13.1/STM32CubeIDE/plugins/com.st.stm32cube.ide.mcu.externaltools.gnu-tools-for-stm32.11.3.rel1.win32_1.1.0.202305231506/tools/bin/../lib/gcc/arm-none-eabi/11.3.1/../../../../arm-none-eabi/lib/thumb/v7e-m+fp/hard\libc_nano.a(libc_a-fwalk.o)
                              C:/ST/STM32CubeIDE_1.13.1/STM32CubeIDE/plugins/com.st.stm32cube.ide.mcu.externaltools.gnu-tools-for-stm32.11.3.rel1.win32_1.1.0.202305231506/tools/bin/../lib/gcc/arm-none-eabi/11.3.1/../../../../arm-none-eabi/lib/thumb/v7e-m+fp/hard\libc_nano.a(libc_a-findfp.o) (_fwalk_sglue)
C:/ST/STM32CubeIDE_1.13.1/STM32CubeIDE/plugins/com.st.stm32cube.ide.mcu.externaltools.gnu-tools-for-stm32.11.3.rel1.win32_1.1.0.202305231506/tools/bin/../lib/gcc/arm-none-eabi/11.3.1/../../../../arm-none-eabi/lib/thumb/v7e-m+fp/hard\libc_nano.a(libc_a-sprintf.o)
                              ./STRING/STR_Chelo.o (sprintf)
C:/ST/STM32CubeIDE_1.13.1/STM32CubeIDE/plugins/com.st.stm32cube.ide.mcu.externaltools.gnu-tools-for-stm32.11.3.rel1.win32_1.1.0.202305231506/tools/bin/../lib/gcc/arm-none-eabi/11.3.1/../../../../arm-none-eabi/lib/thumb/v7e-m+fp/hard\libc_nano.a(libc_a-stdio.o)
                              C:/ST/STM32CubeIDE_1.13.1/STM32CubeIDE/plugins/com.st.stm32cube.ide.mcu.externaltools.gnu-tools-for-stm32.11.3.rel1.win32_1.1.0.202305231506/tools/bin/../lib/gcc/arm-none-eabi/11.3.1/../../../../arm-none-eabi/lib/thumb/v7e-m+fp/hard\libc_nano.a(libc_a-findfp.o) (__sread)
[...]
Memory Configuration

Name             Origin             Length             Attributes
RAM              0x0000000020000000 0x0000000000020000 xrw
FLASH            0x0000000008000000 0x0000000000080000 xr
*default*        0x0000000000000000 0xffffffffffffffff

Linker script and memory map

LOAD C:/ST/STM32CubeIDE_1.13.1/STM32CubeIDE/plugins/com.st.stm32cube.ide.mcu.externaltools.gnu-tools-for-stm32.11.3.rel1.win32_1.1.0.202305231506/tools/bin/../lib/gcc/arm-none-eabi/11.3.1/thumb/v7e-m+fp/hard/crti.o
LOAD C:/ST/STM32CubeIDE_1.13.1/STM32CubeIDE/plugins/com.st.stm32cube.ide.mcu.externaltools.gnu-tools-for-stm32.11.3.rel1.win32_1.1.0.202305231506/tools/bin/../lib/gcc/arm-none-eabi/11.3.1/thumb/v7e-m+fp/hard/crtbegin.o
LOAD C:/ST/STM32CubeIDE_1.13.1/STM32CubeIDE/plugins/com.st.stm32cube.ide.mcu.externaltools.gnu-tools-for-stm32.11.3.rel1.win32_1.1.0.202305231506/tools/bin/../lib/gcc/arm-none-eabi/11.3.1/../../../../arm-none-eabi/lib/thumb/v7e-m+fp/hard/crt0.o
LOAD ./Core/Src/main.o
LOAD ./Core/Src/stm32f4xx_hal_msp.o
LOAD ./Core/Src/stm32f4xx_it.o
LOAD ./Core/Src/syscalls.o
LOAD ./Core/Src/sysmem.o
LOAD ./Core/Src/system_stm32f4xx.o
LOAD ./Core/Startup/startup_stm32f411ceux.o
LOAD ./Drivers/STM32F4xx_HAL_Driver/Src/stm32f4xx_hal.o
LOAD ./Drivers/STM32F4xx_HAL_Driver/Src/stm32f4xx_hal_cortex.o
LOAD ./Drivers/STM32F4xx_HAL_Driver/Src/stm32f4xx_hal_dma.o
LOAD ./Drivers/STM32F4xx_HAL_Driver/Src/stm32f4xx_hal_dma_ex.o
LOAD ./Drivers/STM32F4xx_HAL_Driver/Src/stm32f4xx_hal_exti.o
LOAD ./Drivers/STM32F4xx_HAL_Driver/Src/stm32f4xx_hal_flash.o
LOAD ./Drivers/STM32F4xx_HAL_Driver/Src/stm32f4xx_hal_flash_ex.o
LOAD ./Drivers/STM32F4xx_HAL_Driver/Src/stm32f4xx_hal_flash_ramfunc.o
LOAD ./Drivers/STM32F4xx_HAL_Driver/Src/stm32f4xx_hal_gpio.o
LOAD ./Drivers/STM32F4xx_HAL_Driver/Src/stm32f4xx_hal_pwr.o
LOAD ./Drivers/STM32F4xx_HAL_Driver/Src/stm32f4xx_hal_pwr_ex.o
LOAD ./Drivers/STM32F4xx_HAL_Driver/Src/stm32f4xx_hal_rcc.o
LOAD ./Drivers/STM32F4xx_HAL_Driver/Src/stm32f4xx_hal_rcc_ex.o
LOAD ./Drivers/STM32F4xx_HAL_Driver/Src/stm32f4xx_hal_spi.o
LOAD ./Drivers/STM32F4xx_HAL_Driver/Src/stm32f4xx_hal_tim.o
LOAD ./Drivers/STM32F4xx_HAL_Driver/Src/stm32f4xx_hal_tim_ex.o
LOAD ./Drivers/STM32F4xx_HAL_Driver/Src/stm32f4xx_hal_uart.o
LOAD ./ESP8266/ESP8266_Chelo.o
LOAD ./HTTP/http.o
LOAD ./LoRa/RYLR896.o
LOAD ./ModBUS/ModBUS_Chelo.o
LOAD ./STM32_ETH_W5100/ETH_W5100.o
LOAD ./STRING/STR_Chelo.o
START GROUP
LOAD C:/ST/STM32CubeIDE_1.13.1/STM32CubeIDE/plugins/com.st.stm32cube.ide.mcu.externaltools.gnu-tools-for-stm32.11.3.rel1.win32_1.1.0.202305231506/tools/bin/../lib/gcc/arm-none-eabi/11.3.1/../../../../arm-none-eabi/lib/thumb/v7e-m+fp/hard\libc_nano.a
LOAD C:/ST/STM32CubeIDE_1.13.1/STM32CubeIDE/plugins/com.st.stm32cube.ide.mcu.externaltools.gnu-tools-for-stm32.11.3.rel1.win32_1.1.0.202305231506/tools/bin/../lib/gcc/arm-none-eabi/11.3.1/../../../../arm-none-eabi/lib/thumb/v7e-m+fp/hard\libm.a
END GROUP
START GROUP
LOAD C:/ST/STM32CubeIDE_1.13.1/STM32CubeIDE/plugins/com.st.stm32cube.ide.mcu.externaltools.gnu-tools-for-stm32.11.3.rel1.win32_1.1.0.202305231506/tools/bin/../lib/gcc/arm-none-eabi/11.3.1/thumb/v7e-m+fp/hard\libgcc.a
LOAD C:/ST/STM32CubeIDE_1.13.1/STM32CubeIDE/plugins/com.st.stm32cube.ide.mcu.externaltools.gnu-tools-for-stm32.11.3.rel1.win32_1.1.0.202305231506/tools/bin/../lib/gcc/arm-none-eabi/11.3.1/../../../../arm-none-eabi/lib/thumb/v7e-m+fp/hard\libc_nano.a
END GROUP
START GROUP
LOAD C:/ST/STM32CubeIDE_1.13.1/STM32CubeIDE/plugins/com.st.stm32cube.ide.mcu.externaltools.gnu-tools-for-stm32.11.3.rel1.win32_1.1.0.202305231506/tools/bin/../lib/gcc/arm-none-eabi/11.3.1/thumb/v7e-m+fp/hard\libgcc.a
LOAD C:/ST/STM32CubeIDE_1.13.1/STM32CubeIDE/plugins/com.st.stm32cube.ide.mcu.externaltools.gnu-tools-for-stm32.11.3.rel1.win32_1.1.0.202305231506/tools/bin/../lib/gcc/arm-none-eabi/11.3.1/../../../../arm-none-eabi/lib/thumb/v7e-m+fp/hard\libc_nano.a
LOAD C:/ST/STM32CubeIDE_1.13.1/STM32CubeIDE/plugins/com.st.stm32cube.ide.mcu.externaltools.gnu-tools-for-stm32.11.3.rel1.win32_1.1.0.202305231506/tools/bin/../lib/gcc/arm-none-eabi/11.3.1/../../../../arm-none-eabi/lib/thumb/v7e-m+fp/hard\libnosys.a
END GROUP
START GROUP
LOAD C:/ST/STM32CubeIDE_1.13.1/STM32CubeIDE/plugins/com.st.stm32cube.ide.mcu.externaltools.gnu-tools-for-stm32.11.3.rel1.win32_1.1.0.202305231506/tools/bin/../lib/gcc/arm-none-eabi/11.3.1/thumb/v7e-m+fp/hard\libgcc.a
LOAD C:/ST/STM32CubeIDE_1.13.1/STM32CubeIDE/plugins/com.st.stm32cube.ide.mcu.externaltools.gnu-tools-for-stm32.11.3.rel1.win32_1.1.0.202305231506/tools/bin/../lib/gcc/arm-none-eabi/11.3.1/../../../../arm-none-eabi/lib/thumb/v7e-m+fp/hard\libc_nano.a
LOAD C:/ST/STM32CubeIDE_1.13.1/STM32CubeIDE/plugins/com.st.stm32cube.ide.mcu.externaltools.gnu-tools-for-stm32.11.3.rel1.win32_1.1.0.202305231506/tools/bin/../lib/gcc/arm-none-eabi/11.3.1/../../../../arm-none-eabi/lib/thumb/v7e-m+fp/hard\libnosys.a
END GROUP
LOAD C:/ST/STM32CubeIDE_1.13.1/STM32CubeIDE/plugins/com.st.stm32cube.ide.mcu.externaltools.gnu-tools-for-stm32.11.3.rel1.win32_1.1.0.202305231506/tools/bin/../lib/gcc/arm-none-eabi/11.3.1/thumb/v7e-m+fp/hard/crtend.o
LOAD C:/ST/STM32CubeIDE_1.13.1/STM32CubeIDE/plugins/com.st.stm32cube.ide.mcu.externaltools.gnu-tools-for-stm32.11.3.rel1.win32_1.1.0.202305231506/tools/bin/../lib/gcc/arm-none-eabi/11.3.1/thumb/v7e-m+fp/hard/crtn.o
                0x0000000020020000                _estack = (ORIGIN (RAM) + LENGTH (RAM))
                0x0000000000000200                _Min_Heap_Size = 0x200
                0x0000000000000400                _Min_Stack_Size = 0x400

.isr_vector     0x0000000008000000      0x198
                0x0000000008000000                . = ALIGN (0x4)
 *(.isr_vector)
 .isr_vector    0x0000000008000000      0x198 ./Core/Startup/startup_stm32f411ceux.o
                0x0000000008000000                g_pfnVectors
                0x0000000008000198                . = ALIGN (0x4)

.text           0x00000000080001a0     0xf4f8
                0x00000000080001a0                . = ALIGN (0x4)
 *(.text)
 .text          0x00000000080001a0       0x40 C:/ST/STM32CubeIDE_1.13.1/STM32CubeIDE/plugins/com.st.stm32cube.ide.mcu.externaltools.gnu-tools-for-stm32.11.3.rel1.win32_1.1.0.202305231506/tools/bin/../lib/gcc/arm-none-eabi/11.3.1/thumb/v7e-m+fp/hard/crtbegin.o
 .text          0x00000000080001e0       0x14 C:/ST/STM32CubeIDE_1.13.1/STM32CubeIDE/plugins/com.st.stm32cube.ide.mcu.externaltools.gnu-tools-for-stm32.11.3.rel1.win32_1.1.0.202305231506/tools/bin/../lib/gcc/arm-none-eabi/11.3.1/../../../../arm-none-eabi/lib/thumb/v7e-m+fp/hard\libc_nano.a(libc_a-strcmp.o)
                0x00000000080001e0                strcmp
 .text          0x00000000080001f4       0x10 C:/ST/STM32CubeIDE_1.13.1/STM32CubeIDE/plugins/com.st.stm32cube.ide.mcu.externaltools.gnu-tools-for-stm32.11.3.rel1.win32_1.1.0.202305231506/tools/bin/../lib/gcc/arm-none-eabi/11.3.1/../../../../arm-none-eabi/lib/thumb/v7e-m+fp/hard\libc_nano.a(libc_a-strlen.o)
                0x00000000080001f4                strlen
 *fill*         0x0000000008000204        0xc 
 .text          0x0000000008000210       0xa0 C:/ST/STM32CubeIDE_1.13.1/STM32CubeIDE/plugins/com.st.stm32cube.ide.mcu.externaltools.gnu-tools-for-stm32.11.3.rel1.win32_1.1.0.202305231506/tools/bin/../lib/gcc/arm-none-eabi/11.3.1/../../../../arm-none-eabi/lib/thumb/v7e-m+fp/hard\libc_nano.a(libc_a-memchr.o)
                0x0000000008000210                memchr
 .text          0x00000000080002b0       0x30 C:/ST/STM32CubeIDE_1.13.1/STM32CubeIDE/plugins/com.st.stm32cube.ide.mcu.externaltools.gnu-tools-for-stm32.11.3.rel1.win32_1.1.0.202305231506/tools/bin/../lib/gcc/arm-none-eabi/11.3.1/thumb/v7e-m+fp/hard\libgcc.a(_aeabi_uldivmod.o)
                0x00000000080002b0                __aeabi_uldivmod
 .text          0x00000000080002e0      0x2c8 C:/ST/STM32CubeIDE_1.13.1/STM32CubeIDE/plugins/com.st.stm32cube.ide.mcu.externaltools.gnu-tools-for-stm32.11.3.rel1.win32_1.1.0.202305231506/tools/bin/../lib/gcc/arm-none-eabi/11.3.1/thumb/v7e-m+fp/hard\libgcc.a(_udivmoddi4.o)
                0x00000000080002e0                __udivmoddi4
 .text          0x00000000080005a8        0x4 C:/ST/STM32CubeIDE_1.13.1/STM32CubeIDE/plugins/com.st.stm32cube.ide.mcu.externaltools.gnu-tools-for-stm32.11.3.rel1.win32_1.1.0.202305231506/tools/bin/../lib/gcc/arm-none-eabi/11.3.1/thumb/v7e-m+fp/hard\libgcc.a(_dvmd_tls.o)
                0x00000000080005a8                __aeabi_idiv0
                0x00000000080005a8                __aeabi_ldiv0
 *(.text*)
 .text.__NVIC_SetPriority
                0x00000000080005ac       0x54 ./Core/Src/main.o
 .text.SysTick_Config
                0x0000000008000600       0x44 ./Core/Src/main.o
 .text.ITM_SendChar
                0x0000000008000644       0x4e ./Core/Src/main.o
 *fill*         0x0000000008000692        0x2 
 .text.main     0x0000000008000694      0x89c ./Core/Src/main.o
                0x0000000008000694                main
 .text.SystemClock_Config
                0x0000000008000f30       0xd0 ./Core/Src/main.o
                0x0000000008000f30                SystemClock_Config
 .text.MX_SPI1_Init
                0x0000000008001000       0x6c ./Core/Src/main.o
 .text.MX_TIM2_Init
                0x000000000800106c       0xf4 ./Core/Src/main.o
 .text.MX_USART1_UART_Init
                0x0000000008001160       0x54 ./Core/Src/main.o
 .text.MX_USART2_UART_Init
                0x00000000080011b4       0x54 ./Core/Src/main.o
 .text.MX_GPIO_Init
                0x0000000008001208      0x110 ./Core/Src/main.o
 .text.ITM0_Write
                0x0000000008001318       0x36 ./Core/Src/main.o
                0x0000000008001318                ITM0_Write
 *fill*         0x000000000800134e        0x2 
 .text.SysTick_Handler
                0x0000000008001350      0xa10 ./Core/Src/main.o
                0x0000000008001350                SysTick_Handler
 .text.HAL_UART_ErrorCallback
                0x0000000008001d60       0xa8 ./Core/Src/main.o
                0x0000000008001d60                HAL_UART_ErrorCallback
 .text.HAL_UART_RxCpltCallback
                0x0000000008001e08       0x7c ./Core/Src/main.o
                0x0000000008001e08                HAL_UART_RxCpltCallback
 .text.HAL_TIM_OC_DelayElapsedCallback
                0x0000000008001e84       0xc0 ./Core/Src/main.o
                0x0000000008001e84                HAL_TIM_OC_DelayElapsedCallback
 .text.ESP8266_HW_Reset
                0x0000000008001f44       0x50 ./Core/Src/main.o
                0x0000000008001f44                ESP8266_HW_Reset
 .text.ESP8266_HW_Init
                0x0000000008001f94      0x100 ./Core/Src/main.o
                0x0000000008001f94                ESP8266_HW_Init
 .text.Error_Handler
                0x0000000008002094        0xa ./Core/Src/main.o
                0x0000000008002094                Error_Handler
 *fill*         0x000000000800209e        0x2 
 .text.HAL_MspInit
                0x00000000080020a0       0x50 ./Core/Src/stm32f4xx_hal_msp.o
                0x00000000080020a0                HAL_MspInit
 .text.HAL_SPI_MspInit
                0x00000000080020f0       0xd0 ./Core/Src/stm32f4xx_hal_msp.o
                0x00000000080020f0                HAL_SPI_MspInit
 .text.HAL_TIM_Base_MspInit
                0x00000000080021c0       0x4c ./Core/Src/stm32f4xx_hal_msp.o
                0x00000000080021c0                HAL_TIM_Base_MspInit
 .text.HAL_UART_MspInit
                0x000000000800220c      0x118 ./Core/Src/stm32f4xx_hal_msp.o
                0x000000000800220c                HAL_UART_MspInit
 .text.HAL_UART_MspDeInit
                0x0000000008002324       0x6c ./Core/Src/stm32f4xx_hal_msp.o
                0x0000000008002324                HAL_UART_MspDeInit
 .text.NMI_Handler
                0x0000000008002390        0x6 ./Core/Src/stm32f4xx_it.o
                0x0000000008002390                NMI_Handler
 .text.HardFault_Handler
                0x0000000008002396        0x6 ./Core/Src/stm32f4xx_it.o
                0x0000000008002396                HardFault_Handler
 .text.MemManage_Handler
                0x000000000800239c        0x6 ./Core/Src/stm32f4xx_it.o
                0x000000000800239c                MemManage_Handler
 .text.BusFault_Handler
                0x00000000080023a2        0x6 ./Core/Src/stm32f4xx_it.o
                0x00000000080023a2                BusFault_Handler
 .text.UsageFault_Handler
                0x00000000080023a8        0x6 ./Core/Src/stm32f4xx_it.o
                0x00000000080023a8                UsageFault_Handler
 .text.SVC_Handler
                0x00000000080023ae        0xe ./Core/Src/stm32f4xx_it.o
                0x00000000080023ae                SVC_Handler
 .text.DebugMon_Handler
                0x00000000080023bc        0xe ./Core/Src/stm32f4xx_it.o
                0x00000000080023bc                DebugMon_Handler
 .text.PendSV_Handler
                0x00000000080023ca        0xe ./Core/Src/stm32f4xx_it.o
                0x00000000080023ca                PendSV_Handler
 .text.TIM2_IRQHandler
                0x00000000080023d8       0x14 ./Core/Src/stm32f4xx_it.o
                0x00000000080023d8                TIM2_IRQHandler
 .text.USART1_IRQHandler
                0x00000000080023ec       0x14 ./Core/Src/stm32f4xx_it.o
                0x00000000080023ec                USART1_IRQHandler
 .text.USART2_IRQHandler
                0x0000000008002400       0x14 ./Core/Src/stm32f4xx_it.o
                0x0000000008002400                USART2_IRQHandler
 .text._getpid  0x0000000008002414       0x10 ./Core/Src/syscalls.o
                0x0000000008002414                _getpid
 .text._kill    0x0000000008002424       0x20 ./Core/Src/syscalls.o
                0x0000000008002424                _kill
 .text._exit    0x0000000008002444       0x14 ./Core/Src/syscalls.o
                0x0000000008002444                _exit
 .text._read    0x0000000008002458       0x3a ./Core/Src/syscalls.o
                0x0000000008002458                _read
 .text._write   0x0000000008002492       0x38 ./Core/Src/syscalls.o
                0x0000000008002492                _write
 .text._close   0x00000000080024ca       0x18 ./Core/Src/syscalls.o
                0x00000000080024ca                _close
 .text._fstat   0x00000000080024e2       0x20 ./Core/Src/syscalls.o
                0x00000000080024e2                _fstat
 .text._isatty  0x0000000008002502       0x16 ./Core/Src/syscalls.o
                0x0000000008002502                _isatty
 .text._lseek   0x0000000008002518       0x1a ./Core/Src/syscalls.o
                0x0000000008002518                _lseek
 *fill*         0x0000000008002532        0x2 
 .text._sbrk    0x0000000008002534       0x6c ./Core/Src/sysmem.o
                0x0000000008002534                _sbrk
 .text.SystemInit
                0x00000000080025a0       0x24 ./Core/Src/system_stm32f4xx.o
                0x00000000080025a0                SystemInit
 .text.Reset_Handler
                0x00000000080025c4       0x50 ./Core/Startup/startup_stm32f411ceux.o
                0x00000000080025c4                Reset_Handler
 .text.Default_Handler
                0x0000000008002614        0x2 ./Core/Startup/startup_stm32f411ceux.o
                0x0000000008002614                RTC_Alarm_IRQHandler
                0x0000000008002614                EXTI2_IRQHandler
                0x0000000008002614                SPI4_IRQHandler
                0x0000000008002614                TIM1_CC_IRQHandler
                0x0000000008002614                DMA2_Stream5_IRQHandler
                0x0000000008002614                DMA1_Stream5_IRQHandler
                0x0000000008002614                PVD_IRQHandler
                0x0000000008002614                SDIO_IRQHandler
                0x0000000008002614                TAMP_STAMP_IRQHandler
                0x0000000008002614                EXTI3_IRQHandler
                0x0000000008002614                TIM1_UP_TIM10_IRQHandler
                0x0000000008002614                I2C3_ER_IRQHandler
                0x0000000008002614                EXTI0_IRQHandler
                0x0000000008002614                I2C2_EV_IRQHandler
                0x0000000008002614                DMA1_Stream2_IRQHandler
                0x0000000008002614                FPU_IRQHandler
                0x0000000008002614                DMA2_Stream2_IRQHandler
                0x0000000008002614                SPI1_IRQHandler
                0x0000000008002614                TIM1_BRK_TIM9_IRQHandler
                0x0000000008002614                DMA2_Stream3_IRQHandler
                0x0000000008002614                USART6_IRQHandler
                0x0000000008002614                DMA2_Stream0_IRQHandler
                0x0000000008002614                TIM4_IRQHandler
                0x0000000008002614                I2C1_EV_IRQHandler
                0x0000000008002614                DMA1_Stream6_IRQHandler
                0x0000000008002614                DMA1_Stream1_IRQHandler
                0x0000000008002614                TIM3_IRQHandler
                0x0000000008002614                RCC_IRQHandler
                0x0000000008002614                Default_Handler
                0x0000000008002614                EXTI15_10_IRQHandler
                0x0000000008002614                ADC_IRQHandler
                0x0000000008002614                DMA1_Stream7_IRQHandler
                0x0000000008002614                SPI5_IRQHandler
                0x0000000008002614                TIM5_IRQHandler
                0x0000000008002614                DMA2_Stream7_IRQHandler
                0x0000000008002614                I2C3_EV_IRQHandler
                0x0000000008002614                EXTI9_5_IRQHandler
                0x0000000008002614                RTC_WKUP_IRQHandler
                0x0000000008002614                SPI2_IRQHandler
                0x0000000008002614                DMA1_Stream0_IRQHandler
                0x0000000008002614                EXTI4_IRQHandler
                0x0000000008002614                WWDG_IRQHandler
                0x0000000008002614                OTG_FS_WKUP_IRQHandler
                0x0000000008002614                TIM1_TRG_COM_TIM11_IRQHandler
                0x0000000008002614                EXTI1_IRQHandler
                0x0000000008002614                I2C2_ER_IRQHandler
                0x0000000008002614                DMA2_Stream1_IRQHandler
                0x0000000008002614                FLASH_IRQHandler
                0x0000000008002614                DMA2_Stream4_IRQHandler
                0x0000000008002614                OTG_FS_IRQHandler
                0x0000000008002614                SPI3_IRQHandler
                0x0000000008002614                DMA1_Stream4_IRQHandler
                0x0000000008002614                I2C1_ER_IRQHandler
                0x0000000008002614                DMA2_Stream6_IRQHandler
                0x0000000008002614                DMA1_Stream3_IRQHandler
 *fill*         0x0000000008002616        0x2 
 .text.HAL_Init
                0x0000000008002618       0x44 ./Drivers/STM32F4xx_HAL_Driver/Src/stm32f4xx_hal.o
                0x0000000008002618                HAL_Init
 .text.HAL_InitTick
                0x000000000800265c       0x60 ./Drivers/STM32F4xx_HAL_Driver/Src/stm32f4xx_hal.o
                0x000000000800265c                HAL_InitTick
 .text.HAL_IncTick
                0x00000000080026bc       0x28 ./Drivers/STM32F4xx_HAL_Driver/Src/stm32f4xx_hal.o
                0x00000000080026bc                HAL_IncTick
 .text.HAL_GetTick
                0x00000000080026e4       0x18 ./Drivers/STM32F4xx_HAL_Driver/Src/stm32f4xx_hal.o
                0x00000000080026e4                HAL_GetTick
 .text.HAL_Delay
                0x00000000080026fc       0x48 ./Drivers/STM32F4xx_HAL_Driver/Src/stm32f4xx_hal.o
                0x00000000080026fc                HAL_Delay
 .text.__NVIC_SetPriorityGrouping
                0x0000000008002744       0x48 ./Drivers/STM32F4xx_HAL_Driver/Src/stm32f4xx_hal_cortex.o
 .text.__NVIC_GetPriorityGrouping
                0x000000000800278c       0x1c ./Drivers/STM32F4xx_HAL_Driver/Src/stm32f4xx_hal_cortex.o
 .text.__NVIC_EnableIRQ
                0x00000000080027a8       0x3c ./Drivers/STM32F4xx_HAL_Driver/Src/stm32f4xx_hal_cortex.o
 .text.__NVIC_DisableIRQ
                0x00000000080027e4       0x48 ./Drivers/STM32F4xx_HAL_Driver/Src/stm32f4xx_hal_cortex.o
 .text.__NVIC_SetPriority
                0x000000000800282c       0x54 ./Drivers/STM32F4xx_HAL_Driver/Src/stm32f4xx_hal_cortex.o
 .text.NVIC_EncodePriority
                0x0000000008002880       0x66 ./Drivers/STM32F4xx_HAL_Driver/Src/stm32f4xx_hal_cortex.o
 *fill*         0x00000000080028e6        0x2 
 .text.SysTick_Config
                0x00000000080028e8       0x44 ./Drivers/STM32F4xx_HAL_Driver/Src/stm32f4xx_hal_cortex.o
 .text.HAL_NVIC_SetPriorityGrouping
                0x000000000800292c       0x16 ./Drivers/STM32F4xx_HAL_Driver/Src/stm32f4xx_hal_cortex.o
                0x000000000800292c                HAL_NVIC_SetPriorityGrouping
 .text.HAL_NVIC_SetPriority
                0x0000000008002942       0x38 ./Drivers/STM32F4xx_HAL_Driver/Src/stm32f4xx_hal_cortex.o
                0x0000000008002942                HAL_NVIC_SetPriority
 .text.HAL_NVIC_EnableIRQ
                0x000000000800297a       0x1c ./Drivers/STM32F4xx_HAL_Driver/Src/stm32f4xx_hal_cortex.o
                0x000000000800297a                HAL_NVIC_EnableIRQ
 .text.HAL_NVIC_DisableIRQ
                0x0000000008002996       0x1c ./Drivers/STM32F4xx_HAL_Driver/Src/stm32f4xx_hal_cortex.o
                0x0000000008002996                HAL_NVIC_DisableIRQ
 .text.HAL_SYSTICK_Config
                0x00000000080029b2       0x18 ./Drivers/STM32F4xx_HAL_Driver/Src/stm32f4xx_hal_cortex.o
                0x00000000080029b2                HAL_SYSTICK_Config
 .text.HAL_DMA_Abort
                0x00000000080029ca       0xe0 ./Drivers/STM32F4xx_HAL_Driver/Src/stm32f4xx_hal_dma.o
                0x00000000080029ca                HAL_DMA_Abort
 .text.HAL_DMA_Abort_IT
                0x0000000008002aaa       0x44 ./Drivers/STM32F4xx_HAL_Driver/Src/stm32f4xx_hal_dma.o
                0x0000000008002aaa                HAL_DMA_Abort_IT
 *fill*         0x0000000008002aee        0x2 
 .text.HAL_GPIO_Init
                0x0000000008002af0      0x308 ./Drivers/STM32F4xx_HAL_Driver/Src/stm32f4xx_hal_gpio.o
                0x0000000008002af0                HAL_GPIO_Init
 .text.HAL_GPIO_DeInit
                0x0000000008002df8      0x1c8 ./Drivers/STM32F4xx_HAL_Driver/Src/stm32f4xx_hal_gpio.o
                0x0000000008002df8                HAL_GPIO_DeInit
 .text.HAL_GPIO_WritePin
                0x0000000008002fc0       0x32 ./Drivers/STM32F4xx_HAL_Driver/Src/stm32f4xx_hal_gpio.o
                0x0000000008002fc0                HAL_GPIO_WritePin
 .text.HAL_GPIO_TogglePin
                0x0000000008002ff2       0x34 ./Drivers/STM32F4xx_HAL_Driver/Src/stm32f4xx_hal_gpio.o
                0x0000000008002ff2                HAL_GPIO_TogglePin
 *fill*         0x0000000008003026        0x2 
 .text.HAL_RCC_OscConfig
                0x0000000008003028      0x4f0 ./Drivers/STM32F4xx_HAL_Driver/Src/stm32f4xx_hal_rcc.o
                0x0000000008003028                HAL_RCC_OscConfig
 .text.HAL_RCC_ClockConfig
                0x0000000008003518      0x1cc ./Drivers/STM32F4xx_HAL_Driver/Src/stm32f4xx_hal_rcc.o
                0x0000000008003518                HAL_RCC_ClockConfig
 .text.HAL_RCC_GetSysClockFreq
                0x00000000080036e4      0x18c ./Drivers/STM32F4xx_HAL_Driver/Src/stm32f4xx_hal_rcc.o
                0x00000000080036e4                HAL_RCC_GetSysClockFreq
 .text.HAL_RCC_GetHCLKFreq
                0x0000000008003870       0x18 ./Drivers/STM32F4xx_HAL_Driver/Src/stm32f4xx_hal_rcc.o
                0x0000000008003870                HAL_RCC_GetHCLKFreq
 .text.HAL_RCC_GetPCLK1Freq
                0x0000000008003888       0x28 ./Drivers/STM32F4xx_HAL_Driver/Src/stm32f4xx_hal_rcc.o
                0x0000000008003888                HAL_RCC_GetPCLK1Freq
 .text.HAL_RCC_GetPCLK2Freq
                0x00000000080038b0       0x28 ./Drivers/STM32F4xx_HAL_Driver/Src/stm32f4xx_hal_rcc.o
                0x00000000080038b0                HAL_RCC_GetPCLK2Freq
 .text.HAL_SPI_Init
                0x00000000080038d8      0x112 ./Drivers/STM32F4xx_HAL_Driver/Src/stm32f4xx_hal_spi.o
                0x00000000080038d8                HAL_SPI_Init
 .text.HAL_SPI_TransmitReceive
                0x00000000080039ea      0x344 ./Drivers/STM32F4xx_HAL_Driver/Src/stm32f4xx_hal_spi.o
                0x00000000080039ea                HAL_SPI_TransmitReceive
 *fill*         0x0000000008003d2e        0x2 
 .text.SPI_WaitFlagStateUntilTimeout
                0x0000000008003d30      0x110 ./Drivers/STM32F4xx_HAL_Driver/Src/stm32f4xx_hal_spi.o
 .text.SPI_EndRxTxTransaction
                0x0000000008003e40       0x84 ./Drivers/STM32F4xx_HAL_Driver/Src/stm32f4xx_hal_spi.o
 .text.HAL_TIM_Base_Init
                0x0000000008003ec4       0x9e ./Drivers/STM32F4xx_HAL_Driver/Src/stm32f4xx_hal_tim.o
                0x0000000008003ec4                HAL_TIM_Base_Init
 .text.HAL_TIM_OC_Init
                0x0000000008003f62       0x9e ./Drivers/STM32F4xx_HAL_Driver/Src/stm32f4xx_hal_tim.o
                0x0000000008003f62                HAL_TIM_OC_Init
 .text.HAL_TIM_OC_MspInit
                0x0000000008004000       0x14 ./Drivers/STM32F4xx_HAL_Driver/Src/stm32f4xx_hal_tim.o
                0x0000000008004000                HAL_TIM_OC_MspInit
 .text.HAL_TIM_OC_Start_IT
                0x0000000008004014      0x1fc ./Drivers/STM32F4xx_HAL_Driver/Src/stm32f4xx_hal_tim.o
                0x0000000008004014                HAL_TIM_OC_Start_IT
 .text.HAL_TIM_OC_Stop_IT
                0x0000000008004210      0x164 ./Drivers/STM32F4xx_HAL_Driver/Src/stm32f4xx_hal_tim.o
                0x0000000008004210                HAL_TIM_OC_Stop_IT
 .text.HAL_TIM_OnePulse_Init
                0x0000000008004374       0xa0 ./Drivers/STM32F4xx_HAL_Driver/Src/stm32f4xx_hal_tim.o
                0x0000000008004374                HAL_TIM_OnePulse_Init
 .text.HAL_TIM_OnePulse_MspInit
                0x0000000008004414       0x14 ./Drivers/STM32F4xx_HAL_Driver/Src/stm32f4xx_hal_tim.o
                0x0000000008004414                HAL_TIM_OnePulse_MspInit
 .text.HAL_TIM_IRQHandler
                0x0000000008004428      0x210 ./Drivers/STM32F4xx_HAL_Driver/Src/stm32f4xx_hal_tim.o
                0x0000000008004428                HAL_TIM_IRQHandler
 .text.HAL_TIM_OC_ConfigChannel
                0x0000000008004638       0xb8 ./Drivers/STM32F4xx_HAL_Driver/Src/stm32f4xx_hal_tim.o
                0x0000000008004638                HAL_TIM_OC_ConfigChannel
 .text.HAL_TIM_ConfigClockSource
                0x00000000080046f0      0x18e ./Drivers/STM32F4xx_HAL_Driver/Src/stm32f4xx_hal_tim.o
                0x00000000080046f0                HAL_TIM_ConfigClockSource
 .text.HAL_TIM_PeriodElapsedCallback
                0x000000000800487e       0x14 ./Drivers/STM32F4xx_HAL_Driver/Src/stm32f4xx_hal_tim.o
                0x000000000800487e                HAL_TIM_PeriodElapsedCallback
 .text.HAL_TIM_IC_CaptureCallback
                0x0000000008004892       0x14 ./Drivers/STM32F4xx_HAL_Driver/Src/stm32f4xx_hal_tim.o
                0x0000000008004892                HAL_TIM_IC_CaptureCallback
 .text.HAL_TIM_PWM_PulseFinishedCallback
                0x00000000080048a6       0x14 ./Drivers/STM32F4xx_HAL_Driver/Src/stm32f4xx_hal_tim.o
                0x00000000080048a6                HAL_TIM_PWM_PulseFinishedCallback
 .text.HAL_TIM_TriggerCallback
                0x00000000080048ba       0x14 ./Drivers/STM32F4xx_HAL_Driver/Src/stm32f4xx_hal_tim.o
                0x00000000080048ba                HAL_TIM_TriggerCallback
 *fill*         0x00000000080048ce        0x2 
 .text.TIM_Base_SetConfig
                0x00000000080048d0      0x100 ./Drivers/STM32F4xx_HAL_Driver/Src/stm32f4xx_hal_tim.o
                0x00000000080048d0                TIM_Base_SetConfig
 .text.TIM_OC1_SetConfig
                0x00000000080049d0       0xcc ./Drivers/STM32F4xx_HAL_Driver/Src/stm32f4xx_hal_tim.o
 .text.TIM_OC2_SetConfig
                0x0000000008004a9c       0xd8 ./Drivers/STM32F4xx_HAL_Driver/Src/stm32f4xx_hal_tim.o
                0x0000000008004a9c                TIM_OC2_SetConfig
 .text.TIM_OC3_SetConfig
                0x0000000008004b74       0xd4 ./Drivers/STM32F4xx_HAL_Driver/Src/stm32f4xx_hal_tim.o
 .text.TIM_OC4_SetConfig
                0x0000000008004c48       0xa0 ./Drivers/STM32F4xx_HAL_Driver/Src/stm32f4xx_hal_tim.o
 .text.TIM_TI1_ConfigInputStage
                0x0000000008004ce8       0x5e ./Drivers/STM32F4xx_HAL_Driver/Src/stm32f4xx_hal_tim.o
 .text.TIM_TI2_ConfigInputStage
                0x0000000008004d46       0x60 ./Drivers/STM32F4xx_HAL_Driver/Src/stm32f4xx_hal_tim.o
 .text.TIM_ITRx_SetConfig
                0x0000000008004da6       0x36 ./Drivers/STM32F4xx_HAL_Driver/Src/stm32f4xx_hal_tim.o
 .text.TIM_ETR_SetConfig
                0x0000000008004ddc       0x40 ./Drivers/STM32F4xx_HAL_Driver/Src/stm32f4xx_hal_tim.o
                0x0000000008004ddc                TIM_ETR_SetConfig
 .text.TIM_CCxChannelCmd
                0x0000000008004e1c       0x4a ./Drivers/STM32F4xx_HAL_Driver/Src/stm32f4xx_hal_tim.o
                0x0000000008004e1c                TIM_CCxChannelCmd
 *fill*         0x0000000008004e66        0x2 
 .text.HAL_TIMEx_MasterConfigSynchronization
                0x0000000008004e68       0xdc ./Drivers/STM32F4xx_HAL_Driver/Src/stm32f4xx_hal_tim_ex.o
                0x0000000008004e68                HAL_TIMEx_MasterConfigSynchronization
 .text.HAL_TIMEx_CommutCallback
                0x0000000008004f44       0x14 ./Drivers/STM32F4xx_HAL_Driver/Src/stm32f4xx_hal_tim_ex.o
                0x0000000008004f44                HAL_TIMEx_CommutCallback
 .text.HAL_TIMEx_BreakCallback
                0x0000000008004f58       0x14 ./Drivers/STM32F4xx_HAL_Driver/Src/stm32f4xx_hal_tim_ex.o
                0x0000000008004f58                HAL_TIMEx_BreakCallback
 .text.HAL_UART_Init
                0x0000000008004f6c       0x9a ./Drivers/STM32F4xx_HAL_Driver/Src/stm32f4xx_hal_uart.o
                0x0000000008004f6c                HAL_UART_Init
 .text.HAL_UART_DeInit
                0x0000000008005006       0x5e ./Drivers/STM32F4xx_HAL_Driver/Src/stm32f4xx_hal_uart.o
                0x0000000008005006                HAL_UART_DeInit
 .text.HAL_UART_Transmit
                0x0000000008005064      0x124 ./Drivers/STM32F4xx_HAL_Driver/Src/stm32f4xx_hal_uart.o
                0x0000000008005064                HAL_UART_Transmit
 .text.HAL_UART_Transmit_IT
                0x0000000008005188       0x8a ./Drivers/STM32F4xx_HAL_Driver/Src/stm32f4xx_hal_uart.o
                0x0000000008005188                HAL_UART_Transmit_IT
 .text.HAL_UART_Receive_IT
                0x0000000008005212       0x60 ./Drivers/STM32F4xx_HAL_Driver/Src/stm32f4xx_hal_uart.o
                0x0000000008005212                HAL_UART_Receive_IT
 *fill*         0x0000000008005272        0x2 
 .text.HAL_UART_IRQHandler
                0x0000000008005274      0x51c ./Drivers/STM32F4xx_HAL_Driver/Src/stm32f4xx_hal_uart.o
                0x0000000008005274                HAL_UART_IRQHandler
 .text.HAL_UART_TxCpltCallback
                0x0000000008005790       0x14 ./Drivers/STM32F4xx_HAL_Driver/Src/stm32f4xx_hal_uart.o
                0x0000000008005790                HAL_UART_TxCpltCallback
 .text.HAL_UARTEx_RxEventCallback
                0x00000000080057a4       0x18 ./Drivers/STM32F4xx_HAL_Driver/Src/stm32f4xx_hal_uart.o
                0x00000000080057a4                HAL_UARTEx_RxEventCallback
 .text.UART_WaitOnFlagUntilTimeout
                0x00000000080057bc       0xdc ./Drivers/STM32F4xx_HAL_Driver/Src/stm32f4xx_hal_uart.o
 .text.UART_Start_Receive_IT
                0x0000000008005898       0x7c ./Drivers/STM32F4xx_HAL_Driver/Src/stm32f4xx_hal_uart.o
                0x0000000008005898                UART_Start_Receive_IT
 .text.UART_EndRxTransfer
                0x0000000008005914       0xc6 ./Drivers/STM32F4xx_HAL_Driver/Src/stm32f4xx_hal_uart.o
 .text.UART_DMAAbortOnError
                0x00000000080059da       0x28 ./Drivers/STM32F4xx_HAL_Driver/Src/stm32f4xx_hal_uart.o
 .text.UART_Transmit_IT
                0x0000000008005a02       0xa0 ./Drivers/STM32F4xx_HAL_Driver/Src/stm32f4xx_hal_uart.o
 .text.UART_EndTransmit_IT
                0x0000000008005aa2       0x30 ./Drivers/STM32F4xx_HAL_Driver/Src/stm32f4xx_hal_uart.o
 .text.UART_Receive_IT
                0x0000000008005ad2      0x176 ./Drivers/STM32F4xx_HAL_Driver/Src/stm32f4xx_hal_uart.o
 .text.UART_SetConfig
                0x0000000008005c48      0x4e8 ./Drivers/STM32F4xx_HAL_Driver/Src/stm32f4xx_hal_uart.o
 .text.NOP      0x0000000008006130       0x2c ./ESP8266/ESP8266_Chelo.o
                0x0000000008006130                NOP
 .text.Cambiar_CWMODE
                0x000000000800615c       0x2c ./ESP8266/ESP8266_Chelo.o
                0x000000000800615c                Cambiar_CWMODE
 .text.ConectarWIFI
                0x0000000008006188       0x2c ./ESP8266/ESP8266_Chelo.o
                0x0000000008006188                ConectarWIFI
 .text.MUX      0x00000000080061b4       0x2c ./ESP8266/ESP8266_Chelo.o
                0x00000000080061b4                MUX
 .text.IPDef    0x00000000080061e0       0x2c ./ESP8266/ESP8266_Chelo.o
                0x00000000080061e0                IPDef
 .text.DesconectarWIFI
                0x000000000800620c       0x2c ./ESP8266/ESP8266_Chelo.o
                0x000000000800620c                DesconectarWIFI
 .text.ConectarTCP
                0x0000000008006238       0x2c ./ESP8266/ESP8266_Chelo.o
                0x0000000008006238                ConectarTCP
 .text.CrearServidorTCP
                0x0000000008006264       0x2c ./ESP8266/ESP8266_Chelo.o
                0x0000000008006264                CrearServidorTCP
 .text.EnviarDatosSRVR
                0x0000000008006290       0x2c ./ESP8266/ESP8266_Chelo.o
                0x0000000008006290                EnviarDatosSRVR
 .text.EnviarDatos
                0x00000000080062bc       0x2c ./ESP8266/ESP8266_Chelo.o
                0x00000000080062bc                EnviarDatos
 .text.Inicializar
                0x00000000080062e8      0x19e ./ESP8266/ESP8266_Chelo.o
                0x00000000080062e8                Inicializar
 *fill*         0x0000000008006486        0x2 
 .text.AT_ESP8266_ND
                0x0000000008006488     0x3550 ./ESP8266/ESP8266_Chelo.o
                0x0000000008006488                AT_ESP8266_ND
 .text.WiFi_Conn_ND
                0x00000000080099d8     0x19c0 ./ESP8266/ESP8266_Chelo.o
                0x00000000080099d8                WiFi_Conn_ND
 .text.httpPOST
                0x000000000800b398      0x714 ./HTTP/http.o
                0x000000000800b398                httpPOST
 .text.ModBUS_Config
                0x000000000800baac       0xa8 ./ModBUS/ModBUS_Chelo.o
                0x000000000800baac                ModBUS_Config
 .text.ModBUS_Check
                0x000000000800bb54       0x3e ./ModBUS/ModBUS_Chelo.o
                0x000000000800bb54                ModBUS_Check
 .text.ModBUS_Check_tid
                0x000000000800bb92       0x60 ./ModBUS/ModBUS_Chelo.o
                0x000000000800bb92                ModBUS_Check_tid
 .text.ModBUS_F03_Assign
                0x000000000800bbf2       0x58 ./ModBUS/ModBUS_Chelo.o
                0x000000000800bbf2                ModBUS_F03_Assign
 .text.ModBUS_F03_Read
                0x000000000800bc4a       0x5c ./ModBUS/ModBUS_Chelo.o
                0x000000000800bc4a                ModBUS_F03_Read
 .text.ModBUS_F03_Request
                0x000000000800bca6       0xac ./ModBUS/ModBUS_Chelo.o
                0x000000000800bca6                ModBUS_F03_Request
 *fill*         0x000000000800bd52        0x2 
 .text.ModBUS   0x000000000800bd54     0x13d4 ./ModBUS/ModBUS_Chelo.o
                0x000000000800bd54                ModBUS
 .text.SPI_ETH  0x000000000800d128       0x4e ./STM32_ETH_W5100/ETH_W5100.o
                0x000000000800d128                SPI_ETH
 .text.SPI_ETH_REG
                0x000000000800d176       0xf0 ./STM32_ETH_W5100/ETH_W5100.o
                0x000000000800d176                SPI_ETH_REG
 .text.SPI_ETH_WR_REG_16
                0x000000000800d266       0x78 ./STM32_ETH_W5100/ETH_W5100.o
                0x000000000800d266                SPI_ETH_WR_REG_16
 .text.SPI_ETH_RD_RCV_REG_16
                0x000000000800d2de       0x7a ./STM32_ETH_W5100/ETH_W5100.o
                0x000000000800d2de                SPI_ETH_RD_RCV_REG_16
 .text.SPI_ETH_WR_TX_REG_16
                0x000000000800d358       0x74 ./STM32_ETH_W5100/ETH_W5100.o
                0x000000000800d358                SPI_ETH_WR_TX_REG_16
 .text.eth_wr_SOCKET_CMD
                0x000000000800d3cc       0x3c ./STM32_ETH_W5100/ETH_W5100.o
                0x000000000800d3cc                eth_wr_SOCKET_CMD
 .text.eth_wr_SOCKET_MODE
                0x000000000800d408       0x3c ./STM32_ETH_W5100/ETH_W5100.o
                0x000000000800d408                eth_wr_SOCKET_MODE
 .text.eth_init
                0x000000000800d444       0xf4 ./STM32_ETH_W5100/ETH_W5100.o
                0x000000000800d444                eth_init
 .text.eth_socket_init
                0x000000000800d538       0xf8 ./STM32_ETH_W5100/ETH_W5100.o
                0x000000000800d538                eth_socket_init
 .text.eth_rd_SOCKET_STAT
                0x000000000800d630       0x3a ./STM32_ETH_W5100/ETH_W5100.o
                0x000000000800d630                eth_rd_SOCKET_STAT
 .text.eth_rd_SOCKET_CMD
                0x000000000800d66a       0x3a ./STM32_ETH_W5100/ETH_W5100.o
                0x000000000800d66a                eth_rd_SOCKET_CMD
 .text.eth_rd_SOCKET_DATA
                0x000000000800d6a4      0x1a0 ./STM32_ETH_W5100/ETH_W5100.o
                0x000000000800d6a4                eth_rd_SOCKET_DATA
 .text.eth_wr_SOCKET_DATA
                0x000000000800d844      0x1c8 ./STM32_ETH_W5100/ETH_W5100.o
                0x000000000800d844                eth_wr_SOCKET_DATA
 .text.FT_String_ND
                0x000000000800da0c      0x690 ./STRING/STR_Chelo.o
                0x000000000800da0c                FT_String_ND
 .text.INTOA    0x000000000800e09c       0x68 ./STRING/STR_Chelo.o
                0x000000000800e09c                INTOA
 .text.CopiaVector
                0x000000000800e104       0x96 ./STRING/STR_Chelo.o
                0x000000000800e104                CopiaVector
 .text.atoi     0x000000000800e19a        0x8 C:/ST/STM32CubeIDE_1.13.1/STM32CubeIDE/plugins/com.st.stm32cube.ide.mcu.externaltools.gnu-tools-for-stm32.11.3.rel1.win32_1.1.0.202305231506/tools/bin/../lib/gcc/arm-none-eabi/11.3.1/../../../../arm-none-eabi/lib/thumb/v7e-m+fp/hard\libc_nano.a(libc_a-atoi.o)
                0x000000000800e19a                atoi
 *fill*         0x000000000800e1a2        0x2 
 .text._strtol_l.constprop.0
                0x000000000800e1a4      0x104 C:/ST/STM32CubeIDE_1.13.1/STM32CubeIDE/plugins/com.st.stm32cube.ide.mcu.externaltools.gnu-tools-for-stm32.11.3.rel1.win32_1.1.0.202305231506/tools/bin/../lib/gcc/arm-none-eabi/11.3.1/../../../../arm-none-eabi/lib/thumb/v7e-m+fp/hard\libc_nano.a(libc_a-strtol.o)
 .text.strtol   0x000000000800e2a8       0x14 C:/ST/STM32CubeIDE_1.13.1/STM32CubeIDE/plugins/com.st.stm32cube.ide.mcu.externaltools.gnu-tools-for-stm32.11.3.rel1.win32_1.1.0.202305231506/tools/bin/../lib/gcc/arm-none-eabi/11.3.1/../../../../arm-none-eabi/lib/thumb/v7e-m+fp/hard\libc_nano.a(libc_a-strtol.o)
                0x000000000800e2a8                strtol
 .text.std      0x000000000800e2bc       0x48 C:/ST/STM32CubeIDE_1.13.1/STM32CubeIDE/plugins/com.st.stm32cube.ide.mcu.externaltools.gnu-tools-for-stm32.11.3.rel1.win32_1.1.0.202305231506/tools/bin/../lib/gcc/arm-none-eabi/11.3.1/../../../../arm-none-eabi/lib/thumb/v7e-m+fp/hard\libc_nano.a(libc_a-findfp.o)
 .text.stdio_exit_handler
                0x000000000800e304       0x18 C:/ST/STM32CubeIDE_1.13.1/STM32CubeIDE/plugins/com.st.stm32cube.ide.mcu.externaltools.gnu-tools-for-stm32.11.3.rel1.win32_1.1.0.202305231506/tools/bin/../lib/gcc/arm-none-eabi/11.3.1/../../../../arm-none-eabi/lib/thumb/v7e-m+fp/hard\libc_nano.a(libc_a-findfp.o)
 .text.cleanup_stdio
                0x000000000800e31c       0x40 C:/ST/STM32CubeIDE_1.13.1/STM32CubeIDE/plugins/com.st.stm32cube.ide.mcu.externaltools.gnu-tools-for-stm32.11.3.rel1.win32_1.1.0.202305231506/tools/bin/../lib/gcc/arm-none-eabi/11.3.1/../../../../arm-none-eabi/lib/thumb/v7e-m+fp/hard\libc_nano.a(libc_a-findfp.o)
 .text.global_stdio_init.part.0
                0x000000000800e35c       0x3c C:/ST/STM32CubeIDE_1.13.1/STM32CubeIDE/plugins/com.st.stm32cube.ide.mcu.externaltools.gnu-tools-for-stm32.11.3.rel1.win32_1.1.0.202305231506/tools/bin/../lib/gcc/arm-none-eabi/11.3.1/../../../../arm-none-eabi/lib/thumb/v7e-m+fp/hard\libc_nano.a(libc_a-findfp.o)
 .text.__sfp_lock_acquire
                0x000000000800e398        0xc C:/ST/STM32CubeIDE_1.13.1/STM32CubeIDE/plugins/com.st.stm32cube.ide.mcu.externaltools.gnu-tools-for-stm32.11.3.rel1.win32_1.1.0.202305231506/tools/bin/../lib/gcc/arm-none-eabi/11.3.1/../../../../arm-none-eabi/lib/thumb/v7e-m+fp/hard\libc_nano.a(libc_a-findfp.o)
                0x000000000800e398                __sfp_lock_acquire
 .text.__sfp_lock_release
                0x000000000800e3a4        0xc C:/ST/STM32CubeIDE_1.13.1/STM32CubeIDE/plugins/com.st.stm32cube.ide.mcu.externaltools.gnu-tools-for-stm32.11.3.rel1.win32_1.1.0.202305231506/tools/bin/../lib/gcc/arm-none-eabi/11.3.1/../../../../arm-none-eabi/lib/thumb/v7e-m+fp/hard\libc_nano.a(libc_a-findfp.o)
                0x000000000800e3a4                __sfp_lock_release
 .text.__sinit  0x000000000800e3b0       0x30 C:/ST/STM32CubeIDE_1.13.1/STM32CubeIDE/plugins/com.st.stm32cube.ide.mcu.externaltools.gnu-tools-for-stm32.11.3.rel1.win32_1.1.0.202305231506/tools/bin/../lib/gcc/arm-none-eabi/11.3.1/../../../../arm-none-eabi/lib/thumb/v7e-m+fp/hard\libc_nano.a(libc_a-findfp.o)
                0x000000000800e3b0                __sinit
 .text._fwalk_sglue
                0x000000000800e3e0       0x3c C:/ST/STM32CubeIDE_1.13.1/STM32CubeIDE/plugins/com.st.stm32cube.ide.mcu.externaltools.gnu-tools-for-stm32.11.3.rel1.win32_1.1.0.202305231506/tools/bin/../lib/gcc/arm-none-eabi/11.3.1/../../../../arm-none-eabi/lib/thumb/v7e-m+fp/hard\libc_nano.a(libc_a-fwalk.o)
                0x000000000800e3e0                _fwalk_sglue
 .text.sprintf  0x000000000800e41c       0x40 C:/ST/STM32CubeIDE_1.13.1/STM32CubeIDE/plugins/com.st.stm32cube.ide.mcu.externaltools.gnu-tools-for-stm32.11.3.rel1.win32_1.1.0.202305231506/tools/bin/../lib/gcc/arm-none-eabi/11.3.1/../../../../arm-none-eabi/lib/thumb/v7e-m+fp/hard\libc_nano.a(libc_a-sprintf.o)
                0x000000000800e41c                siprintf
                0x000000000800e41c                sprintf
 .text.__sread  0x000000000800e45c       0x22 C:/ST/STM32CubeIDE_1.13.1/STM32CubeIDE/plugins/com.st.stm32cube.ide.mcu.externaltools.gnu-tools-for-stm32.11.3.rel1.win32_1.1.0.202305231506/tools/bin/../lib/gcc/arm-none-eabi/11.3.1/../../../../arm-none-eabi/lib/thumb/v7e-m+fp/hard\libc_nano.a(libc_a-stdio.o)
                0x000000000800e45c                __sread
 .text.__swrite
                0x000000000800e47e       0x38 C:/ST/STM32CubeIDE_1.13.1/STM32CubeIDE/plugins/com.st.stm32cube.ide.mcu.externaltools.gnu-tools-for-stm32.11.3.rel1.win32_1.1.0.202305231506/tools/bin/../lib/gcc/arm-none-eabi/11.3.1/../../../../arm-none-eabi/lib/thumb/v7e-m+fp/hard\libc_nano.a(libc_a-stdio.o)
                0x000000000800e47e                __swrite
 .text.__sseek  0x000000000800e4b6       0x24 C:/ST/STM32CubeIDE_1.13.1/STM32CubeIDE/plugins/com.st.stm32cube.ide.mcu.externaltools.gnu-tools-for-stm32.11.3.rel1.win32_1.1.0.202305231506/tools/bin/../lib/gcc/arm-none-eabi/11.3.1/../../../../arm-none-eabi/lib/thumb/v7e-m+fp/hard\libc_nano.a(libc_a-stdio.o)
                0x000000000800e4b6                __sseek
 .text.__sclose
                0x000000000800e4da        0x8 C:/ST/STM32CubeIDE_1.13.1/STM32CubeIDE/plugins/com.st.stm32cube.ide.mcu.externaltools.gnu-tools-for-stm32.11.3.rel1.win32_1.1.0.202305231506/tools/bin/../lib/gcc/arm-none-eabi/11.3.1/../../../../arm-none-eabi/lib/thumb/v7e-m+fp/hard\libc_nano.a(libc_a-stdio.o)
                0x000000000800e4da                __sclose
 .text.memset   0x000000000800e4e2       0x10 C:/ST/STM32CubeIDE_1.13.1/STM32CubeIDE/plugins/com.st.stm32cube.ide.mcu.externaltools.gnu-tools-for-stm32.11.3.rel1.win32_1.1.0.202305231506/tools/bin/../lib/gcc/arm-none-eabi/11.3.1/../../../../arm-none-eabi/lib/thumb/v7e-m+fp/hard\libc_nano.a(libc_a-memset.o)
                0x000000000800e4e2                memset
 .text.strncat  0x000000000800e4f2       0x26 C:/ST/STM32CubeIDE_1.13.1/STM32CubeIDE/plugins/com.st.stm32cube.ide.mcu.externaltools.gnu-tools-for-stm32.11.3.rel1.win32_1.1.0.202305231506/tools/bin/../lib/gcc/arm-none-eabi/11.3.1/../../../../arm-none-eabi/lib/thumb/v7e-m+fp/hard\libc_nano.a(libc_a-strncat.o)
                0x000000000800e4f2                strncat
 .text.strtok   0x000000000800e518       0x68 C:/ST/STM32CubeIDE_1.13.1/STM32CubeIDE/plugins/com.st.stm32cube.ide.mcu.externaltools.gnu-tools-for-stm32.11.3.rel1.win32_1.1.0.202305231506/tools/bin/../lib/gcc/arm-none-eabi/11.3.1/../../../../arm-none-eabi/lib/thumb/v7e-m+fp/hard\libc_nano.a(libc_a-strtok.o)
                0x000000000800e518                strtok
 .text.__strtok_r
                0x000000000800e580       0x50 C:/ST/STM32CubeIDE_1.13.1/STM32CubeIDE/plugins/com.st.stm32cube.ide.mcu.externaltools.gnu-tools-for-stm32.11.3.rel1.win32_1.1.0.202305231506/tools/bin/../lib/gcc/arm-none-eabi/11.3.1/../../../../arm-none-eabi/lib/thumb/v7e-m+fp/hard\libc_nano.a(libc_a-strtok_r.o)
                0x000000000800e580                __strtok_r
 .text._close_r
                0x000000000800e5d0       0x20 C:/ST/STM32CubeIDE_1.13.1/STM32CubeIDE/plugins/com.st.stm32cube.ide.mcu.externaltools.gnu-tools-for-stm32.11.3.rel1.win32_1.1.0.202305231506/tools/bin/../lib/gcc/arm-none-eabi/11.3.1/../../../../arm-none-eabi/lib/thumb/v7e-m+fp/hard\libc_nano.a(libc_a-closer.o)
                0x000000000800e5d0                _close_r
 .text._lseek_r
                0x000000000800e5f0       0x24 C:/ST/STM32CubeIDE_1.13.1/STM32CubeIDE/plugins/com.st.stm32cube.ide.mcu.externaltools.gnu-tools-for-stm32.11.3.rel1.win32_1.1.0.202305231506/tools/bin/../lib/gcc/arm-none-eabi/11.3.1/../../../../arm-none-eabi/lib/thumb/v7e-m+fp/hard\libc_nano.a(libc_a-lseekr.o)
                0x000000000800e5f0                _lseek_r
 .text._read_r  0x000000000800e614       0x24 C:/ST/STM32CubeIDE_1.13.1/STM32CubeIDE/plugins/com.st.stm32cube.ide.mcu.externaltools.gnu-tools-for-stm32.11.3.rel1.win32_1.1.0.202305231506/tools/bin/../lib/gcc/arm-none-eabi/11.3.1/../../../../arm-none-eabi/lib/thumb/v7e-m+fp/hard\libc_nano.a(libc_a-readr.o)
                0x000000000800e614                _read_r
 .text._write_r
                0x000000000800e638       0x24 C:/ST/STM32CubeIDE_1.13.1/STM32CubeIDE/plugins/com.st.stm32cube.ide.mcu.externaltools.gnu-tools-for-stm32.11.3.rel1.win32_1.1.0.202305231506/tools/bin/../lib/gcc/arm-none-eabi/11.3.1/../../../../arm-none-eabi/lib/thumb/v7e-m+fp/hard\libc_nano.a(libc_a-writer.o)
                0x000000000800e638                _write_r
 .text.__errno  0x000000000800e65c        0xc C:/ST/STM32CubeIDE_1.13.1/STM32CubeIDE/plugins/com.st.stm32cube.ide.mcu.externaltools.gnu-tools-for-stm32.11.3.rel1.win32_1.1.0.202305231506/tools/bin/../lib/gcc/arm-none-eabi/11.3.1/../../../../arm-none-eabi/lib/thumb/v7e-m+fp/hard\libc_nano.a(libc_a-errno.o)
                0x000000000800e65c                __errno
 .text.__libc_init_array
                0x000000000800e668       0x48 C:/ST/STM32CubeIDE_1.13.1/STM32CubeIDE/plugins/com.st.stm32cube.ide.mcu.externaltools.gnu-tools-for-stm32.11.3.rel1.win32_1.1.0.202305231506/tools/bin/../lib/gcc/arm-none-eabi/11.3.1/../../../../arm-none-eabi/lib/thumb/v7e-m+fp/hard\libc_nano.a(libc_a-init.o)
                0x000000000800e668                __libc_init_array
 .text.__retarget_lock_acquire_recursive
                0x000000000800e6b0        0x2 C:/ST/STM32CubeIDE_1.13.1/STM32CubeIDE/plugins/com.st.stm32cube.ide.mcu.externaltools.gnu-tools-for-stm32.11.3.rel1.win32_1.1.0.202305231506/tools/bin/../lib/gcc/arm-none-eabi/11.3.1/../../../../arm-none-eabi/lib/thumb/v7e-m+fp/hard\libc_nano.a(libc_a-lock.o)
                0x000000000800e6b0                __retarget_lock_acquire_recursive
 .text.__retarget_lock_release_recursive
                0x000000000800e6b2        0x2 C:/ST/STM32CubeIDE_1.13.1/STM32CubeIDE/plugins/com.st.stm32cube.ide.mcu.externaltools.gnu-tools-for-stm32.11.3.rel1.win32_1.1.0.202305231506/tools/bin/../lib/gcc/arm-none-eabi/11.3.1/../../../../arm-none-eabi/lib/thumb/v7e-m+fp/hard\libc_nano.a(libc_a-lock.o)
                0x000000000800e6b2                __retarget_lock_release_recursive
 .text.strcpy   0x000000000800e6b4       0x10 C:/ST/STM32CubeIDE_1.13.1/STM32CubeIDE/plugins/com.st.stm32cube.ide.mcu.externaltools.gnu-tools-for-stm32.11.3.rel1.win32_1.1.0.202305231506/tools/bin/../lib/gcc/arm-none-eabi/11.3.1/../../../../arm-none-eabi/lib/thumb/v7e-m+fp/hard\libc_nano.a(libc_a-strcpy.o)
                0x000000000800e6b4                strcpy
 .text.__assert_func
                0x000000000800e6c4       0x3c C:/ST/STM32CubeIDE_1.13.1/STM32CubeIDE/plugins/com.st.stm32cube.ide.mcu.externaltools.gnu-tools-for-stm32.11.3.rel1.win32_1.1.0.202305231506/tools/bin/../lib/gcc/arm-none-eabi/11.3.1/../../../../arm-none-eabi/lib/thumb/v7e-m+fp/hard\libc_nano.a(libc_a-assert.o)
                0x000000000800e6c4                __assert_func
 .text._free_r  0x000000000800e700       0x98 C:/ST/STM32CubeIDE_1.13.1/STM32CubeIDE/plugins/com.st.stm32cube.ide.mcu.externaltools.gnu-tools-for-stm32.11.3.rel1.win32_1.1.0.202305231506/tools/bin/../lib/gcc/arm-none-eabi/11.3.1/../../../../arm-none-eabi/lib/thumb/v7e-m+fp/hard\libc_nano.a(libc_a-freer.o)
                0x000000000800e700                _free_r
 .text.malloc   0x000000000800e798       0x10 C:/ST/STM32CubeIDE_1.13.1/STM32CubeIDE/plugins/com.st.stm32cube.ide.mcu.externaltools.gnu-tools-for-stm32.11.3.rel1.win32_1.1.0.202305231506/tools/bin/../lib/gcc/arm-none-eabi/11.3.1/../../../../arm-none-eabi/lib/thumb/v7e-m+fp/hard\libc_nano.a(libc_a-malloc.o)
                0x000000000800e798                malloc
 .text.sbrk_aligned
                0x000000000800e7a8       0x40 C:/ST/STM32CubeIDE_1.13.1/STM32CubeIDE/plugins/com.st.stm32cube.ide.mcu.externaltools.gnu-tools-for-stm32.11.3.rel1.win32_1.1.0.202305231506/tools/bin/../lib/gcc/arm-none-eabi/11.3.1/../../../../arm-none-eabi/lib/thumb/v7e-m+fp/hard\libc_nano.a(libc_a-mallocr.o)
 .text._malloc_r
                0x000000000800e7e8      0x100 C:/ST/STM32CubeIDE_1.13.1/STM32CubeIDE/plugins/com.st.stm32cube.ide.mcu.externaltools.gnu-tools-for-stm32.11.3.rel1.win32_1.1.0.202305231506/tools/bin/../lib/gcc/arm-none-eabi/11.3.1/../../../../arm-none-eabi/lib/thumb/v7e-m+fp/hard\libc_nano.a(libc_a-mallocr.o)
                0x000000000800e7e8                _malloc_r
 .text.__malloc_lock
                0x000000000800e8e8        0xc C:/ST/STM32CubeIDE_1.13.1/STM32CubeIDE/plugins/com.st.stm32cube.ide.mcu.externaltools.gnu-tools-for-stm32.11.3.rel1.win32_1.1.0.202305231506/tools/bin/../lib/gcc/arm-none-eabi/11.3.1/../../../../arm-none-eabi/lib/thumb/v7e-m+fp/hard\libc_nano.a(libc_a-mlock.o)
                0x000000000800e8e8                __malloc_lock
 .text.__malloc_unlock
                0x000000000800e8f4        0xc C:/ST/STM32CubeIDE_1.13.1/STM32CubeIDE/plugins/com.st.stm32cube.ide.mcu.externaltools.gnu-tools-for-stm32.11.3.rel1.win32_1.1.0.202305231506/tools/bin/../lib/gcc/arm-none-eabi/11.3.1/../../../../arm-none-eabi/lib/thumb/v7e-m+fp/hard\libc_nano.a(libc_a-mlock.o)
                0x000000000800e8f4                __malloc_unlock
 .text.__ssputs_r
                0x000000000800e900       0xb4 C:/ST/STM32CubeIDE_1.13.1/STM32CubeIDE/plugins/com.st.stm32cube.ide.mcu.externaltools.gnu-tools-for-stm32.11.3.rel1.win32_1.1.0.202305231506/tools/bin/../lib/gcc/arm-none-eabi/11.3.1/../../../../arm-none-eabi/lib/thumb/v7e-m+fp/hard\libc_nano.a(libc_a-nano-svfprintf.o)
                0x000000000800e900                __ssputs_r
 .text._svfprintf_r
                0x000000000800e9b4      0x1fc C:/ST/STM32CubeIDE_1.13.1/STM32CubeIDE/plugins/com.st.stm32cube.ide.mcu.externaltools.gnu-tools-for-stm32.11.3.rel1.win32_1.1.0.202305231506/tools/bin/../lib/gcc/arm-none-eabi/11.3.1/../../../../arm-none-eabi/lib/thumb/v7e-m+fp/hard\libc_nano.a(libc_a-nano-svfprintf.o)
                0x000000000800e9b4                _svfiprintf_r
                0x000000000800e9b4                _svfprintf_r
 .text._printf_common
                0x000000000800ebb0       0xda C:/ST/STM32CubeIDE_1.13.1/STM32CubeIDE/plugins/com.st.stm32cube.ide.mcu.externaltools.gnu-tools-for-stm32.11.3.rel1.win32_1.1.0.202305231506/tools/bin/../lib/gcc/arm-none-eabi/11.3.1/../../../../arm-none-eabi/lib/thumb/v7e-m+fp/hard\libc_nano.a(libc_a-nano-vfprintf_i.o)
                0x000000000800ebb0                _printf_common
 *fill*         0x000000000800ec8a        0x2 
 .text._printf_i
                0x000000000800ec8c      0x244 C:/ST/STM32CubeIDE_1.13.1/STM32CubeIDE/plugins/com.st.stm32cube.ide.mcu.externaltools.gnu-tools-for-stm32.11.3.rel1.win32_1.1.0.202305231506/tools/bin/../lib/gcc/arm-none-eabi/11.3.1/../../../../arm-none-eabi/lib/thumb/v7e-m+fp/hard\libc_nano.a(libc_a-nano-vfprintf_i.o)
                0x000000000800ec8c                _printf_i
 .text.__sflush_r
                0x000000000800eed0      0x10c C:/ST/STM32CubeIDE_1.13.1/STM32CubeIDE/plugins/com.st.stm32cube.ide.mcu.externaltools.gnu-tools-for-stm32.11.3.rel1.win32_1.1.0.202305231506/tools/bin/../lib/gcc/arm-none-eabi/11.3.1/../../../../arm-none-eabi/lib/thumb/v7e-m+fp/hard\libc_nano.a(libc_a-fflush.o)
                0x000000000800eed0                __sflush_r
 .text._fflush_r
                0x000000000800efdc       0x50 C:/ST/STM32CubeIDE_1.13.1/STM32CubeIDE/plugins/com.st.stm32cube.ide.mcu.externaltools.gnu-tools-for-stm32.11.3.rel1.win32_1.1.0.202305231506/tools/bin/../lib/gcc/arm-none-eabi/11.3.1/../../../../arm-none-eabi/lib/thumb/v7e-m+fp/hard\libc_nano.a(libc_a-fflush.o)
                0x000000000800efdc                _fflush_r
 .text.fprintf  0x000000000800f02c       0x24 C:/ST/STM32CubeIDE_1.13.1/STM32CubeIDE/plugins/com.st.stm32cube.ide.mcu.externaltools.gnu-tools-for-stm32.11.3.rel1.win32_1.1.0.202305231506/tools/bin/../lib/gcc/arm-none-eabi/11.3.1/../../../../arm-none-eabi/lib/thumb/v7e-m+fp/hard\libc_nano.a(libc_a-fprintf.o)
                0x000000000800f02c                fiprintf
                0x000000000800f02c                fprintf
 .text.memmove  0x000000000800f050       0x34 C:/ST/STM32CubeIDE_1.13.1/STM32CubeIDE/plugins/com.st.stm32cube.ide.mcu.externaltools.gnu-tools-for-stm32.11.3.rel1.win32_1.1.0.202305231506/tools/bin/../lib/gcc/arm-none-eabi/11.3.1/../../../../arm-none-eabi/lib/thumb/v7e-m+fp/hard\libc_nano.a(libc_a-memmove.o)
                0x000000000800f050                memmove
 .text._sbrk_r  0x000000000800f084       0x20 C:/ST/STM32CubeIDE_1.13.1/STM32CubeIDE/plugins/com.st.stm32cube.ide.mcu.externaltools.gnu-tools-for-stm32.11.3.rel1.win32_1.1.0.202305231506/tools/bin/../lib/gcc/arm-none-eabi/11.3.1/../../../../arm-none-eabi/lib/thumb/v7e-m+fp/hard\libc_nano.a(libc_a-sbrkr.o)
                0x000000000800f084                _sbrk_r
 .text.memcpy   0x000000000800f0a4       0x1c C:/ST/STM32CubeIDE_1.13.1/STM32CubeIDE/plugins/com.st.stm32cube.ide.mcu.externaltools.gnu-tools-for-stm32.11.3.rel1.win32_1.1.0.202305231506/tools/bin/../lib/gcc/arm-none-eabi/11.3.1/../../../../arm-none-eabi/lib/thumb/v7e-m+fp/hard\libc_nano.a(libc_a-memcpy-stub.o)
                0x000000000800f0a4                memcpy
 .text.abort    0x000000000800f0c0        0xe C:/ST/STM32CubeIDE_1.13.1/STM32CubeIDE/plugins/com.st.stm32cube.ide.mcu.externaltools.gnu-tools-for-stm32.11.3.rel1.win32_1.1.0.202305231506/tools/bin/../lib/gcc/arm-none-eabi/11.3.1/../../../../arm-none-eabi/lib/thumb/v7e-m+fp/hard\libc_nano.a(libc_a-abort.o)
                0x000000000800f0c0                abort
 .text._realloc_r
                0x000000000800f0ce       0x5e C:/ST/STM32CubeIDE_1.13.1/STM32CubeIDE/plugins/com.st.stm32cube.ide.mcu.externaltools.gnu-tools-for-stm32.11.3.rel1.win32_1.1.0.202305231506/tools/bin/../lib/gcc/arm-none-eabi/11.3.1/../../../../arm-none-eabi/lib/thumb/v7e-m+fp/hard\libc_nano.a(libc_a-reallocr.o)
                0x000000000800f0ce                _realloc_r
 .text.__sfputc_r
                0x000000000800f12c       0x2e C:/ST/STM32CubeIDE_1.13.1/STM32CubeIDE/plugins/com.st.stm32cube.ide.mcu.externaltools.gnu-tools-for-stm32.11.3.rel1.win32_1.1.0.202305231506/tools/bin/../lib/gcc/arm-none-eabi/11.3.1/../../../../arm-none-eabi/lib/thumb/v7e-m+fp/hard\libc_nano.a(libc_a-nano-vfprintf.o)
 .text.__sfputs_r
                0x000000000800f15a       0x24 C:/ST/STM32CubeIDE_1.13.1/STM32CubeIDE/plugins/com.st.stm32cube.ide.mcu.externaltools.gnu-tools-for-stm32.11.3.rel1.win32_1.1.0.202305231506/tools/bin/../lib/gcc/arm-none-eabi/11.3.1/../../../../arm-none-eabi/lib/thumb/v7e-m+fp/hard\libc_nano.a(libc_a-nano-vfprintf.o)
                0x000000000800f15a                __sfputs_r
 *fill*         0x000000000800f17e        0x2 
 .text._vfprintf_r
                0x000000000800f180      0x234 C:/ST/STM32CubeIDE_1.13.1/STM32CubeIDE/plugins/com.st.stm32cube.ide.mcu.externaltools.gnu-tools-for-stm32.11.3.rel1.win32_1.1.0.202305231506/tools/bin/../lib/gcc/arm-none-eabi/11.3.1/../../../../arm-none-eabi/lib/thumb/v7e-m+fp/hard\libc_nano.a(libc_a-nano-vfprintf.o)
                0x000000000800f180                _vfprintf_r
                0x000000000800f180                _vfiprintf_r
 .text.__swbuf_r
                0x000000000800f3b4       0x7a C:/ST/STM32CubeIDE_1.13.1/STM32CubeIDE/plugins/com.st.stm32cube.ide.mcu.externaltools.gnu-tools-for-stm32.11.3.rel1.win32_1.1.0.202305231506/tools/bin/../lib/gcc/arm-none-eabi/11.3.1/../../../../arm-none-eabi/lib/thumb/v7e-m+fp/hard\libc_nano.a(libc_a-wbuf.o)
                0x000000000800f3b4                __swbuf_r
 *fill*         0x000000000800f42e        0x2 
 .text.__swsetup_r
                0x000000000800f430       0xb0 C:/ST/STM32CubeIDE_1.13.1/STM32CubeIDE/plugins/com.st.stm32cube.ide.mcu.externaltools.gnu-tools-for-stm32.11.3.rel1.win32_1.1.0.202305231506/tools/bin/../lib/gcc/arm-none-eabi/11.3.1/../../../../arm-none-eabi/lib/thumb/v7e-m+fp/hard\libc_nano.a(libc_a-wsetup.o)
                0x000000000800f430                __swsetup_r
 .text._raise_r
                0x000000000800f4e0       0x50 C:/ST/STM32CubeIDE_1.13.1/STM32CubeIDE/plugins/com.st.stm32cube.ide.mcu.externaltools.gnu-tools-for-stm32.11.3.rel1.win32_1.1.0.202305231506/tools/bin/../lib/gcc/arm-none-eabi/11.3.1/../../../../arm-none-eabi/lib/thumb/v7e-m+fp/hard\libc_nano.a(libc_a-signal.o)
                0x000000000800f4e0                _raise_r
 .text.raise    0x000000000800f530       0x10 C:/ST/STM32CubeIDE_1.13.1/STM32CubeIDE/plugins/com.st.stm32cube.ide.mcu.externaltools.gnu-tools-for-stm32.11.3.rel1.win32_1.1.0.202305231506/tools/bin/../lib/gcc/arm-none-eabi/11.3.1/../../../../arm-none-eabi/lib/thumb/v7e-m+fp/hard\libc_nano.a(libc_a-signal.o)
                0x000000000800f530                raise
 .text._kill_r  0x000000000800f540       0x24 C:/ST/STM32CubeIDE_1.13.1/STM32CubeIDE/plugins/com.st.stm32cube.ide.mcu.externaltools.gnu-tools-for-stm32.11.3.rel1.win32_1.1.0.202305231506/tools/bin/../lib/gcc/arm-none-eabi/11.3.1/../../../../arm-none-eabi/lib/thumb/v7e-m+fp/hard\libc_nano.a(libc_a-signalr.o)
                0x000000000800f540                _kill_r
 .text._getpid_r
                0x000000000800f564        0x4 C:/ST/STM32CubeIDE_1.13.1/STM32CubeIDE/plugins/com.st.stm32cube.ide.mcu.externaltools.gnu-tools-for-stm32.11.3.rel1.win32_1.1.0.202305231506/tools/bin/../lib/gcc/arm-none-eabi/11.3.1/../../../../arm-none-eabi/lib/thumb/v7e-m+fp/hard\libc_nano.a(libc_a-signalr.o)
                0x000000000800f564                _getpid_r
 .text._malloc_usable_size_r
                0x000000000800f568       0x10 C:/ST/STM32CubeIDE_1.13.1/STM32CubeIDE/plugins/com.st.stm32cube.ide.mcu.externaltools.gnu-tools-for-stm32.11.3.rel1.win32_1.1.0.202305231506/tools/bin/../lib/gcc/arm-none-eabi/11.3.1/../../../../arm-none-eabi/lib/thumb/v7e-m+fp/hard\libc_nano.a(libc_a-msizer.o)
                0x000000000800f568                _malloc_usable_size_r
 .text.__swhatbuf_r
                0x000000000800f578       0x4c C:/ST/STM32CubeIDE_1.13.1/STM32CubeIDE/plugins/com.st.stm32cube.ide.mcu.externaltools.gnu-tools-for-stm32.11.3.rel1.win32_1.1.0.202305231506/tools/bin/../lib/gcc/arm-none-eabi/11.3.1/../../../../arm-none-eabi/lib/thumb/v7e-m+fp/hard\libc_nano.a(libc_a-makebuf.o)
                0x000000000800f578                __swhatbuf_r
 .text.__smakebuf_r
                0x000000000800f5c4       0x78 C:/ST/STM32CubeIDE_1.13.1/STM32CubeIDE/plugins/com.st.stm32cube.ide.mcu.externaltools.gnu-tools-for-stm32.11.3.rel1.win32_1.1.0.202305231506/tools/bin/../lib/gcc/arm-none-eabi/11.3.1/../../../../arm-none-eabi/lib/thumb/v7e-m+fp/hard\libc_nano.a(libc_a-makebuf.o)
                0x000000000800f5c4                __smakebuf_r
 .text._fstat_r
                0x000000000800f63c       0x24 C:/ST/STM32CubeIDE_1.13.1/STM32CubeIDE/plugins/com.st.stm32cube.ide.mcu.externaltools.gnu-tools-for-stm32.11.3.rel1.win32_1.1.0.202305231506/tools/bin/../lib/gcc/arm-none-eabi/11.3.1/../../../../arm-none-eabi/lib/thumb/v7e-m+fp/hard\libc_nano.a(libc_a-fstatr.o)
                0x000000000800f63c                _fstat_r
 .text._isatty_r
                0x000000000800f660       0x20 C:/ST/STM32CubeIDE_1.13.1/STM32CubeIDE/plugins/com.st.stm32cube.ide.mcu.externaltools.gnu-tools-for-stm32.11.3.rel1.win32_1.1.0.202305231506/tools/bin/../lib/gcc/arm-none-eabi/11.3.1/../../../../arm-none-eabi/lib/thumb/v7e-m+fp/hard\libc_nano.a(libc_a-isattyr.o)
                0x000000000800f660                _isatty_r
 *(.glue_7)
 .glue_7        0x000000000800f680        0x0 linker stubs
 *(.glue_7t)
 .glue_7t       0x000000000800f680        0x0 linker stubs
 *(.eh_frame)
 .eh_frame      0x000000000800f680        0x0 C:/ST/STM32CubeIDE_1.13.1/STM32CubeIDE/plugins/com.st.stm32cube.ide.mcu.externaltools.gnu-tools-for-stm32.11.3.rel1.win32_1.1.0.202305231506/tools/bin/../lib/gcc/arm-none-eabi/11.3.1/thumb/v7e-m+fp/hard/crtbegin.o
 *(.init)
 .init          0x000000000800f680        0x4 C:/ST/STM32CubeIDE_1.13.1/STM32CubeIDE/plugins/com.st.stm32cube.ide.mcu.externaltools.gnu-tools-for-stm32.11.3.rel1.win32_1.1.0.202305231506/tools/bin/../lib/gcc/arm-none-eabi/11.3.1/thumb/v7e-m+fp/hard/crti.o
                0x000000000800f680                _init
 .init          0x000000000800f684        0x8 C:/ST/STM32CubeIDE_1.13.1/STM32CubeIDE/plugins/com.st.stm32cube.ide.mcu.externaltools.gnu-tools-for-stm32.11.3.rel1.win32_1.1.0.202305231506/tools/bin/../lib/gcc/arm-none-eabi/11.3.1/thumb/v7e-m+fp/hard/crtn.o
 *(.fini)
 .fini          0x000000000800f68c        0x4 C:/ST/STM32CubeIDE_1.13.1/STM32CubeIDE/plugins/com.st.stm32cube.ide.mcu.externaltools.gnu-tools-for-stm32.11.3.rel1.win32_1.1.0.202305231506/tools/bin/../lib/gcc/arm-none-eabi/11.3.1/thumb/v7e-m+fp/hard/crti.o
                0x000000000800f68c                _fini
 .fini          0x000000000800f690        0x8 C:/ST/STM32CubeIDE_1.13.1/STM32CubeIDE/plugins/com.st.stm32cube.ide.mcu.externaltools.gnu-tools-for-stm32.11.3.rel1.win32_1.1.0.202305231506/tools/bin/../lib/gcc/arm-none-eabi/11.3.1/thumb/v7e-m+fp/hard/crtn.o
                0x000000000800f698                . = ALIGN (0x4)
                0x000000000800f698                _etext = .

.vfp11_veneer   0x000000000800f698        0x0
 .vfp11_veneer  0x000000000800f698        0x0 linker stubs

.v4_bx          0x000000000800f698        0x0
 .v4_bx         0x000000000800f698        0x0 linker stubs

.iplt           0x000000000800f698        0x0
 .iplt          0x000000000800f698        0x0 C:/ST/STM32CubeIDE_1.13.1/STM32CubeIDE/plugins/com.st.stm32cube.ide.mcu.externaltools.gnu-tools-for-stm32.11.3.rel1.win32_1.1.0.202305231506/tools/bin/../lib/gcc/arm-none-eabi/11.3.1/thumb/v7e-m+fp/hard/crtbegin.o

.rodata         0x000000000800f698      0x88c
                0x000000000800f698                . = ALIGN (0x4)
 *(.rodata)
 .rodata        0x000000000800f698      0x25e ./Core/Src/main.o
 *fill*         0x000000000800f8f6        0x2 
 .rodata        0x000000000800f8f8      0x213 ./ESP8266/ESP8266_Chelo.o
 *fill*         0x000000000800fb0b        0x1 
 .rodata        0x000000000800fb0c       0x5d ./HTTP/http.o
 *fill*         0x000000000800fb69        0x3 
 .rodata        0x000000000800fb6c      0x1ae ./STM32_ETH_W5100/ETH_W5100.o
 *fill*         0x000000000800fd1a        0x2 
 .rodata        0x000000000800fd1c        0xb ./STRING/STR_Chelo.o
 *(.rodata*)
 *fill*         0x000000000800fd27        0x1 
 .rodata.AHBPrescTable
                0x000000000800fd28       0x10 ./Core/Src/system_stm32f4xx.o
                0x000000000800fd28                AHBPrescTable
 .rodata.APBPrescTable
                0x000000000800fd38        0x8 ./Core/Src/system_stm32f4xx.o
                0x000000000800fd38                APBPrescTable
 .rodata._ctype_
                0x000000000800fd40      0x101 C:/ST/STM32CubeIDE_1.13.1/STM32CubeIDE/plugins/com.st.stm32cube.ide.mcu.externaltools.gnu-tools-for-stm32.11.3.rel1.win32_1.1.0.202305231506/tools/bin/../lib/gcc/arm-none-eabi/11.3.1/../../../../arm-none-eabi/lib/thumb/v7e-m+fp/hard\libc_nano.a(libc_a-ctype_.o)
                0x000000000800fd40                _ctype_
 .rodata.strtok.str1.1
                0x000000000800fe41       0x71 C:/ST/STM32CubeIDE_1.13.1/STM32CubeIDE/plugins/com.st.stm32cube.ide.mcu.externaltools.gnu-tools-for-stm32.11.3.rel1.win32_1.1.0.202305231506/tools/bin/../lib/gcc/arm-none-eabi/11.3.1/../../../../arm-none-eabi/lib/thumb/v7e-m+fp/hard\libc_nano.a(libc_a-strtok.o)
 .rodata.__assert_func.str1.1
                0x000000000800feb2       0x3c C:/ST/STM32CubeIDE_1.13.1/STM32CubeIDE/plugins/com.st.stm32cube.ide.mcu.externaltools.gnu-tools-for-stm32.11.3.rel1.win32_1.1.0.202305231506/tools/bin/../lib/gcc/arm-none-eabi/11.3.1/../../../../arm-none-eabi/lib/thumb/v7e-m+fp/hard\libc_nano.a(libc_a-assert.o)
                                         0x3d (size before relaxing)
 .rodata._svfprintf_r.str1.1
                0x000000000800feee       0x11 C:/ST/STM32CubeIDE_1.13.1/STM32CubeIDE/plugins/com.st.stm32cube.ide.mcu.externaltools.gnu-tools-for-stm32.11.3.rel1.win32_1.1.0.202305231506/tools/bin/../lib/gcc/arm-none-eabi/11.3.1/../../../../arm-none-eabi/lib/thumb/v7e-m+fp/hard\libc_nano.a(libc_a-nano-svfprintf.o)
 .rodata._printf_i.str1.1
                0x000000000800feff       0x22 C:/ST/STM32CubeIDE_1.13.1/STM32CubeIDE/plugins/com.st.stm32cube.ide.mcu.externaltools.gnu-tools-for-stm32.11.3.rel1.win32_1.1.0.202305231506/tools/bin/../lib/gcc/arm-none-eabi/11.3.1/../../../../arm-none-eabi/lib/thumb/v7e-m+fp/hard\libc_nano.a(libc_a-nano-vfprintf_i.o)
 .rodata._vfprintf_r.str1.1
                0x000000000800ff21       0x11 C:/ST/STM32CubeIDE_1.13.1/STM32CubeIDE/plugins/com.st.stm32cube.ide.mcu.externaltools.gnu-tools-for-stm32.11.3.rel1.win32_1.1.0.202305231506/tools/bin/../lib/gcc/arm-none-eabi/11.3.1/../../../../arm-none-eabi/lib/thumb/v7e-m+fp/hard\libc_nano.a(libc_a-nano-vfprintf.o)
                0x000000000800ff34                . = ALIGN (0x4)
 *fill*         0x000000000800ff21        0x3 

.ARM.extab      0x000000000800ff24        0x0
                0x000000000800ff24                . = ALIGN (0x4)
 *(.ARM.extab* .gnu.linkonce.armextab.*)
                0x000000000800ff24                . = ALIGN (0x4)

.ARM            0x000000000800ff24        0x8
                0x000000000800ff24                . = ALIGN (0x4)
                0x000000000800ff24                __exidx_start = .
 *(.ARM.exidx*)
 .ARM.exidx     0x000000000800ff24        0x8 C:/ST/STM32CubeIDE_1.13.1/STM32CubeIDE/plugins/com.st.stm32cube.ide.mcu.externaltools.gnu-tools-for-stm32.11.3.rel1.win32_1.1.0.202305231506/tools/bin/../lib/gcc/arm-none-eabi/11.3.1/thumb/v7e-m+fp/hard\libgcc.a(_udivmoddi4.o)
                0x000000000800ff2c                __exidx_end = .
                0x000000000800ff2c                . = ALIGN (0x4)

.rel.dyn        0x000000000800ff2c        0x0
 .rel.iplt      0x000000000800ff2c        0x0 C:/ST/STM32CubeIDE_1.13.1/STM32CubeIDE/plugins/com.st.stm32cube.ide.mcu.externaltools.gnu-tools-for-stm32.11.3.rel1.win32_1.1.0.202305231506/tools/bin/../lib/gcc/arm-none-eabi/11.3.1/thumb/v7e-m+fp/hard/crtbegin.o

.preinit_array  0x000000000800ff2c        0x0
                0x000000000800ff2c                . = ALIGN (0x4)
                0x000000000800ff2c                PROVIDE (__preinit_array_start = .)
 *(.preinit_array*)
                0x000000000800ff2c                PROVIDE (__preinit_array_end = .)
                0x000000000800ff2c                . = ALIGN (0x4)

.init_array     0x000000000800ff2c        0x4
                0x000000000800ff2c                . = ALIGN (0x4)
                0x000000000800ff2c                PROVIDE (__init_array_start = .)
 *(SORT_BY_NAME(.init_array.*))
 *(.init_array*)
 .init_array    0x000000000800ff2c        0x4 C:/ST/STM32CubeIDE_1.13.1/STM32CubeIDE/plugins/com.st.stm32cube.ide.mcu.externaltools.gnu-tools-for-stm32.11.3.rel1.win32_1.1.0.202305231506/tools/bin/../lib/gcc/arm-none-eabi/11.3.1/thumb/v7e-m+fp/hard/crtbegin.o
                0x000000000800ff30                PROVIDE (__init_array_end = .)
                0x000000000800ff30                . = ALIGN (0x4)

.fini_array     0x000000000800ff30        0x4
                0x000000000800ff30                . = ALIGN (0x4)
                [!provide]                        PROVIDE (__fini_array_start = .)
 *(SORT_BY_NAME(.fini_array.*))
 *(.fini_array*)
 .fini_array    0x000000000800ff30        0x4 C:/ST/STM32CubeIDE_1.13.1/STM32CubeIDE/plugins/com.st.stm32cube.ide.mcu.externaltools.gnu-tools-for-stm32.11.3.rel1.win32_1.1.0.202305231506/tools/bin/../lib/gcc/arm-none-eabi/11.3.1/thumb/v7e-m+fp/hard/crtbegin.o
                [!provide]                        PROVIDE (__fini_array_end = .)
                0x000000000800ff34                . = ALIGN (0x4)
                0x000000000800ff34                _sidata = LOADADDR (.data)

.data           0x0000000020000000      0x178 load address 0x000000000800ff34
                0x0000000020000000                . = ALIGN (0x4)
                0x0000000020000000                _sdata = .
 *(.data)
 *(.data*)
 .data.ENDPOINT
                0x0000000020000000        0x9 ./Core/Src/main.o
                0x0000000020000000                ENDPOINT
 *fill*         0x0000000020000009        0x3 
 .data.SERVER_IP
                0x000000002000000c        0xd ./Core/Src/main.o
                0x000000002000000c                SERVER_IP
 *fill*         0x0000000020000019        0x3 
 .data.PORT     0x000000002000001c        0x5 ./Core/Src/main.o
                0x000000002000001c                PORT
 .data.WF_SER_DBG
                0x0000000020000021        0x1 ./Core/Src/main.o
                0x0000000020000021                WF_SER_DBG
 *fill*         0x0000000020000022        0x2 
 .data.WIFI_NET
                0x0000000020000024        0x8 ./Core/Src/main.o
                0x0000000020000024                WIFI_NET
 .data.WIFI_PASS
                0x000000002000002c        0x9 ./Core/Src/main.o
                0x000000002000002c                WIFI_PASS
 *fill*         0x0000000020000035        0x3 
 .data.TCP_SERVER
                0x0000000020000038        0xd ./Core/Src/main.o
                0x0000000020000038                TCP_SERVER
 *fill*         0x0000000020000045        0x3 
 .data.TCP_PORT
                0x0000000020000048        0x5 ./Core/Src/main.o
                0x0000000020000048                TCP_PORT
 *fill*         0x000000002000004d        0x3 
 .data.TCP_SERVER_LOCAL
                0x0000000020000050        0xd ./Core/Src/main.o
                0x0000000020000050                TCP_SERVER_LOCAL
 *fill*         0x000000002000005d        0x3 
 .data.TCP_SERVER_LOCAL_GWY
                0x0000000020000060        0xd ./Core/Src/main.o
                0x0000000020000060                TCP_SERVER_LOCAL_GWY
 *fill*         0x000000002000006d        0x3 
 .data.TCP_SERVER_LOCAL_MSK
                0x0000000020000070        0xe ./Core/Src/main.o
                0x0000000020000070                TCP_SERVER_LOCAL_MSK
 *fill*         0x000000002000007e        0x2 
 .data.TCP_PORT_LOCAL
                0x0000000020000080        0x4 ./Core/Src/main.o
                0x0000000020000080                TCP_PORT_LOCAL
 .data.SystemCoreClock
                0x0000000020000084        0x4 ./Core/Src/system_stm32f4xx.o
                0x0000000020000084                SystemCoreClock
 .data.uwTickPrio
                0x0000000020000088        0x4 ./Drivers/STM32F4xx_HAL_Driver/Src/stm32f4xx_hal.o
                0x0000000020000088                uwTickPrio
 .data.uwTickFreq
                0x000000002000008c        0x1 ./Drivers/STM32F4xx_HAL_Driver/Src/stm32f4xx_hal.o
                0x000000002000008c                uwTickFreq
 *fill*         0x000000002000008d        0x3 
 .data.dd1      0x0000000020000090        0x7 ./HTTP/http.o
                0x0000000020000090                dd1
 *fill*         0x0000000020000097        0x1 
 .data.dd2      0x0000000020000098        0x7 ./HTTP/http.o
                0x0000000020000098                dd2
 *fill*         0x000000002000009f        0x1 
 .data.dd3      0x00000000200000a0        0x7 ./HTTP/http.o
                0x00000000200000a0                dd3
 *fill*         0x00000000200000a7        0x1 
 .data.dd4      0x00000000200000a8        0x7 ./HTTP/http.o
                0x00000000200000a8                dd4
 *fill*         0x00000000200000af        0x1 
 .data.dd5      0x00000000200000b0        0x7 ./HTTP/http.o
                0x00000000200000b0                dd5
 *fill*         0x00000000200000b7        0x1 
 .data.dd6      0x00000000200000b8        0x7 ./HTTP/http.o
                0x00000000200000b8                dd6
 *fill*         0x00000000200000bf        0x1 
 .data.dd7      0x00000000200000c0        0x7 ./HTTP/http.o
                0x00000000200000c0                dd7
 *fill*         0x00000000200000c7        0x1 
 .data.dd8      0x00000000200000c8        0x7 ./HTTP/http.o
                0x00000000200000c8                dd8
 *fill*         0x00000000200000cf        0x1 
 .data.dd9      0x00000000200000d0        0x7 ./HTTP/http.o
                0x00000000200000d0                dd9
 *fill*         0x00000000200000d7        0x1 
 .data.dd10     0x00000000200000d8        0x8 ./HTTP/http.o
                0x00000000200000d8                dd10
 .data.dd11     0x00000000200000e0        0x8 ./HTTP/http.o
                0x00000000200000e0                dd11
 .data.dd12     0x00000000200000e8        0x8 ./HTTP/http.o
                0x00000000200000e8                dd12
 .data.dd13     0x00000000200000f0        0x8 ./HTTP/http.o
                0x00000000200000f0                dd13
 .data.dd14     0x00000000200000f8        0x8 ./HTTP/http.o
                0x00000000200000f8                dd14
 .data.dd15     0x0000000020000100        0x8 ./HTTP/http.o
                0x0000000020000100                dd15
 .data.dd16     0x0000000020000108        0x8 ./HTTP/http.o
                0x0000000020000108                dd16
 .data.deviceId
                0x0000000020000110        0xa ./HTTP/http.o
                0x0000000020000110                deviceId
 *fill*         0x000000002000011a        0x2 
 .data.__sglue  0x000000002000011c        0xc C:/ST/STM32CubeIDE_1.13.1/STM32CubeIDE/plugins/com.st.stm32cube.ide.mcu.externaltools.gnu-tools-for-stm32.11.3.rel1.win32_1.1.0.202305231506/tools/bin/../lib/gcc/arm-none-eabi/11.3.1/../../../../arm-none-eabi/lib/thumb/v7e-m+fp/hard\libc_nano.a(libc_a-findfp.o)
                0x000000002000011c                __sglue
 .data._impure_data
                0x0000000020000128       0x4c C:/ST/STM32CubeIDE_1.13.1/STM32CubeIDE/plugins/com.st.stm32cube.ide.mcu.externaltools.gnu-tools-for-stm32.11.3.rel1.win32_1.1.0.202305231506/tools/bin/../lib/gcc/arm-none-eabi/11.3.1/../../../../arm-none-eabi/lib/thumb/v7e-m+fp/hard\libc_nano.a(libc_a-impure.o)
                0x0000000020000128                _impure_data
 .data._impure_ptr
                0x0000000020000174        0x4 C:/ST/STM32CubeIDE_1.13.1/STM32CubeIDE/plugins/com.st.stm32cube.ide.mcu.externaltools.gnu-tools-for-stm32.11.3.rel1.win32_1.1.0.202305231506/tools/bin/../lib/gcc/arm-none-eabi/11.3.1/../../../../arm-none-eabi/lib/thumb/v7e-m+fp/hard\libc_nano.a(libc_a-impure.o)
                0x0000000020000174                _impure_ptr
 *(.RamFunc)
 *(.RamFunc*)
                0x0000000020000178                . = ALIGN (0x4)
                0x0000000020000178                _edata = .

.igot.plt       0x0000000020000178        0x0 load address 0x00000000080100ac
 .igot.plt      0x0000000020000178        0x0 C:/ST/STM32CubeIDE_1.13.1/STM32CubeIDE/plugins/com.st.stm32cube.ide.mcu.externaltools.gnu-tools-for-stm32.11.3.rel1.win32_1.1.0.202305231506/tools/bin/../lib/gcc/arm-none-eabi/11.3.1/thumb/v7e-m+fp/hard/crtbegin.o
                0x0000000020000178                . = ALIGN (0x4)

.bss            0x0000000020000178     0x3590 load address 0x00000000080100ac
                0x0000000020000178                _sbss = .
                0x0000000020000178                __bss_start__ = _sbss
 *(.bss)
 .bss           0x0000000020000178       0x1c C:/ST/STM32CubeIDE_1.13.1/STM32CubeIDE/plugins/com.st.stm32cube.ide.mcu.externaltools.gnu-tools-for-stm32.11.3.rel1.win32_1.1.0.202305231506/tools/bin/../lib/gcc/arm-none-eabi/11.3.1/thumb/v7e-m+fp/hard/crtbegin.o
 *(.bss*)
 .bss.hspi1     0x0000000020000194       0x58 ./Core/Src/main.o
                0x0000000020000194                hspi1
 .bss.htim2     0x00000000200001ec       0x48 ./Core/Src/main.o
                0x00000000200001ec                htim2
 .bss.huart1    0x0000000020000234       0x44 ./Core/Src/main.o
                0x0000000020000234                huart1
 .bss.huart2    0x0000000020000278       0x44 ./Core/Src/main.o
                0x0000000020000278                huart2
 .bss.wf        0x00000000200002bc      0xd54 ./Core/Src/main.o
                0x00000000200002bc                wf
 .bss.mb_eth    0x0000000020001010      0x650 ./Core/Src/main.o
                0x0000000020001010                mb_eth
 .bss.mb_wf     0x0000000020001660      0x650 ./Core/Src/main.o
                0x0000000020001660                mb_wf
 .bss.ETH       0x0000000020001cb0     0x1068 ./Core/Src/main.o
                0x0000000020001cb0                ETH
 .bss.post      0x0000000020002d18      0x200 ./Core/Src/main.o
                0x0000000020002d18                post
 .bss.body      0x0000000020002f18      0x200 ./Core/Src/main.o
                0x0000000020002f18                body
 .bss.ms_ticks  0x0000000020003118        0x4 ./Core/Src/main.o
                0x0000000020003118                ms_ticks
 .bss.min_ticks
                0x000000002000311c        0x4 ./Core/Src/main.o
                0x000000002000311c                min_ticks
 .bss.S0_get_size
                0x0000000020003120        0x2 ./Core/Src/main.o
                0x0000000020003120                S0_get_size
 .bss.tx_mem_pointer
                0x0000000020003122        0x2 ./Core/Src/main.o
                0x0000000020003122                tx_mem_pointer
 .bss.rx_mem_pointer
                0x0000000020003124        0x2 ./Core/Src/main.o
                0x0000000020003124                rx_mem_pointer
 .bss.send_size
                0x0000000020003126        0x2 ./Core/Src/main.o
                0x0000000020003126                send_size
 .bss.spi_Data  0x0000000020003128       0x40 ./Core/Src/main.o
                0x0000000020003128                spi_Data
 .bss.spi_no_debug
                0x0000000020003168        0x1 ./Core/Src/main.o
                0x0000000020003168                spi_no_debug
 .bss.ESP_REinit
                0x0000000020003169        0x1 ./Core/Src/main.o
                0x0000000020003169                ESP_REinit
 .bss.ESP_InitF
                0x000000002000316a        0x1 ./Core/Src/main.o
                0x000000002000316a                ESP_InitF
 .bss.ESP_HW_Init
                0x000000002000316b        0x1 ./Core/Src/main.o
                0x000000002000316b                ESP_HW_Init
 .bss.EN_UART1_WF_TMR
                0x000000002000316c        0x1 ./Core/Src/main.o
                0x000000002000316c                EN_UART1_WF_TMR
 .bss.EN_USART1_TMR
                0x000000002000316d        0x1 ./Core/Src/main.o
                0x000000002000316d                EN_USART1_TMR
 .bss.FLAG_TIMEOUT_WF
                0x000000002000316e        0x1 ./Core/Src/main.o
                0x000000002000316e                FLAG_TIMEOUT_WF
 .bss.FLAG_UART1_WF
                0x000000002000316f        0x1 ./Core/Src/main.o
                0x000000002000316f                FLAG_UART1_WF
 .bss.esp_restart
                0x0000000020003170        0x1 ./Core/Src/main.o
                0x0000000020003170                esp_restart
 .bss.conexion  0x0000000020003171        0x1 ./Core/Src/main.o
                0x0000000020003171                conexion
 .bss.ETH_DBG_EN
                0x0000000020003172        0x1 ./Core/Src/main.o
                0x0000000020003172                ETH_DBG_EN
 .bss.WF_SND_FLAG
                0x0000000020003173        0x1 ./Core/Src/main.o
                0x0000000020003173                WF_SND_FLAG
 .bss.SPI_ETH_READ_EN
                0x0000000020003174        0x1 ./Core/Src/main.o
                0x0000000020003174                SPI_ETH_READ_EN
 *fill*         0x0000000020003175        0x3 
 .bss.UART1_WF_RX_vect
                0x0000000020003178      0x200 ./Core/Src/main.o
                0x0000000020003178                UART1_WF_RX_vect
 .bss.UART1_WF_RX_vect_hld
                0x0000000020003378      0x200 ./Core/Src/main.o
                0x0000000020003378                UART1_WF_RX_vect_hld
 .bss.CMP_VECT  0x0000000020003578        0x2 ./Core/Src/main.o
                0x0000000020003578                CMP_VECT
 *fill*         0x000000002000357a        0x2 
 .bss.UART1_WF_RX_byte
                0x000000002000357c        0x2 ./Core/Src/main.o
                0x000000002000357c                UART1_WF_RX_byte
 *fill*         0x000000002000357e        0x2 
 .bss.UART1_WF_RX_items
                0x0000000020003580        0x4 ./Core/Src/main.o
                0x0000000020003580                UART1_WF_RX_items
 .bss.ESP_ticks
                0x0000000020003584        0x4 ./Core/Src/main.o
                0x0000000020003584                ESP_ticks
 .bss.MB_TOUT_ticks
                0x0000000020003588        0x4 ./Core/Src/main.o
                0x0000000020003588                MB_TOUT_ticks
 .bss.ticks     0x000000002000358c        0x4 ./Core/Src/main.o
                0x000000002000358c                ticks
 .bss.ntestc    0x0000000020003590        0x4 ./Core/Src/main.o
                0x0000000020003590                ntestc
 .bss.dummy_int
                0x0000000020003594        0x4 ./Core/Src/main.o
                0x0000000020003594                dummy_int
 .bss.uart1pass
                0x0000000020003598        0x4 ./Core/Src/main.o
                0x0000000020003598                uart1pass
 .bss.USART1_ticks
                0x000000002000359c        0x4 ./Core/Src/main.o
                0x000000002000359c                USART1_ticks
 .bss.FLAG_USART1
                0x00000000200035a0        0x4 ./Core/Src/main.o
                0x00000000200035a0                FLAG_USART1
 .bss.items_rx  0x00000000200035a4        0x4 ./Core/Src/main.o
                0x00000000200035a4                items_rx
 .bss.UART1_WF_RX_pos
                0x00000000200035a8        0x4 ./Core/Src/main.o
                0x00000000200035a8                UART1_WF_RX_pos
 .bss.wf_snd_flag_ticks
                0x00000000200035ac        0x4 ./Core/Src/main.o
                0x00000000200035ac                wf_snd_flag_ticks
 .bss.dbgn      0x00000000200035b0        0x4 ./Core/Src/main.o
                0x00000000200035b0                dbgn
 .bss.__sbrk_heap_end
                0x00000000200035b4        0x4 ./Core/Src/sysmem.o
 .bss.uwTick    0x00000000200035b8        0x4 ./Drivers/STM32F4xx_HAL_Driver/Src/stm32f4xx_hal.o
                0x00000000200035b8                uwTick
 .bss.__sf      0x00000000200035bc      0x138 C:/ST/STM32CubeIDE_1.13.1/STM32CubeIDE/plugins/com.st.stm32cube.ide.mcu.externaltools.gnu-tools-for-stm32.11.3.rel1.win32_1.1.0.202305231506/tools/bin/../lib/gcc/arm-none-eabi/11.3.1/../../../../arm-none-eabi/lib/thumb/v7e-m+fp/hard\libc_nano.a(libc_a-findfp.o)
                0x00000000200035bc                __sf
 .bss.__stdio_exit_handler
                0x00000000200036f4        0x4 C:/ST/STM32CubeIDE_1.13.1/STM32CubeIDE/plugins/com.st.stm32cube.ide.mcu.externaltools.gnu-tools-for-stm32.11.3.rel1.win32_1.1.0.202305231506/tools/bin/../lib/gcc/arm-none-eabi/11.3.1/../../../../arm-none-eabi/lib/thumb/v7e-m+fp/hard\libc_nano.a(libc_a-findfp.o)
                0x00000000200036f4                __stdio_exit_handler
 .bss.errno     0x00000000200036f8        0x4 C:/ST/STM32CubeIDE_1.13.1/STM32CubeIDE/plugins/com.st.stm32cube.ide.mcu.externaltools.gnu-tools-for-stm32.11.3.rel1.win32_1.1.0.202305231506/tools/bin/../lib/gcc/arm-none-eabi/11.3.1/../../../../arm-none-eabi/lib/thumb/v7e-m+fp/hard\libc_nano.a(libc_a-reent.o)
                0x00000000200036f8                errno
 .bss.__lock___malloc_recursive_mutex
                0x00000000200036fc        0x1 C:/ST/STM32CubeIDE_1.13.1/STM32CubeIDE/plugins/com.st.stm32cube.ide.mcu.externaltools.gnu-tools-for-stm32.11.3.rel1.win32_1.1.0.202305231506/tools/bin/../lib/gcc/arm-none-eabi/11.3.1/../../../../arm-none-eabi/lib/thumb/v7e-m+fp/hard\libc_nano.a(libc_a-lock.o)
                0x00000000200036fc                __lock___malloc_recursive_mutex
 .bss.__lock___sfp_recursive_mutex
                0x00000000200036fd        0x1 C:/ST/STM32CubeIDE_1.13.1/STM32CubeIDE/plugins/com.st.stm32cube.ide.mcu.externaltools.gnu-tools-for-stm32.11.3.rel1.win32_1.1.0.202305231506/tools/bin/../lib/gcc/arm-none-eabi/11.3.1/../../../../arm-none-eabi/lib/thumb/v7e-m+fp/hard\libc_nano.a(libc_a-lock.o)
                0x00000000200036fd                __lock___sfp_recursive_mutex
 *fill*         0x00000000200036fe        0x2 
 .bss.__malloc_free_list
                0x0000000020003700        0x4 C:/ST/STM32CubeIDE_1.13.1/STM32CubeIDE/plugins/com.st.stm32cube.ide.mcu.externaltools.gnu-tools-for-stm32.11.3.rel1.win32_1.1.0.202305231506/tools/bin/../lib/gcc/arm-none-eabi/11.3.1/../../../../arm-none-eabi/lib/thumb/v7e-m+fp/hard\libc_nano.a(libc_a-mallocr.o)
                0x0000000020003700                __malloc_free_list
 .bss.__malloc_sbrk_start
                0x0000000020003704        0x4 C:/ST/STM32CubeIDE_1.13.1/STM32CubeIDE/plugins/com.st.stm32cube.ide.mcu.externaltools.gnu-tools-for-stm32.11.3.rel1.win32_1.1.0.202305231506/tools/bin/../lib/gcc/arm-none-eabi/11.3.1/../../../../arm-none-eabi/lib/thumb/v7e-m+fp/hard\libc_nano.a(libc_a-mallocr.o)
                0x0000000020003704                __malloc_sbrk_start
 *(COMMON)
                0x0000000020003708                . = ALIGN (0x4)
                0x0000000020003708                _ebss = .
                0x0000000020003708                __bss_end__ = _ebss

._user_heap_stack
                0x0000000020003708      0x600 load address 0x00000000080100ac
                0x0000000020003708                . = ALIGN (0x8)
                [!provide]                        PROVIDE (end = .)
                0x0000000020003708                PROVIDE (_end = .)
                0x0000000020003908                . = (. + _Min_Heap_Size)
 *fill*         0x0000000020003708      0x200 
                0x0000000020003d08                . = (. + _Min_Stack_Size)
 *fill*         0x0000000020003908      0x400 
                0x0000000020003d08                . = ALIGN (0x8)

/DISCARD/
 libc.a(*)
 libm.a(*)
 libgcc.a(*)

.ARM.attributes
                0x0000000000000000       0x30
 *(.ARM.attributes)
 .ARM.attributes
                0x0000000000000000       0x1e C:/ST/STM32CubeIDE_1.13.1/STM32CubeIDE/plugins/com.st.stm32cube.ide.mcu.externaltools.gnu-tools-for-stm32.11.3.rel1.win32_1.1.0.202305231506/tools/bin/../lib/gcc/arm-none-eabi/11.3.1/thumb/v7e-m+fp/hard/crti.o
 .ARM.attributes
                0x000000000000001e       0x34 C:/ST/STM32CubeIDE_1.13.1/STM32CubeIDE/plugins/com.st.stm32cube.ide.mcu.externaltools.gnu-tools-for-stm32.11.3.rel1.win32_1.1.0.202305231506/tools/bin/../lib/gcc/arm-none-eabi/11.3.1/thumb/v7e-m+fp/hard/crtbegin.o
 .ARM.attributes
                0x0000000000000052       0x34 ./Core/Src/main.o
 .ARM.attributes
                0x0000000000000086       0x34 ./Core/Src/stm32f4xx_hal_msp.o
 .ARM.attributes
                0x00000000000000ba       0x34 ./Core/Src/stm32f4xx_it.o
 .ARM.attributes
                0x00000000000000ee       0x34 ./Core/Src/syscalls.o
 .ARM.attributes
                0x0000000000000122       0x34 ./Core/Src/sysmem.o
 .ARM.attributes
                0x0000000000000156       0x34 ./Core/Src/system_stm32f4xx.o
 .ARM.attributes
                0x000000000000018a       0x21 ./Core/Startup/startup_stm32f411ceux.o
 .ARM.attributes
                0x00000000000001ab       0x34 ./Drivers/STM32F4xx_HAL_Driver/Src/stm32f4xx_hal.o
 .ARM.attributes
                0x00000000000001df       0x34 ./Drivers/STM32F4xx_HAL_Driver/Src/stm32f4xx_hal_cortex.o
 .ARM.attributes
                0x0000000000000213       0x34 ./Drivers/STM32F4xx_HAL_Driver/Src/stm32f4xx_hal_dma.o
 .ARM.attributes
                0x0000000000000247       0x34 ./Drivers/STM32F4xx_HAL_Driver/Src/stm32f4xx_hal_gpio.o
 .ARM.attributes
                0x000000000000027b       0x34 ./Drivers/STM32F4xx_HAL_Driver/Src/stm32f4xx_hal_rcc.o
 .ARM.attributes
                0x00000000000002af       0x34 ./Drivers/STM32F4xx_HAL_Driver/Src/stm32f4xx_hal_spi.o
 .ARM.attributes
                0x00000000000002e3       0x34 ./Drivers/STM32F4xx_HAL_Driver/Src/stm32f4xx_hal_tim.o
 .ARM.attributes
                0x0000000000000317       0x34 ./Drivers/STM32F4xx_HAL_Driver/Src/stm32f4xx_hal_tim_ex.o
 .ARM.attributes
                0x000000000000034b       0x34 ./Drivers/STM32F4xx_HAL_Driver/Src/stm32f4xx_hal_uart.o
 .ARM.attributes
                0x000000000000037f       0x34 ./ESP8266/ESP8266_Chelo.o
 .ARM.attributes
                0x00000000000003b3       0x34 ./HTTP/http.o
 .ARM.attributes
                0x00000000000003e7       0x34 ./ModBUS/ModBUS_Chelo.o
 .ARM.attributes
                0x000000000000041b       0x34 ./STM32_ETH_W5100/ETH_W5100.o
 .ARM.attributes
                0x000000000000044f       0x34 ./STRING/STR_Chelo.o
 .ARM.attributes
                0x0000000000000483       0x34 C:/ST/STM32CubeIDE_1.13.1/STM32CubeIDE/plugins/com.st.stm32cube.ide.mcu.externaltools.gnu-tools-for-stm32.11.3.rel1.win32_1.1.0.202305231506/tools/bin/../lib/gcc/arm-none-eabi/11.3.1/../../../../arm-none-eabi/lib/thumb/v7e-m+fp/hard\libc_nano.a(libc_a-atoi.o)
 .ARM.attributes
                0x00000000000004b7       0x34 C:/ST/STM32CubeIDE_1.13.1/STM32CubeIDE/plugins/com.st.stm32cube.ide.mcu.externaltools.gnu-tools-for-stm32.11.3.rel1.win32_1.1.0.202305231506/tools/bin/../lib/gcc/arm-none-eabi/11.3.1/../../../../arm-none-eabi/lib/thumb/v7e-m+fp/hard\libc_nano.a(libc_a-strtol.o)
 .ARM.attributes
                0x00000000000004eb       0x34 C:/ST/STM32CubeIDE_1.13.1/STM32CubeIDE/plugins/com.st.stm32cube.ide.mcu.externaltools.gnu-tools-for-stm32.11.3.rel1.win32_1.1.0.202305231506/tools/bin/../lib/gcc/arm-none-eabi/11.3.1/../../../../arm-none-eabi/lib/thumb/v7e-m+fp/hard\libc_nano.a(libc_a-ctype_.o)
 .ARM.attributes
                0x000000000000051f       0x34 C:/ST/STM32CubeIDE_1.13.1/STM32CubeIDE/plugins/com.st.stm32cube.ide.mcu.externaltools.gnu-tools-for-stm32.11.3.rel1.win32_1.1.0.202305231506/tools/bin/../lib/gcc/arm-none-eabi/11.3.1/../../../../arm-none-eabi/lib/thumb/v7e-m+fp/hard\libc_nano.a(libc_a-findfp.o)
 .ARM.attributes
                0x0000000000000553       0x34 C:/ST/STM32CubeIDE_1.13.1/STM32CubeIDE/plugins/com.st.stm32cube.ide.mcu.externaltools.gnu-tools-for-stm32.11.3.rel1.win32_1.1.0.202305231506/tools/bin/../lib/gcc/arm-none-eabi/11.3.1/../../../../arm-none-eabi/lib/thumb/v7e-m+fp/hard\libc_nano.a(libc_a-fwalk.o)
 .ARM.attributes
                0x0000000000000587       0x34 C:/ST/STM32CubeIDE_1.13.1/STM32CubeIDE/plugins/com.st.stm32cube.ide.mcu.externaltools.gnu-tools-for-stm32.11.3.rel1.win32_1.1.0.202305231506/tools/bin/../lib/gcc/arm-none-eabi/11.3.1/../../../../arm-none-eabi/lib/thumb/v7e-m+fp/hard\libc_nano.a(libc_a-sprintf.o)
 .ARM.attributes
                0x00000000000005bb       0x34 C:/ST/STM32CubeIDE_1.13.1/STM32CubeIDE/plugins/com.st.stm32cube.ide.mcu.externaltools.gnu-tools-for-stm32.11.3.rel1.win32_1.1.0.202305231506/tools/bin/../lib/gcc/arm-none-eabi/11.3.1/../../../../arm-none-eabi/lib/thumb/v7e-m+fp/hard\libc_nano.a(libc_a-stdio.o)
 .ARM.attributes
                0x00000000000005ef       0x34 C:/ST/STM32CubeIDE_1.13.1/STM32CubeIDE/plugins/com.st.stm32cube.ide.mcu.externaltools.gnu-tools-for-stm32.11.3.rel1.win32_1.1.0.202305231506/tools/bin/../lib/gcc/arm-none-eabi/11.3.1/../../../../arm-none-eabi/lib/thumb/v7e-m+fp/hard\libc_nano.a(libc_a-memset.o)
 .ARM.attributes
                0x0000000000000623       0x34 C:/ST/STM32CubeIDE_1.13.1/STM32CubeIDE/plugins/com.st.stm32cube.ide.mcu.externaltools.gnu-tools-for-stm32.11.3.rel1.win32_1.1.0.202305231506/tools/bin/../lib/gcc/arm-none-eabi/11.3.1/../../../../arm-none-eabi/lib/thumb/v7e-m+fp/hard\libc_nano.a(libc_a-strncat.o)
 .ARM.attributes