Archive member included to satisfy reference by file (symbol)

C:/ST/STM32CubeIDE_1.9.0/STM32CubeIDE/plugins/com.st.stm32cube.ide.mcu.externaltools.gnu-tools-for-stm32.11.3.rel1.win32_1.1.0.202305231506/tools/bin/../lib/gcc/arm-none-eabi/11.3.1/../../../../arm-none-eabi/lib/thumb/v7e-m+fp/hard\libc_nano.a(libc_a-atoi.o)
                              ./LoRa/RYLR896.o (atoi)
C:/ST/STM32CubeIDE_1.9.0/STM32CubeIDE/plugins/com.st.stm32cube.ide.mcu.externaltools.gnu-tools-for-stm32.11.3.rel1.win32_1.1.0.202305231506/tools/bin/../lib/gcc/arm-none-eabi/11.3.1/../../../../arm-none-eabi/lib/thumb/v7e-m+fp/hard\libc_nano.a(libc_a-exit.o)
                              C:/ST/STM32CubeIDE_1.9.0/STM32CubeIDE/plugins/com.st.stm32cube.ide.mcu.externaltools.gnu-tools-for-stm32.11.3.rel1.win32_1.1.0.202305231506/tools/bin/../lib/gcc/arm-none-eabi/11.3.1/../../../../arm-none-eabi/lib/thumb/v7e-m+fp/hard/crt0.o (exit)
C:/ST/STM32CubeIDE_1.9.0/STM32CubeIDE/plugins/com.st.stm32cube.ide.mcu.externaltools.gnu-tools-for-stm32.11.3.rel1.win32_1.1.0.202305231506/tools/bin/../lib/gcc/arm-none-eabi/11.3.1/../../../../arm-none-eabi/lib/thumb/v7e-m+fp/hard\libc_nano.a(libc_a-itoa.o)
                              ./LoRa/RYLR896.o (itoa)
C:/ST/STM32CubeIDE_1.9.0/STM32CubeIDE/plugins/com.st.stm32cube.ide.mcu.externaltools.gnu-tools-for-stm32.11.3.rel1.win32_1.1.0.202305231506/tools/bin/../lib/gcc/arm-none-eabi/11.3.1/../../../../arm-none-eabi/lib/thumb/v7e-m+fp/hard\libc_nano.a(libc_a-strtol.o)
                              C:/ST/STM32CubeIDE_1.9.0/STM32CubeIDE/plugins/com.st.stm32cube.ide.mcu.externaltools.gnu-tools-for-stm32.11.3.rel1.win32_1.1.0.202305231506/tools/bin/../lib/gcc/arm-none-eabi/11.3.1/../../../../arm-none-eabi/lib/thumb/v7e-m+fp/hard\libc_nano.a(libc_a-atoi.o) (_strtol_r)
C:/ST/STM32CubeIDE_1.9.0/STM32CubeIDE/plugins/com.st.stm32cube.ide.mcu.externaltools.gnu-tools-for-stm32.11.3.rel1.win32_1.1.0.202305231506/tools/bin/../lib/gcc/arm-none-eabi/11.3.1/../../../../arm-none-eabi/lib/thumb/v7e-m+fp/hard\libc_nano.a(libc_a-utoa.o)
                              C:/ST/STM32CubeIDE_1.9.0/STM32CubeIDE/plugins/com.st.stm32cube.ide.mcu.externaltools.gnu-tools-for-stm32.11.3.rel1.win32_1.1.0.202305231506/tools/bin/../lib/gcc/arm-none-eabi/11.3.1/../../../../arm-none-eabi/lib/thumb/v7e-m+fp/hard\libc_nano.a(libc_a-itoa.o) (__utoa)
C:/ST/STM32CubeIDE_1.9.0/STM32CubeIDE/plugins/com.st.stm32cube.ide.mcu.externaltools.gnu-tools-for-stm32.11.3.rel1.win32_1.1.0.202305231506/tools/bin/../lib/gcc/arm-none-eabi/11.3.1/../../../../arm-none-eabi/lib/thumb/v7e-m+fp/hard\libc_nano.a(libc_a-ctype_.o)
                              C:/ST/STM32CubeIDE_1.9.0/STM32CubeIDE/plugins/com.st.stm32cube.ide.mcu.externaltools.gnu-tools-for-stm32.11.3.rel1.win32_1.1.0.202305231506/tools/bin/../lib/gcc/arm-none-eabi/11.3.1/../../../../arm-none-eabi/lib/thumb/v7e-m+fp/hard\libc_nano.a(libc_a-strtol.o) (_ctype_)
C:/ST/STM32CubeIDE_1.9.0/STM32CubeIDE/plugins/com.st.stm32cube.ide.mcu.externaltools.gnu-tools-for-stm32.11.3.rel1.win32_1.1.0.202305231506/tools/bin/../lib/gcc/arm-none-eabi/11.3.1/../../../../arm-none-eabi/lib/thumb/v7e-m+fp/hard\libc_nano.a(libc_a-findfp.o)
                              C:/ST/STM32CubeIDE_1.9.0/STM32CubeIDE/plugins/com.st.stm32cube.ide.mcu.externaltools.gnu-tools-for-stm32.11.3.rel1.win32_1.1.0.202305231506/tools/bin/../lib/gcc/arm-none-eabi/11.3.1/../../../../arm-none-eabi/lib/thumb/v7e-m+fp/hard\libc_nano.a(libc_a-exit.o) (__stdio_exit_handler)
C:/ST/STM32CubeIDE_1.9.0/STM32CubeIDE/plugins/com.st.stm32cube.ide.mcu.externaltools.gnu-tools-for-stm32.11.3.rel1.win32_1.1.0.202305231506/tools/bin/../lib/gcc/arm-none-eabi/11.3.1/../../../../arm-none-eabi/lib/thumb/v7e-m+fp/hard\libc_nano.a(libc_a-fwalk.o)
                              C:/ST/STM32CubeIDE_1.9.0/STM32CubeIDE/plugins/com.st.stm32cube.ide.mcu.externaltools.gnu-tools-for-stm32.11.3.rel1.win32_1.1.0.202305231506/tools/bin/../lib/gcc/arm-none-eabi/11.3.1/../../../../arm-none-eabi/lib/thumb/v7e-m+fp/hard\libc_nano.a(libc_a-findfp.o) (_fwalk_sglue)
C:/ST/STM32CubeIDE_1.9.0/STM32CubeIDE/plugins/com.st.stm32cube.ide.mcu.externaltools.gnu-tools-for-stm32.11.3.rel1.win32_1.1.0.202305231506/tools/bin/../lib/gcc/arm-none-eabi/11.3.1/../../../../arm-none-eabi/lib/thumb/v7e-m+fp/hard\libc_nano.a(libc_a-sprintf.o)
                              ./STRING/STR_Chelo.o (sprintf)
C:/ST/STM32CubeIDE_1.9.0/STM32CubeIDE/plugins/com.st.stm32cube.ide.mcu.externaltools.gnu-tools-for-stm32.11.3.rel1.win32_1.1.0.202305231506/tools/bin/../lib/gcc/arm-none-eabi/11.3.1/../../../../arm-none-eabi/lib/thumb/v7e-m+fp/hard\libc_nano.a(libc_a-stdio.o)
                              C:/ST/STM32CubeIDE_1.9.0/STM32CubeIDE/plugins/com.st.stm32cube.ide.mcu.externaltools.gnu-tools-for-stm32.11.3.rel1.win32_1.1.0.202305231506/tools/bin/../lib/gcc/arm-none-eabi/11.3.1/../../../../arm-none-eabi/lib/thumb/v7e-m+fp/hard\libc_nano.a(libc_a-findfp.o) (__sread)
[...]
Memory Configuration

Name             Origin             Length             Attributes
RAM              0x0000000020000000 0x0000000000020000 xrw
FLASH            0x0000000008000000 0x0000000000080000 xr
*default*        0x0000000000000000 0xffffffffffffffff

Linker script and memory map

LOAD C:/ST/STM32CubeIDE_1.9.0/STM32CubeIDE/plugins/com.st.stm32cube.ide.mcu.externaltools.gnu-tools-for-stm32.11.3.rel1.win32_1.1.0.202305231506/tools/bin/../lib/gcc/arm-none-eabi/11.3.1/thumb/v7e-m+fp/hard/crti.o
LOAD C:/ST/STM32CubeIDE_1.9.0/STM32CubeIDE/plugins/com.st.stm32cube.ide.mcu.externaltools.gnu-tools-for-stm32.11.3.rel1.win32_1.1.0.202305231506/tools/bin/../lib/gcc/arm-none-eabi/11.3.1/thumb/v7e-m+fp/hard/crtbegin.o
LOAD C:/ST/STM32CubeIDE_1.9.0/STM32CubeIDE/plugins/com.st.stm32cube.ide.mcu.externaltools.gnu-tools-for-stm32.11.3.rel1.win32_1.1.0.202305231506/tools/bin/../lib/gcc/arm-none-eabi/11.3.1/../../../../arm-none-eabi/lib/thumb/v7e-m+fp/hard/crt0.o
LOAD ./Core/Src/main.o
LOAD ./Core/Src/stm32f4xx_hal_msp.o
LOAD ./Core/Src/stm32f4xx_it.o
LOAD ./Core/Src/syscalls.o
LOAD ./Core/Src/sysmem.o
LOAD ./Core/Src/system_stm32f4xx.o
LOAD ./Core/Startup/startup_stm32f411ceux.o
LOAD ./Drivers/STM32F4xx_HAL_Driver/Src/stm32f4xx_hal.o
LOAD ./Drivers/STM32F4xx_HAL_Driver/Src/stm32f4xx_hal_cortex.o
LOAD ./Drivers/STM32F4xx_HAL_Driver/Src/stm32f4xx_hal_dma.o
LOAD ./Drivers/STM32F4xx_HAL_Driver/Src/stm32f4xx_hal_dma_ex.o
LOAD ./Drivers/STM32F4xx_HAL_Driver/Src/stm32f4xx_hal_exti.o
LOAD ./Drivers/STM32F4xx_HAL_Driver/Src/stm32f4xx_hal_flash.o
LOAD ./Drivers/STM32F4xx_HAL_Driver/Src/stm32f4xx_hal_flash_ex.o
LOAD ./Drivers/STM32F4xx_HAL_Driver/Src/stm32f4xx_hal_flash_ramfunc.o
LOAD ./Drivers/STM32F4xx_HAL_Driver/Src/stm32f4xx_hal_gpio.o
LOAD ./Drivers/STM32F4xx_HAL_Driver/Src/stm32f4xx_hal_pwr.o
LOAD ./Drivers/STM32F4xx_HAL_Driver/Src/stm32f4xx_hal_pwr_ex.o
LOAD ./Drivers/STM32F4xx_HAL_Driver/Src/stm32f4xx_hal_rcc.o
LOAD ./Drivers/STM32F4xx_HAL_Driver/Src/stm32f4xx_hal_rcc_ex.o
LOAD ./Drivers/STM32F4xx_HAL_Driver/Src/stm32f4xx_hal_spi.o
LOAD ./Drivers/STM32F4xx_HAL_Driver/Src/stm32f4xx_hal_tim.o
LOAD ./Drivers/STM32F4xx_HAL_Driver/Src/stm32f4xx_hal_tim_ex.o
LOAD ./Drivers/STM32F4xx_HAL_Driver/Src/stm32f4xx_hal_uart.o
LOAD ./ESP8266/ESP8266_Chelo.o
LOAD ./HTTP/http.o
LOAD ./LoRa/RYLR896.o
LOAD ./ModBUS/ModBUS_Chelo.o
LOAD ./STM32_ETH_W5100/ETH_W5100.o
LOAD ./STRING/STR_Chelo.o
START GROUP
LOAD C:/ST/STM32CubeIDE_1.9.0/STM32CubeIDE/plugins/com.st.stm32cube.ide.mcu.externaltools.gnu-tools-for-stm32.11.3.rel1.win32_1.1.0.202305231506/tools/bin/../lib/gcc/arm-none-eabi/11.3.1/../../../../arm-none-eabi/lib/thumb/v7e-m+fp/hard\libc_nano.a
LOAD C:/ST/STM32CubeIDE_1.9.0/STM32CubeIDE/plugins/com.st.stm32cube.ide.mcu.externaltools.gnu-tools-for-stm32.11.3.rel1.win32_1.1.0.202305231506/tools/bin/../lib/gcc/arm-none-eabi/11.3.1/../../../../arm-none-eabi/lib/thumb/v7e-m+fp/hard\libm.a
END GROUP
START GROUP
LOAD C:/ST/STM32CubeIDE_1.9.0/STM32CubeIDE/plugins/com.st.stm32cube.ide.mcu.externaltools.gnu-tools-for-stm32.11.3.rel1.win32_1.1.0.202305231506/tools/bin/../lib/gcc/arm-none-eabi/11.3.1/thumb/v7e-m+fp/hard\libgcc.a
LOAD C:/ST/STM32CubeIDE_1.9.0/STM32CubeIDE/plugins/com.st.stm32cube.ide.mcu.externaltools.gnu-tools-for-stm32.11.3.rel1.win32_1.1.0.202305231506/tools/bin/../lib/gcc/arm-none-eabi/11.3.1/../../../../arm-none-eabi/lib/thumb/v7e-m+fp/hard\libc_nano.a
END GROUP
START GROUP
LOAD C:/ST/STM32CubeIDE_1.9.0/STM32CubeIDE/plugins/com.st.stm32cube.ide.mcu.externaltools.gnu-tools-for-stm32.11.3.rel1.win32_1.1.0.202305231506/tools/bin/../lib/gcc/arm-none-eabi/11.3.1/thumb/v7e-m+fp/hard\libgcc.a
LOAD C:/ST/STM32CubeIDE_1.9.0/STM32CubeIDE/plugins/com.st.stm32cube.ide.mcu.externaltools.gnu-tools-for-stm32.11.3.rel1.win32_1.1.0.202305231506/tools/bin/../lib/gcc/arm-none-eabi/11.3.1/../../../../arm-none-eabi/lib/thumb/v7e-m+fp/hard\libc_nano.a
LOAD C:/ST/STM32CubeIDE_1.9.0/STM32CubeIDE/plugins/com.st.stm32cube.ide.mcu.externaltools.gnu-tools-for-stm32.11.3.rel1.win32_1.1.0.202305231506/tools/bin/../lib/gcc/arm-none-eabi/11.3.1/../../../../arm-none-eabi/lib/thumb/v7e-m+fp/hard\libnosys.a
END GROUP
START GROUP
LOAD C:/ST/STM32CubeIDE_1.9.0/STM32CubeIDE/plugins/com.st.stm32cube.ide.mcu.externaltools.gnu-tools-for-stm32.11.3.rel1.win32_1.1.0.202305231506/tools/bin/../lib/gcc/arm-none-eabi/11.3.1/thumb/v7e-m+fp/hard\libgcc.a
LOAD C:/ST/STM32CubeIDE_1.9.0/STM32CubeIDE/plugins/com.st.stm32cube.ide.mcu.externaltools.gnu-tools-for-stm32.11.3.rel1.win32_1.1.0.202305231506/tools/bin/../lib/gcc/arm-none-eabi/11.3.1/../../../../arm-none-eabi/lib/thumb/v7e-m+fp/hard\libc_nano.a
LOAD C:/ST/STM32CubeIDE_1.9.0/STM32CubeIDE/plugins/com.st.stm32cube.ide.mcu.externaltools.gnu-tools-for-stm32.11.3.rel1.win32_1.1.0.202305231506/tools/bin/../lib/gcc/arm-none-eabi/11.3.1/../../../../arm-none-eabi/lib/thumb/v7e-m+fp/hard\libnosys.a
END GROUP
LOAD C:/ST/STM32CubeIDE_1.9.0/STM32CubeIDE/plugins/com.st.stm32cube.ide.mcu.externaltools.gnu-tools-for-stm32.11.3.rel1.win32_1.1.0.202305231506/tools/bin/../lib/gcc/arm-none-eabi/11.3.1/thumb/v7e-m+fp/hard/crtend.o
LOAD C:/ST/STM32CubeIDE_1.9.0/STM32CubeIDE/plugins/com.st.stm32cube.ide.mcu.externaltools.gnu-tools-for-stm32.11.3.rel1.win32_1.1.0.202305231506/tools/bin/../lib/gcc/arm-none-eabi/11.3.1/thumb/v7e-m+fp/hard/crtn.o
                0x0000000020020000                _estack = (ORIGIN (RAM) + LENGTH (RAM))
                0x0000000000000200                _Min_Heap_Size = 0x200
                0x0000000000000400                _Min_Stack_Size = 0x400

.isr_vector     0x0000000008000000      0x198
                0x0000000008000000                . = ALIGN (0x4)
 *(.isr_vector)
 .isr_vector    0x0000000008000000      0x198 ./Core/Startup/startup_stm32f411ceux.o
                0x0000000008000000                g_pfnVectors
                0x0000000008000198                . = ALIGN (0x4)

.text           0x00000000080001a0    0x10590
                0x00000000080001a0                . = ALIGN (0x4)
 *(.text)
 .text          0x00000000080001a0       0x40 C:/ST/STM32CubeIDE_1.9.0/STM32CubeIDE/plugins/com.st.stm32cube.ide.mcu.externaltools.gnu-tools-for-stm32.11.3.rel1.win32_1.1.0.202305231506/tools/bin/../lib/gcc/arm-none-eabi/11.3.1/thumb/v7e-m+fp/hard/crtbegin.o
 .text          0x00000000080001e0       0x14 C:/ST/STM32CubeIDE_1.9.0/STM32CubeIDE/plugins/com.st.stm32cube.ide.mcu.externaltools.gnu-tools-for-stm32.11.3.rel1.win32_1.1.0.202305231506/tools/bin/../lib/gcc/arm-none-eabi/11.3.1/../../../../arm-none-eabi/lib/thumb/v7e-m+fp/hard\libc_nano.a(libc_a-strcmp.o)
                0x00000000080001e0                strcmp
 .text          0x00000000080001f4       0x10 C:/ST/STM32CubeIDE_1.9.0/STM32CubeIDE/plugins/com.st.stm32cube.ide.mcu.externaltools.gnu-tools-for-stm32.11.3.rel1.win32_1.1.0.202305231506/tools/bin/../lib/gcc/arm-none-eabi/11.3.1/../../../../arm-none-eabi/lib/thumb/v7e-m+fp/hard\libc_nano.a(libc_a-strlen.o)
                0x00000000080001f4                strlen
 *fill*         0x0000000008000204        0xc 
 .text          0x0000000008000210       0xa0 C:/ST/STM32CubeIDE_1.9.0/STM32CubeIDE/plugins/com.st.stm32cube.ide.mcu.externaltools.gnu-tools-for-stm32.11.3.rel1.win32_1.1.0.202305231506/tools/bin/../lib/gcc/arm-none-eabi/11.3.1/../../../../arm-none-eabi/lib/thumb/v7e-m+fp/hard\libc_nano.a(libc_a-memchr.o)
                0x0000000008000210                memchr
 .text          0x00000000080002b0       0x30 C:/ST/STM32CubeIDE_1.9.0/STM32CubeIDE/plugins/com.st.stm32cube.ide.mcu.externaltools.gnu-tools-for-stm32.11.3.rel1.win32_1.1.0.202305231506/tools/bin/../lib/gcc/arm-none-eabi/11.3.1/thumb/v7e-m+fp/hard\libgcc.a(_aeabi_uldivmod.o)
                0x00000000080002b0                __aeabi_uldivmod
 .text          0x00000000080002e0      0x2c8 C:/ST/STM32CubeIDE_1.9.0/STM32CubeIDE/plugins/com.st.stm32cube.ide.mcu.externaltools.gnu-tools-for-stm32.11.3.rel1.win32_1.1.0.202305231506/tools/bin/../lib/gcc/arm-none-eabi/11.3.1/thumb/v7e-m+fp/hard\libgcc.a(_udivmoddi4.o)
                0x00000000080002e0                __udivmoddi4
 .text          0x00000000080005a8        0x4 C:/ST/STM32CubeIDE_1.9.0/STM32CubeIDE/plugins/com.st.stm32cube.ide.mcu.externaltools.gnu-tools-for-stm32.11.3.rel1.win32_1.1.0.202305231506/tools/bin/../lib/gcc/arm-none-eabi/11.3.1/thumb/v7e-m+fp/hard\libgcc.a(_dvmd_tls.o)
                0x00000000080005a8                __aeabi_idiv0
                0x00000000080005a8                __aeabi_ldiv0
 *(.text*)
 .text.__NVIC_SetPriority
                0x00000000080005ac       0x54 ./Core/Src/main.o
 .text.SysTick_Config
                0x0000000008000600       0x44 ./Core/Src/main.o
 .text.ITM_SendChar
                0x0000000008000644       0x4e ./Core/Src/main.o
 *fill*         0x0000000008000692        0x2 
 .text.main     0x0000000008000694      0x96c ./Core/Src/main.o
                0x0000000008000694                main
 .text.SystemClock_Config
                0x0000000008001000       0xd0 ./Core/Src/main.o
                0x0000000008001000                SystemClock_Config
 .text.MX_SPI1_Init
                0x00000000080010d0       0x6c ./Core/Src/main.o
 .text.MX_TIM2_Init
                0x000000000800113c       0xf4 ./Core/Src/main.o
 .text.MX_TIM3_Init
                0x0000000008001230       0xf8 ./Core/Src/main.o
 .text.MX_USART1_UART_Init
                0x0000000008001328       0x54 ./Core/Src/main.o
 .text.MX_USART2_UART_Init
                0x000000000800137c       0x54 ./Core/Src/main.o
 .text.MX_USART6_UART_Init
                0x00000000080013d0       0x54 ./Core/Src/main.o
 .text.MX_GPIO_Init
                0x0000000008001424      0x110 ./Core/Src/main.o
 .text.ITM0_Write
                0x0000000008001534       0x36 ./Core/Src/main.o
                0x0000000008001534                ITM0_Write
 *fill*         0x000000000800156a        0x2 
 .text.SysTick_Handler
                0x000000000800156c      0xab0 ./Core/Src/main.o
                0x000000000800156c                SysTick_Handler
 .text.HAL_UART_ErrorCallback
                0x000000000800201c       0xa8 ./Core/Src/main.o
                0x000000000800201c                HAL_UART_ErrorCallback
 .text.HAL_UART_RxCpltCallback
                0x00000000080020c4       0xf8 ./Core/Src/main.o
                0x00000000080020c4                HAL_UART_RxCpltCallback
 .text.HAL_TIM_OC_DelayElapsedCallback
                0x00000000080021bc      0x15c ./Core/Src/main.o
                0x00000000080021bc                HAL_TIM_OC_DelayElapsedCallback
 .text.ESP8266_HW_Reset
                0x0000000008002318       0x50 ./Core/Src/main.o
                0x0000000008002318                ESP8266_HW_Reset
 .text.ESP8266_HW_Init
                0x0000000008002368      0x160 ./Core/Src/main.o
                0x0000000008002368                ESP8266_HW_Init
 .text.Error_Handler
                0x00000000080024c8        0xa ./Core/Src/main.o
                0x00000000080024c8                Error_Handler
 *fill*         0x00000000080024d2        0x2 
 .text.HAL_MspInit
                0x00000000080024d4       0x50 ./Core/Src/stm32f4xx_hal_msp.o
                0x00000000080024d4                HAL_MspInit
 .text.HAL_SPI_MspInit
                0x0000000008002524       0x90 ./Core/Src/stm32f4xx_hal_msp.o
                0x0000000008002524                HAL_SPI_MspInit
 .text.HAL_TIM_Base_MspInit
                0x00000000080025b4       0x88 ./Core/Src/stm32f4xx_hal_msp.o
                0x00000000080025b4                HAL_TIM_Base_MspInit
 .text.HAL_UART_MspInit
                0x000000000800263c      0x184 ./Core/Src/stm32f4xx_hal_msp.o
                0x000000000800263c                HAL_UART_MspInit
 .text.HAL_UART_MspDeInit
                0x00000000080027c0       0x94 ./Core/Src/stm32f4xx_hal_msp.o
                0x00000000080027c0                HAL_UART_MspDeInit
 .text.NMI_Handler
                0x0000000008002854        0x6 ./Core/Src/stm32f4xx_it.o
                0x0000000008002854                NMI_Handler
 .text.HardFault_Handler
                0x000000000800285a        0x6 ./Core/Src/stm32f4xx_it.o
                0x000000000800285a                HardFault_Handler
 .text.MemManage_Handler
                0x0000000008002860        0x6 ./Core/Src/stm32f4xx_it.o
                0x0000000008002860                MemManage_Handler
 .text.BusFault_Handler
                0x0000000008002866        0x6 ./Core/Src/stm32f4xx_it.o
                0x0000000008002866                BusFault_Handler
 .text.UsageFault_Handler
                0x000000000800286c        0x6 ./Core/Src/stm32f4xx_it.o
                0x000000000800286c                UsageFault_Handler
 .text.SVC_Handler
                0x0000000008002872        0xe ./Core/Src/stm32f4xx_it.o
                0x0000000008002872                SVC_Handler
 .text.DebugMon_Handler
                0x0000000008002880        0xe ./Core/Src/stm32f4xx_it.o
                0x0000000008002880                DebugMon_Handler
 .text.PendSV_Handler
                0x000000000800288e        0xe ./Core/Src/stm32f4xx_it.o
                0x000000000800288e                PendSV_Handler
 .text.TIM2_IRQHandler
                0x000000000800289c       0x14 ./Core/Src/stm32f4xx_it.o
                0x000000000800289c                TIM2_IRQHandler
 .text.TIM3_IRQHandler
                0x00000000080028b0       0x14 ./Core/Src/stm32f4xx_it.o
                0x00000000080028b0                TIM3_IRQHandler
 .text.USART1_IRQHandler
                0x00000000080028c4       0x14 ./Core/Src/stm32f4xx_it.o
                0x00000000080028c4                USART1_IRQHandler
 .text.USART2_IRQHandler
                0x00000000080028d8       0x14 ./Core/Src/stm32f4xx_it.o
                0x00000000080028d8                USART2_IRQHandler
 .text._getpid  0x00000000080028ec       0x10 ./Core/Src/syscalls.o
                0x00000000080028ec                _getpid
 .text._kill    0x00000000080028fc       0x20 ./Core/Src/syscalls.o
                0x00000000080028fc                _kill
 .text._exit    0x000000000800291c       0x14 ./Core/Src/syscalls.o
                0x000000000800291c                _exit
 .text._read    0x0000000008002930       0x3a ./Core/Src/syscalls.o
                0x0000000008002930                _read
 .text._write   0x000000000800296a       0x38 ./Core/Src/syscalls.o
                0x000000000800296a                _write
 .text._close   0x00000000080029a2       0x18 ./Core/Src/syscalls.o
                0x00000000080029a2                _close
 .text._fstat   0x00000000080029ba       0x20 ./Core/Src/syscalls.o
                0x00000000080029ba                _fstat
 .text._isatty  0x00000000080029da       0x16 ./Core/Src/syscalls.o
                0x00000000080029da                _isatty
 .text._lseek   0x00000000080029f0       0x1a ./Core/Src/syscalls.o
                0x00000000080029f0                _lseek
 *fill*         0x0000000008002a0a        0x2 
 .text._sbrk    0x0000000008002a0c       0x6c ./Core/Src/sysmem.o
                0x0000000008002a0c                _sbrk
 .text.SystemInit
                0x0000000008002a78       0x24 ./Core/Src/system_stm32f4xx.o
                0x0000000008002a78                SystemInit
 .text.Reset_Handler
                0x0000000008002a9c       0x50 ./Core/Startup/startup_stm32f411ceux.o
                0x0000000008002a9c                Reset_Handler
 .text.Default_Handler
                0x0000000008002aec        0x2 ./Core/Startup/startup_stm32f411ceux.o
                0x0000000008002aec                RTC_Alarm_IRQHandler
                0x0000000008002aec                EXTI2_IRQHandler
                0x0000000008002aec                SPI4_IRQHandler
                0x0000000008002aec                TIM1_CC_IRQHandler
                0x0000000008002aec                DMA2_Stream5_IRQHandler
                0x0000000008002aec                DMA1_Stream5_IRQHandler
                0x0000000008002aec                PVD_IRQHandler
                0x0000000008002aec                SDIO_IRQHandler
                0x0000000008002aec                TAMP_STAMP_IRQHandler
                0x0000000008002aec                EXTI3_IRQHandler
                0x0000000008002aec                TIM1_UP_TIM10_IRQHandler
                0x0000000008002aec                I2C3_ER_IRQHandler
                0x0000000008002aec                EXTI0_IRQHandler
                0x0000000008002aec                I2C2_EV_IRQHandler
                0x0000000008002aec                DMA1_Stream2_IRQHandler
                0x0000000008002aec                FPU_IRQHandler
                0x0000000008002aec                DMA2_Stream2_IRQHandler
                0x0000000008002aec                SPI1_IRQHandler
                0x0000000008002aec                TIM1_BRK_TIM9_IRQHandler
                0x0000000008002aec                DMA2_Stream3_IRQHandler
                0x0000000008002aec                USART6_IRQHandler
                0x0000000008002aec                DMA2_Stream0_IRQHandler
                0x0000000008002aec                TIM4_IRQHandler
                0x0000000008002aec                I2C1_EV_IRQHandler
                0x0000000008002aec                DMA1_Stream6_IRQHandler
                0x0000000008002aec                DMA1_Stream1_IRQHandler
                0x0000000008002aec                RCC_IRQHandler
                0x0000000008002aec                Default_Handler
                0x0000000008002aec                EXTI15_10_IRQHandler
                0x0000000008002aec                ADC_IRQHandler
                0x0000000008002aec                DMA1_Stream7_IRQHandler
                0x0000000008002aec                SPI5_IRQHandler
                0x0000000008002aec                TIM5_IRQHandler
                0x0000000008002aec                DMA2_Stream7_IRQHandler
                0x0000000008002aec                I2C3_EV_IRQHandler
                0x0000000008002aec                EXTI9_5_IRQHandler
                0x0000000008002aec                RTC_WKUP_IRQHandler
                0x0000000008002aec                SPI2_IRQHandler
                0x0000000008002aec                DMA1_Stream0_IRQHandler
                0x0000000008002aec                EXTI4_IRQHandler
                0x0000000008002aec                WWDG_IRQHandler
                0x0000000008002aec                OTG_FS_WKUP_IRQHandler
                0x0000000008002aec                TIM1_TRG_COM_TIM11_IRQHandler
                0x0000000008002aec                EXTI1_IRQHandler
                0x0000000008002aec                I2C2_ER_IRQHandler
                0x0000000008002aec                DMA2_Stream1_IRQHandler
                0x0000000008002aec                FLASH_IRQHandler
                0x0000000008002aec                DMA2_Stream4_IRQHandler
                0x0000000008002aec                OTG_FS_IRQHandler
                0x0000000008002aec                SPI3_IRQHandler
                0x0000000008002aec                DMA1_Stream4_IRQHandler
                0x0000000008002aec                I2C1_ER_IRQHandler
                0x0000000008002aec                DMA2_Stream6_IRQHandler
                0x0000000008002aec                DMA1_Stream3_IRQHandler
 *fill*         0x0000000008002aee        0x2 
 .text.HAL_Init
                0x0000000008002af0       0x44 ./Drivers/STM32F4xx_HAL_Driver/Src/stm32f4xx_hal.o
                0x0000000008002af0                HAL_Init
 .text.HAL_InitTick
                0x0000000008002b34       0x60 ./Drivers/STM32F4xx_HAL_Driver/Src/stm32f4xx_hal.o
                0x0000000008002b34                HAL_InitTick
 .text.HAL_IncTick
                0x0000000008002b94       0x28 ./Drivers/STM32F4xx_HAL_Driver/Src/stm32f4xx_hal.o
                0x0000000008002b94                HAL_IncTick
 .text.HAL_GetTick
                0x0000000008002bbc       0x18 ./Drivers/STM32F4xx_HAL_Driver/Src/stm32f4xx_hal.o
                0x0000000008002bbc                HAL_GetTick
 .text.HAL_Delay
                0x0000000008002bd4       0x48 ./Drivers/STM32F4xx_HAL_Driver/Src/stm32f4xx_hal.o
                0x0000000008002bd4                HAL_Delay
 .text.__NVIC_SetPriorityGrouping
                0x0000000008002c1c       0x48 ./Drivers/STM32F4xx_HAL_Driver/Src/stm32f4xx_hal_cortex.o
 .text.__NVIC_GetPriorityGrouping
                0x0000000008002c64       0x1c ./Drivers/STM32F4xx_HAL_Driver/Src/stm32f4xx_hal_cortex.o
 .text.__NVIC_EnableIRQ
                0x0000000008002c80       0x3c ./Drivers/STM32F4xx_HAL_Driver/Src/stm32f4xx_hal_cortex.o
 .text.__NVIC_DisableIRQ
                0x0000000008002cbc       0x48 ./Drivers/STM32F4xx_HAL_Driver/Src/stm32f4xx_hal_cortex.o
 .text.__NVIC_SetPriority
                0x0000000008002d04       0x54 ./Drivers/STM32F4xx_HAL_Driver/Src/stm32f4xx_hal_cortex.o
 .text.NVIC_EncodePriority
                0x0000000008002d58       0x66 ./Drivers/STM32F4xx_HAL_Driver/Src/stm32f4xx_hal_cortex.o
 *fill*         0x0000000008002dbe        0x2 
 .text.SysTick_Config
                0x0000000008002dc0       0x44 ./Drivers/STM32F4xx_HAL_Driver/Src/stm32f4xx_hal_cortex.o
 .text.HAL_NVIC_SetPriorityGrouping
                0x0000000008002e04       0x16 ./Drivers/STM32F4xx_HAL_Driver/Src/stm32f4xx_hal_cortex.o
                0x0000000008002e04                HAL_NVIC_SetPriorityGrouping
 .text.HAL_NVIC_SetPriority
                0x0000000008002e1a       0x38 ./Drivers/STM32F4xx_HAL_Driver/Src/stm32f4xx_hal_cortex.o
                0x0000000008002e1a                HAL_NVIC_SetPriority
 .text.HAL_NVIC_EnableIRQ
                0x0000000008002e52       0x1c ./Drivers/STM32F4xx_HAL_Driver/Src/stm32f4xx_hal_cortex.o
                0x0000000008002e52                HAL_NVIC_EnableIRQ
 .text.HAL_NVIC_DisableIRQ
                0x0000000008002e6e       0x1c ./Drivers/STM32F4xx_HAL_Driver/Src/stm32f4xx_hal_cortex.o
                0x0000000008002e6e                HAL_NVIC_DisableIRQ
 .text.HAL_SYSTICK_Config
                0x0000000008002e8a       0x18 ./Drivers/STM32F4xx_HAL_Driver/Src/stm32f4xx_hal_cortex.o
                0x0000000008002e8a                HAL_SYSTICK_Config
 .text.HAL_DMA_Abort
                0x0000000008002ea2       0xe0 ./Drivers/STM32F4xx_HAL_Driver/Src/stm32f4xx_hal_dma.o
                0x0000000008002ea2                HAL_DMA_Abort
 .text.HAL_DMA_Abort_IT
                0x0000000008002f82       0x44 ./Drivers/STM32F4xx_HAL_Driver/Src/stm32f4xx_hal_dma.o
                0x0000000008002f82                HAL_DMA_Abort_IT
 *fill*         0x0000000008002fc6        0x2 
 .text.HAL_GPIO_Init
                0x0000000008002fc8      0x308 ./Drivers/STM32F4xx_HAL_Driver/Src/stm32f4xx_hal_gpio.o
                0x0000000008002fc8                HAL_GPIO_Init
 .text.HAL_GPIO_DeInit
                0x00000000080032d0      0x1c8 ./Drivers/STM32F4xx_HAL_Driver/Src/stm32f4xx_hal_gpio.o
                0x00000000080032d0                HAL_GPIO_DeInit
 .text.HAL_GPIO_WritePin
                0x0000000008003498       0x32 ./Drivers/STM32F4xx_HAL_Driver/Src/stm32f4xx_hal_gpio.o
                0x0000000008003498                HAL_GPIO_WritePin
 .text.HAL_GPIO_TogglePin
                0x00000000080034ca       0x34 ./Drivers/STM32F4xx_HAL_Driver/Src/stm32f4xx_hal_gpio.o
                0x00000000080034ca                HAL_GPIO_TogglePin
 *fill*         0x00000000080034fe        0x2 
 .text.HAL_RCC_OscConfig
                0x0000000008003500      0x4f0 ./Drivers/STM32F4xx_HAL_Driver/Src/stm32f4xx_hal_rcc.o
                0x0000000008003500                HAL_RCC_OscConfig
 .text.HAL_RCC_ClockConfig
                0x00000000080039f0      0x1cc ./Drivers/STM32F4xx_HAL_Driver/Src/stm32f4xx_hal_rcc.o
                0x00000000080039f0                HAL_RCC_ClockConfig
 .text.HAL_RCC_GetSysClockFreq
                0x0000000008003bbc      0x18c ./Drivers/STM32F4xx_HAL_Driver/Src/stm32f4xx_hal_rcc.o
                0x0000000008003bbc                HAL_RCC_GetSysClockFreq
 .text.HAL_RCC_GetHCLKFreq
                0x0000000008003d48       0x18 ./Drivers/STM32F4xx_HAL_Driver/Src/stm32f4xx_hal_rcc.o
                0x0000000008003d48                HAL_RCC_GetHCLKFreq
 .text.HAL_RCC_GetPCLK1Freq
                0x0000000008003d60       0x28 ./Drivers/STM32F4xx_HAL_Driver/Src/stm32f4xx_hal_rcc.o
                0x0000000008003d60                HAL_RCC_GetPCLK1Freq
 .text.HAL_RCC_GetPCLK2Freq
                0x0000000008003d88       0x28 ./Drivers/STM32F4xx_HAL_Driver/Src/stm32f4xx_hal_rcc.o
                0x0000000008003d88                HAL_RCC_GetPCLK2Freq
 .text.HAL_SPI_Init
                0x0000000008003db0      0x112 ./Drivers/STM32F4xx_HAL_Driver/Src/stm32f4xx_hal_spi.o
                0x0000000008003db0                HAL_SPI_Init
 .text.HAL_SPI_TransmitReceive
                0x0000000008003ec2      0x344 ./Drivers/STM32F4xx_HAL_Driver/Src/stm32f4xx_hal_spi.o
                0x0000000008003ec2                HAL_SPI_TransmitReceive
 *fill*         0x0000000008004206        0x2 
 .text.SPI_WaitFlagStateUntilTimeout
                0x0000000008004208      0x110 ./Drivers/STM32F4xx_HAL_Driver/Src/stm32f4xx_hal_spi.o
 .text.SPI_EndRxTxTransaction
                0x0000000008004318       0x84 ./Drivers/STM32F4xx_HAL_Driver/Src/stm32f4xx_hal_spi.o
 .text.HAL_TIM_Base_Init
                0x000000000800439c       0x9e ./Drivers/STM32F4xx_HAL_Driver/Src/stm32f4xx_hal_tim.o
                0x000000000800439c                HAL_TIM_Base_Init
 .text.HAL_TIM_OC_Init
                0x000000000800443a       0x9e ./Drivers/STM32F4xx_HAL_Driver/Src/stm32f4xx_hal_tim.o
                0x000000000800443a                HAL_TIM_OC_Init
 .text.HAL_TIM_OC_MspInit
                0x00000000080044d8       0x14 ./Drivers/STM32F4xx_HAL_Driver/Src/stm32f4xx_hal_tim.o
                0x00000000080044d8                HAL_TIM_OC_MspInit
 .text.HAL_TIM_OC_Start_IT
                0x00000000080044ec      0x1fc ./Drivers/STM32F4xx_HAL_Driver/Src/stm32f4xx_hal_tim.o
                0x00000000080044ec                HAL_TIM_OC_Start_IT
 .text.HAL_TIM_OC_Stop_IT
                0x00000000080046e8      0x164 ./Drivers/STM32F4xx_HAL_Driver/Src/stm32f4xx_hal_tim.o
                0x00000000080046e8                HAL_TIM_OC_Stop_IT
 .text.HAL_TIM_OnePulse_Init
                0x000000000800484c       0xa0 ./Drivers/STM32F4xx_HAL_Driver/Src/stm32f4xx_hal_tim.o
                0x000000000800484c                HAL_TIM_OnePulse_Init
 .text.HAL_TIM_OnePulse_MspInit
                0x00000000080048ec       0x14 ./Drivers/STM32F4xx_HAL_Driver/Src/stm32f4xx_hal_tim.o
                0x00000000080048ec                HAL_TIM_OnePulse_MspInit
 .text.HAL_TIM_IRQHandler
                0x0000000008004900      0x210 ./Drivers/STM32F4xx_HAL_Driver/Src/stm32f4xx_hal_tim.o
                0x0000000008004900                HAL_TIM_IRQHandler
 .text.HAL_TIM_OC_ConfigChannel
                0x0000000008004b10       0xb8 ./Drivers/STM32F4xx_HAL_Driver/Src/stm32f4xx_hal_tim.o
                0x0000000008004b10                HAL_TIM_OC_ConfigChannel
 .text.HAL_TIM_ConfigClockSource
                0x0000000008004bc8      0x18e ./Drivers/STM32F4xx_HAL_Driver/Src/stm32f4xx_hal_tim.o
                0x0000000008004bc8                HAL_TIM_ConfigClockSource
 .text.HAL_TIM_PeriodElapsedCallback
                0x0000000008004d56       0x14 ./Drivers/STM32F4xx_HAL_Driver/Src/stm32f4xx_hal_tim.o
                0x0000000008004d56                HAL_TIM_PeriodElapsedCallback
 .text.HAL_TIM_IC_CaptureCallback
                0x0000000008004d6a       0x14 ./Drivers/STM32F4xx_HAL_Driver/Src/stm32f4xx_hal_tim.o
                0x0000000008004d6a                HAL_TIM_IC_CaptureCallback
 .text.HAL_TIM_PWM_PulseFinishedCallback
                0x0000000008004d7e       0x14 ./Drivers/STM32F4xx_HAL_Driver/Src/stm32f4xx_hal_tim.o
                0x0000000008004d7e                HAL_TIM_PWM_PulseFinishedCallback
 .text.HAL_TIM_TriggerCallback
                0x0000000008004d92       0x14 ./Drivers/STM32F4xx_HAL_Driver/Src/stm32f4xx_hal_tim.o
                0x0000000008004d92                HAL_TIM_TriggerCallback
 *fill*         0x0000000008004da6        0x2 
 .text.TIM_Base_SetConfig
                0x0000000008004da8      0x100 ./Drivers/STM32F4xx_HAL_Driver/Src/stm32f4xx_hal_tim.o
                0x0000000008004da8                TIM_Base_SetConfig
 .text.TIM_OC1_SetConfig
                0x0000000008004ea8       0xcc ./Drivers/STM32F4xx_HAL_Driver/Src/stm32f4xx_hal_tim.o
 .text.TIM_OC2_SetConfig
                0x0000000008004f74       0xd8 ./Drivers/STM32F4xx_HAL_Driver/Src/stm32f4xx_hal_tim.o
                0x0000000008004f74                TIM_OC2_SetConfig
 .text.TIM_OC3_SetConfig
                0x000000000800504c       0xd4 ./Drivers/STM32F4xx_HAL_Driver/Src/stm32f4xx_hal_tim.o
 .text.TIM_OC4_SetConfig
                0x0000000008005120       0xa0 ./Drivers/STM32F4xx_HAL_Driver/Src/stm32f4xx_hal_tim.o
 .text.TIM_TI1_ConfigInputStage
                0x00000000080051c0       0x5e ./Drivers/STM32F4xx_HAL_Driver/Src/stm32f4xx_hal_tim.o
 .text.TIM_TI2_ConfigInputStage
                0x000000000800521e       0x60 ./Drivers/STM32F4xx_HAL_Driver/Src/stm32f4xx_hal_tim.o
 .text.TIM_ITRx_SetConfig
                0x000000000800527e       0x36 ./Drivers/STM32F4xx_HAL_Driver/Src/stm32f4xx_hal_tim.o
 .text.TIM_ETR_SetConfig
                0x00000000080052b4       0x40 ./Drivers/STM32F4xx_HAL_Driver/Src/stm32f4xx_hal_tim.o
                0x00000000080052b4                TIM_ETR_SetConfig
 .text.TIM_CCxChannelCmd
                0x00000000080052f4       0x4a ./Drivers/STM32F4xx_HAL_Driver/Src/stm32f4xx_hal_tim.o
                0x00000000080052f4                TIM_CCxChannelCmd
 *fill*         0x000000000800533e        0x2 
 .text.HAL_TIMEx_MasterConfigSynchronization
                0x0000000008005340       0xdc ./Drivers/STM32F4xx_HAL_Driver/Src/stm32f4xx_hal_tim_ex.o
                0x0000000008005340                HAL_TIMEx_MasterConfigSynchronization
 .text.HAL_TIMEx_CommutCallback
                0x000000000800541c       0x14 ./Drivers/STM32F4xx_HAL_Driver/Src/stm32f4xx_hal_tim_ex.o
                0x000000000800541c                HAL_TIMEx_CommutCallback
 .text.HAL_TIMEx_BreakCallback
                0x0000000008005430       0x14 ./Drivers/STM32F4xx_HAL_Driver/Src/stm32f4xx_hal_tim_ex.o
                0x0000000008005430                HAL_TIMEx_BreakCallback
 .text.HAL_UART_Init
                0x0000000008005444       0x9a ./Drivers/STM32F4xx_HAL_Driver/Src/stm32f4xx_hal_uart.o
                0x0000000008005444                HAL_UART_Init
 .text.HAL_UART_DeInit
                0x00000000080054de       0x5e ./Drivers/STM32F4xx_HAL_Driver/Src/stm32f4xx_hal_uart.o
                0x00000000080054de                HAL_UART_DeInit
 .text.HAL_UART_Transmit
                0x000000000800553c      0x124 ./Drivers/STM32F4xx_HAL_Driver/Src/stm32f4xx_hal_uart.o
                0x000000000800553c                HAL_UART_Transmit
 .text.HAL_UART_Transmit_IT
                0x0000000008005660       0x8a ./Drivers/STM32F4xx_HAL_Driver/Src/stm32f4xx_hal_uart.o
                0x0000000008005660                HAL_UART_Transmit_IT
 .text.HAL_UART_Receive_IT
                0x00000000080056ea       0x60 ./Drivers/STM32F4xx_HAL_Driver/Src/stm32f4xx_hal_uart.o
                0x00000000080056ea                HAL_UART_Receive_IT
 *fill*         0x000000000800574a        0x2 
 .text.HAL_UART_IRQHandler
                0x000000000800574c      0x51c ./Drivers/STM32F4xx_HAL_Driver/Src/stm32f4xx_hal_uart.o
                0x000000000800574c                HAL_UART_IRQHandler
 .text.HAL_UART_TxCpltCallback
                0x0000000008005c68       0x14 ./Drivers/STM32F4xx_HAL_Driver/Src/stm32f4xx_hal_uart.o
                0x0000000008005c68                HAL_UART_TxCpltCallback
 .text.HAL_UARTEx_RxEventCallback
                0x0000000008005c7c       0x18 ./Drivers/STM32F4xx_HAL_Driver/Src/stm32f4xx_hal_uart.o
                0x0000000008005c7c                HAL_UARTEx_RxEventCallback
 .text.UART_WaitOnFlagUntilTimeout
                0x0000000008005c94       0xdc ./Drivers/STM32F4xx_HAL_Driver/Src/stm32f4xx_hal_uart.o
 .text.UART_Start_Receive_IT
                0x0000000008005d70       0x7c ./Drivers/STM32F4xx_HAL_Driver/Src/stm32f4xx_hal_uart.o
                0x0000000008005d70                UART_Start_Receive_IT
 .text.UART_EndRxTransfer
                0x0000000008005dec       0xc6 ./Drivers/STM32F4xx_HAL_Driver/Src/stm32f4xx_hal_uart.o
 .text.UART_DMAAbortOnError
                0x0000000008005eb2       0x28 ./Drivers/STM32F4xx_HAL_Driver/Src/stm32f4xx_hal_uart.o
 .text.UART_Transmit_IT
                0x0000000008005eda       0xa0 ./Drivers/STM32F4xx_HAL_Driver/Src/stm32f4xx_hal_uart.o
 .text.UART_EndTransmit_IT
                0x0000000008005f7a       0x30 ./Drivers/STM32F4xx_HAL_Driver/Src/stm32f4xx_hal_uart.o
 .text.UART_Receive_IT
                0x0000000008005faa      0x176 ./Drivers/STM32F4xx_HAL_Driver/Src/stm32f4xx_hal_uart.o
 .text.UART_SetConfig
                0x0000000008006120      0x4e8 ./Drivers/STM32F4xx_HAL_Driver/Src/stm32f4xx_hal_uart.o
 .text.NOP      0x0000000008006608       0x2c ./ESP8266/ESP8266_Chelo.o
                0x0000000008006608                NOP
 .text.Cambiar_CWMODE
                0x0000000008006634       0x2c ./ESP8266/ESP8266_Chelo.o
                0x0000000008006634                Cambiar_CWMODE
 .text.ConectarWIFI
                0x0000000008006660       0x2c ./ESP8266/ESP8266_Chelo.o
                0x0000000008006660                ConectarWIFI
 .text.MUX      0x000000000800668c       0x2c ./ESP8266/ESP8266_Chelo.o
                0x000000000800668c                MUX
 .text.IPDef    0x00000000080066b8       0x2c ./ESP8266/ESP8266_Chelo.o
                0x00000000080066b8                IPDef
 .text.DesconectarWIFI
                0x00000000080066e4       0x2c ./ESP8266/ESP8266_Chelo.o
                0x00000000080066e4                DesconectarWIFI
 .text.ConectarTCP
                0x0000000008006710       0x2c ./ESP8266/ESP8266_Chelo.o
                0x0000000008006710                ConectarTCP
 .text.CrearServidorTCP
                0x000000000800673c       0x2c ./ESP8266/ESP8266_Chelo.o
                0x000000000800673c                CrearServidorTCP
 .text.EnviarDatosSRVR
                0x0000000008006768       0x2c ./ESP8266/ESP8266_Chelo.o
                0x0000000008006768                EnviarDatosSRVR
 .text.EnviarDatos
                0x0000000008006794       0x2c ./ESP8266/ESP8266_Chelo.o
                0x0000000008006794                EnviarDatos
 .text.Inicializar
                0x00000000080067c0      0x19e ./ESP8266/ESP8266_Chelo.o
                0x00000000080067c0                Inicializar
 *fill*         0x000000000800695e        0x2 
 .text.AT_ESP8266_ND
                0x0000000008006960     0x3550 ./ESP8266/ESP8266_Chelo.o
                0x0000000008006960                AT_ESP8266_ND
 .text.WiFi_Conn_ND
                0x0000000008009eb0     0x19c0 ./ESP8266/ESP8266_Chelo.o
                0x0000000008009eb0                WiFi_Conn_ND
 .text.httpPOST
                0x000000000800b870      0x714 ./HTTP/http.o
                0x000000000800b870                httpPOST
 .text.LoRa_Send
                0x000000000800bf84      0x15c ./LoRa/RYLR896.o
                0x000000000800bf84                LoRa_Send
 .text.LoRa_reset_sndTIMER
                0x000000000800c0e0       0x36 ./LoRa/RYLR896.o
                0x000000000800c0e0                LoRa_reset_sndTIMER
 *fill*         0x000000000800c116        0x2 
 .text.LoRa_decode
                0x000000000800c118      0x458 ./LoRa/RYLR896.o
                0x000000000800c118                LoRa_decode
 .text.Lora_idSTR
                0x000000000800c570      0x4e4 ./LoRa/RYLR896.o
                0x000000000800c570                Lora_idSTR
 .text.Lora_rx_del
                0x000000000800ca54       0x32 ./LoRa/RYLR896.o
                0x000000000800ca54                Lora_rx_del
 *fill*         0x000000000800ca86        0x2 
 .text.ModBUS_Config
                0x000000000800ca88       0xa8 ./ModBUS/ModBUS_Chelo.o
                0x000000000800ca88                ModBUS_Config
 .text.ModBUS_Check
                0x000000000800cb30       0x3e ./ModBUS/ModBUS_Chelo.o
                0x000000000800cb30                ModBUS_Check
 .text.ModBUS_Check_tid
                0x000000000800cb6e       0x60 ./ModBUS/ModBUS_Chelo.o
                0x000000000800cb6e                ModBUS_Check_tid
 .text.ModBUS_F03_Assign
                0x000000000800cbce       0x5c ./ModBUS/ModBUS_Chelo.o
                0x000000000800cbce                ModBUS_F03_Assign
 .text.ModBUS_F03_Read
                0x000000000800cc2a       0x5c ./ModBUS/ModBUS_Chelo.o
                0x000000000800cc2a                ModBUS_F03_Read
 .text.ModBUS_F03_Request
                0x000000000800cc86       0xac ./ModBUS/ModBUS_Chelo.o
                0x000000000800cc86                ModBUS_F03_Request
 *fill*         0x000000000800cd32        0x2 
 .text.ModBUS   0x000000000800cd34     0x13d4 ./ModBUS/ModBUS_Chelo.o
                0x000000000800cd34                ModBUS
 .text.SPI_ETH  0x000000000800e108       0x4e ./STM32_ETH_W5100/ETH_W5100.o
                0x000000000800e108                SPI_ETH
 .text.SPI_ETH_REG
                0x000000000800e156       0xf0 ./STM32_ETH_W5100/ETH_W5100.o
                0x000000000800e156                SPI_ETH_REG
 .text.SPI_ETH_WR_REG_16
                0x000000000800e246       0x78 ./STM32_ETH_W5100/ETH_W5100.o
                0x000000000800e246                SPI_ETH_WR_REG_16
 .text.SPI_ETH_RD_RCV_REG_16
                0x000000000800e2be       0x7a ./STM32_ETH_W5100/ETH_W5100.o
                0x000000000800e2be                SPI_ETH_RD_RCV_REG_16
 .text.SPI_ETH_WR_TX_REG_16
                0x000000000800e338       0x74 ./STM32_ETH_W5100/ETH_W5100.o
                0x000000000800e338                SPI_ETH_WR_TX_REG_16
 .text.eth_wr_SOCKET_CMD
                0x000000000800e3ac       0x3c ./STM32_ETH_W5100/ETH_W5100.o
                0x000000000800e3ac                eth_wr_SOCKET_CMD
 .text.eth_wr_SOCKET_MODE
                0x000000000800e3e8       0x3c ./STM32_ETH_W5100/ETH_W5100.o
                0x000000000800e3e8                eth_wr_SOCKET_MODE
 .text.eth_init
                0x000000000800e424       0xf4 ./STM32_ETH_W5100/ETH_W5100.o
                0x000000000800e424                eth_init
 .text.eth_socket_init
                0x000000000800e518       0xf8 ./STM32_ETH_W5100/ETH_W5100.o
                0x000000000800e518                eth_socket_init
 .text.eth_rd_SOCKET_STAT
                0x000000000800e610       0x3a ./STM32_ETH_W5100/ETH_W5100.o
                0x000000000800e610                eth_rd_SOCKET_STAT
 .text.eth_rd_SOCKET_CMD
                0x000000000800e64a       0x3a ./STM32_ETH_W5100/ETH_W5100.o
                0x000000000800e64a                eth_rd_SOCKET_CMD
 .text.eth_rd_SOCKET_DATA
                0x000000000800e684      0x1a0 ./STM32_ETH_W5100/ETH_W5100.o
                0x000000000800e684                eth_rd_SOCKET_DATA
 .text.eth_wr_SOCKET_DATA
                0x000000000800e824      0x1c8 ./STM32_ETH_W5100/ETH_W5100.o
                0x000000000800e824                eth_wr_SOCKET_DATA
 .text.FT_String_ND
                0x000000000800e9ec      0x690 ./STRING/STR_Chelo.o
                0x000000000800e9ec                FT_String_ND
 .text.INTOA    0x000000000800f07c       0x68 ./STRING/STR_Chelo.o
                0x000000000800f07c                INTOA
 .text.CopiaVector
                0x000000000800f0e4       0x96 ./STRING/STR_Chelo.o
                0x000000000800f0e4                CopiaVector
 .text.atoi     0x000000000800f17a        0x8 C:/ST/STM32CubeIDE_1.9.0/STM32CubeIDE/plugins/com.st.stm32cube.ide.mcu.externaltools.gnu-tools-for-stm32.11.3.rel1.win32_1.1.0.202305231506/tools/bin/../lib/gcc/arm-none-eabi/11.3.1/../../../../arm-none-eabi/lib/thumb/v7e-m+fp/hard\libc_nano.a(libc_a-atoi.o)
                0x000000000800f17a                atoi
 .text.__itoa   0x000000000800f182       0x30 C:/ST/STM32CubeIDE_1.9.0/STM32CubeIDE/plugins/com.st.stm32cube.ide.mcu.externaltools.gnu-tools-for-stm32.11.3.rel1.win32_1.1.0.202305231506/tools/bin/../lib/gcc/arm-none-eabi/11.3.1/../../../../arm-none-eabi/lib/thumb/v7e-m+fp/hard\libc_nano.a(libc_a-itoa.o)
                0x000000000800f182                __itoa
 .text.itoa     0x000000000800f1b2        0x4 C:/ST/STM32CubeIDE_1.9.0/STM32CubeIDE/plugins/com.st.stm32cube.ide.mcu.externaltools.gnu-tools-for-stm32.11.3.rel1.win32_1.1.0.202305231506/tools/bin/../lib/gcc/arm-none-eabi/11.3.1/../../../../arm-none-eabi/lib/thumb/v7e-m+fp/hard\libc_nano.a(libc_a-itoa.o)
                0x000000000800f1b2                itoa
 *fill*         0x000000000800f1b6        0x2 
 .text._strtol_l.constprop.0
                0x000000000800f1b8      0x104 C:/ST/STM32CubeIDE_1.9.0/STM32CubeIDE/plugins/com.st.stm32cube.ide.mcu.externaltools.gnu-tools-for-stm32.11.3.rel1.win32_1.1.0.202305231506/tools/bin/../lib/gcc/arm-none-eabi/11.3.1/../../../../arm-none-eabi/lib/thumb/v7e-m+fp/hard\libc_nano.a(libc_a-strtol.o)
 .text.strtol   0x000000000800f2bc       0x14 C:/ST/STM32CubeIDE_1.9.0/STM32CubeIDE/plugins/com.st.stm32cube.ide.mcu.externaltools.gnu-tools-for-stm32.11.3.rel1.win32_1.1.0.202305231506/tools/bin/../lib/gcc/arm-none-eabi/11.3.1/../../../../arm-none-eabi/lib/thumb/v7e-m+fp/hard\libc_nano.a(libc_a-strtol.o)
                0x000000000800f2bc                strtol
 .text.__utoa   0x000000000800f2d0       0x84 C:/ST/STM32CubeIDE_1.9.0/STM32CubeIDE/plugins/com.st.stm32cube.ide.mcu.externaltools.gnu-tools-for-stm32.11.3.rel1.win32_1.1.0.202305231506/tools/bin/../lib/gcc/arm-none-eabi/11.3.1/../../../../arm-none-eabi/lib/thumb/v7e-m+fp/hard\libc_nano.a(libc_a-utoa.o)
                0x000000000800f2d0                __utoa
 .text.std      0x000000000800f354       0x48 C:/ST/STM32CubeIDE_1.9.0/STM32CubeIDE/plugins/com.st.stm32cube.ide.mcu.externaltools.gnu-tools-for-stm32.11.3.rel1.win32_1.1.0.202305231506/tools/bin/../lib/gcc/arm-none-eabi/11.3.1/../../../../arm-none-eabi/lib/thumb/v7e-m+fp/hard\libc_nano.a(libc_a-findfp.o)
 .text.stdio_exit_handler
                0x000000000800f39c       0x18 C:/ST/STM32CubeIDE_1.9.0/STM32CubeIDE/plugins/com.st.stm32cube.ide.mcu.externaltools.gnu-tools-for-stm32.11.3.rel1.win32_1.1.0.202305231506/tools/bin/../lib/gcc/arm-none-eabi/11.3.1/../../../../arm-none-eabi/lib/thumb/v7e-m+fp/hard\libc_nano.a(libc_a-findfp.o)
 .text.cleanup_stdio
                0x000000000800f3b4       0x40 C:/ST/STM32CubeIDE_1.9.0/STM32CubeIDE/plugins/com.st.stm32cube.ide.mcu.externaltools.gnu-tools-for-stm32.11.3.rel1.win32_1.1.0.202305231506/tools/bin/../lib/gcc/arm-none-eabi/11.3.1/../../../../arm-none-eabi/lib/thumb/v7e-m+fp/hard\libc_nano.a(libc_a-findfp.o)
 .text.global_stdio_init.part.0
                0x000000000800f3f4       0x3c C:/ST/STM32CubeIDE_1.9.0/STM32CubeIDE/plugins/com.st.stm32cube.ide.mcu.externaltools.gnu-tools-for-stm32.11.3.rel1.win32_1.1.0.202305231506/tools/bin/../lib/gcc/arm-none-eabi/11.3.1/../../../../arm-none-eabi/lib/thumb/v7e-m+fp/hard\libc_nano.a(libc_a-findfp.o)
 .text.__sfp_lock_acquire
                0x000000000800f430        0xc C:/ST/STM32CubeIDE_1.9.0/STM32CubeIDE/plugins/com.st.stm32cube.ide.mcu.externaltools.gnu-tools-for-stm32.11.3.rel1.win32_1.1.0.202305231506/tools/bin/../lib/gcc/arm-none-eabi/11.3.1/../../../../arm-none-eabi/lib/thumb/v7e-m+fp/hard\libc_nano.a(libc_a-findfp.o)
                0x000000000800f430                __sfp_lock_acquire
 .text.__sfp_lock_release
                0x000000000800f43c        0xc C:/ST/STM32CubeIDE_1.9.0/STM32CubeIDE/plugins/com.st.stm32cube.ide.mcu.externaltools.gnu-tools-for-stm32.11.3.rel1.win32_1.1.0.202305231506/tools/bin/../lib/gcc/arm-none-eabi/11.3.1/../../../../arm-none-eabi/lib/thumb/v7e-m+fp/hard\libc_nano.a(libc_a-findfp.o)
                0x000000000800f43c                __sfp_lock_release
 .text.__sinit  0x000000000800f448       0x30 C:/ST/STM32CubeIDE_1.9.0/STM32CubeIDE/plugins/com.st.stm32cube.ide.mcu.externaltools.gnu-tools-for-stm32.11.3.rel1.win32_1.1.0.202305231506/tools/bin/../lib/gcc/arm-none-eabi/11.3.1/../../../../arm-none-eabi/lib/thumb/v7e-m+fp/hard\libc_nano.a(libc_a-findfp.o)
                0x000000000800f448                __sinit
 .text._fwalk_sglue
                0x000000000800f478       0x3c C:/ST/STM32CubeIDE_1.9.0/STM32CubeIDE/plugins/com.st.stm32cube.ide.mcu.externaltools.gnu-tools-for-stm32.11.3.rel1.win32_1.1.0.202305231506/tools/bin/../lib/gcc/arm-none-eabi/11.3.1/../../../../arm-none-eabi/lib/thumb/v7e-m+fp/hard\libc_nano.a(libc_a-fwalk.o)
                0x000000000800f478                _fwalk_sglue
 .text.sprintf  0x000000000800f4b4       0x40 C:/ST/STM32CubeIDE_1.9.0/STM32CubeIDE/plugins/com.st.stm32cube.ide.mcu.externaltools.gnu-tools-for-stm32.11.3.rel1.win32_1.1.0.202305231506/tools/bin/../lib/gcc/arm-none-eabi/11.3.1/../../../../arm-none-eabi/lib/thumb/v7e-m+fp/hard\libc_nano.a(libc_a-sprintf.o)
                0x000000000800f4b4                siprintf
                0x000000000800f4b4                sprintf
 .text.__sread  0x000000000800f4f4       0x22 C:/ST/STM32CubeIDE_1.9.0/STM32CubeIDE/plugins/com.st.stm32cube.ide.mcu.externaltools.gnu-tools-for-stm32.11.3.rel1.win32_1.1.0.202305231506/tools/bin/../lib/gcc/arm-none-eabi/11.3.1/../../../../arm-none-eabi/lib/thumb/v7e-m+fp/hard\libc_nano.a(libc_a-stdio.o)
                0x000000000800f4f4                __sread
 .text.__swrite
                0x000000000800f516       0x38 C:/ST/STM32CubeIDE_1.9.0/STM32CubeIDE/plugins/com.st.stm32cube.ide.mcu.externaltools.gnu-tools-for-stm32.11.3.rel1.win32_1.1.0.202305231506/tools/bin/../lib/gcc/arm-none-eabi/11.3.1/../../../../arm-none-eabi/lib/thumb/v7e-m+fp/hard\libc_nano.a(libc_a-stdio.o)
                0x000000000800f516                __swrite
 .text.__sseek  0x000000000800f54e       0x24 C:/ST/STM32CubeIDE_1.9.0/STM32CubeIDE/plugins/com.st.stm32cube.ide.mcu.externaltools.gnu-tools-for-stm32.11.3.rel1.win32_1.1.0.202305231506/tools/bin/../lib/gcc/arm-none-eabi/11.3.1/../../../../arm-none-eabi/lib/thumb/v7e-m+fp/hard\libc_nano.a(libc_a-stdio.o)
                0x000000000800f54e                __sseek
 .text.__sclose
                0x000000000800f572        0x8 C:/ST/STM32CubeIDE_1.9.0/STM32CubeIDE/plugins/com.st.stm32cube.ide.mcu.externaltools.gnu-tools-for-stm32.11.3.rel1.win32_1.1.0.202305231506/tools/bin/../lib/gcc/arm-none-eabi/11.3.1/../../../../arm-none-eabi/lib/thumb/v7e-m+fp/hard\libc_nano.a(libc_a-stdio.o)
                0x000000000800f572                __sclose
 .text.memset   0x000000000800f57a       0x10 C:/ST/STM32CubeIDE_1.9.0/STM32CubeIDE/plugins/com.st.stm32cube.ide.mcu.externaltools.gnu-tools-for-stm32.11.3.rel1.win32_1.1.0.202305231506/tools/bin/../lib/gcc/arm-none-eabi/11.3.1/../../../../arm-none-eabi/lib/thumb/v7e-m+fp/hard\libc_nano.a(libc_a-memset.o)
                0x000000000800f57a                memset
 .text.strncat  0x000000000800f58a       0x26 C:/ST/STM32CubeIDE_1.9.0/STM32CubeIDE/plugins/com.st.stm32cube.ide.mcu.externaltools.gnu-tools-for-stm32.11.3.rel1.win32_1.1.0.202305231506/tools/bin/../lib/gcc/arm-none-eabi/11.3.1/../../../../arm-none-eabi/lib/thumb/v7e-m+fp/hard\libc_nano.a(libc_a-strncat.o)
                0x000000000800f58a                strncat
 .text.strtok   0x000000000800f5b0       0x68 C:/ST/STM32CubeIDE_1.9.0/STM32CubeIDE/plugins/com.st.stm32cube.ide.mcu.externaltools.gnu-tools-for-stm32.11.3.rel1.win32_1.1.0.202305231506/tools/bin/../lib/gcc/arm-none-eabi/11.3.1/../../../../arm-none-eabi/lib/thumb/v7e-m+fp/hard\libc_nano.a(libc_a-strtok.o)
                0x000000000800f5b0                strtok
 .text.__strtok_r
                0x000000000800f618       0x50 C:/ST/STM32CubeIDE_1.9.0/STM32CubeIDE/plugins/com.st.stm32cube.ide.mcu.externaltools.gnu-tools-for-stm32.11.3.rel1.win32_1.1.0.202305231506/tools/bin/../lib/gcc/arm-none-eabi/11.3.1/../../../../arm-none-eabi/lib/thumb/v7e-m+fp/hard\libc_nano.a(libc_a-strtok_r.o)
                0x000000000800f618                __strtok_r
 .text._close_r
                0x000000000800f668       0x20 C:/ST/STM32CubeIDE_1.9.0/STM32CubeIDE/plugins/com.st.stm32cube.ide.mcu.externaltools.gnu-tools-for-stm32.11.3.rel1.win32_1.1.0.202305231506/tools/bin/../lib/gcc/arm-none-eabi/11.3.1/../../../../arm-none-eabi/lib/thumb/v7e-m+fp/hard\libc_nano.a(libc_a-closer.o)
                0x000000000800f668                _close_r
 .text._lseek_r
                0x000000000800f688       0x24 C:/ST/STM32CubeIDE_1.9.0/STM32CubeIDE/plugins/com.st.stm32cube.ide.mcu.externaltools.gnu-tools-for-stm32.11.3.rel1.win32_1.1.0.202305231506/tools/bin/../lib/gcc/arm-none-eabi/11.3.1/../../../../arm-none-eabi/lib/thumb/v7e-m+fp/hard\libc_nano.a(libc_a-lseekr.o)
                0x000000000800f688                _lseek_r
 .text._read_r  0x000000000800f6ac       0x24 C:/ST/STM32CubeIDE_1.9.0/STM32CubeIDE/plugins/com.st.stm32cube.ide.mcu.externaltools.gnu-tools-for-stm32.11.3.rel1.win32_1.1.0.202305231506/tools/bin/../lib/gcc/arm-none-eabi/11.3.1/../../../../arm-none-eabi/lib/thumb/v7e-m+fp/hard\libc_nano.a(libc_a-readr.o)
                0x000000000800f6ac                _read_r
 .text._write_r
                0x000000000800f6d0       0x24 C:/ST/STM32CubeIDE_1.9.0/STM32CubeIDE/plugins/com.st.stm32cube.ide.mcu.externaltools.gnu-tools-for-stm32.11.3.rel1.win32_1.1.0.202305231506/tools/bin/../lib/gcc/arm-none-eabi/11.3.1/../../../../arm-none-eabi/lib/thumb/v7e-m+fp/hard\libc_nano.a(libc_a-writer.o)
                0x000000000800f6d0                _write_r
 .text.__errno  0x000000000800f6f4        0xc C:/ST/STM32CubeIDE_1.9.0/STM32CubeIDE/plugins/com.st.stm32cube.ide.mcu.externaltools.gnu-tools-for-stm32.11.3.rel1.win32_1.1.0.202305231506/tools/bin/../lib/gcc/arm-none-eabi/11.3.1/../../../../arm-none-eabi/lib/thumb/v7e-m+fp/hard\libc_nano.a(libc_a-errno.o)
                0x000000000800f6f4                __errno
 .text.__libc_init_array
                0x000000000800f700       0x48 C:/ST/STM32CubeIDE_1.9.0/STM32CubeIDE/plugins/com.st.stm32cube.ide.mcu.externaltools.gnu-tools-for-stm32.11.3.rel1.win32_1.1.0.202305231506/tools/bin/../lib/gcc/arm-none-eabi/11.3.1/../../../../arm-none-eabi/lib/thumb/v7e-m+fp/hard\libc_nano.a(libc_a-init.o)
                0x000000000800f700                __libc_init_array
 .text.__retarget_lock_acquire_recursive
                0x000000000800f748        0x2 C:/ST/STM32CubeIDE_1.9.0/STM32CubeIDE/plugins/com.st.stm32cube.ide.mcu.externaltools.gnu-tools-for-stm32.11.3.rel1.win32_1.1.0.202305231506/tools/bin/../lib/gcc/arm-none-eabi/11.3.1/../../../../arm-none-eabi/lib/thumb/v7e-m+fp/hard\libc_nano.a(libc_a-lock.o)
                0x000000000800f748                __retarget_lock_acquire_recursive
 .text.__retarget_lock_release_recursive
                0x000000000800f74a        0x2 C:/ST/STM32CubeIDE_1.9.0/STM32CubeIDE/plugins/com.st.stm32cube.ide.mcu.externaltools.gnu-tools-for-stm32.11.3.rel1.win32_1.1.0.202305231506/tools/bin/../lib/gcc/arm-none-eabi/11.3.1/../../../../arm-none-eabi/lib/thumb/v7e-m+fp/hard\libc_nano.a(libc_a-lock.o)
                0x000000000800f74a                __retarget_lock_release_recursive
 .text.strcpy   0x000000000800f74c       0x10 C:/ST/STM32CubeIDE_1.9.0/STM32CubeIDE/plugins/com.st.stm32cube.ide.mcu.externaltools.gnu-tools-for-stm32.11.3.rel1.win32_1.1.0.202305231506/tools/bin/../lib/gcc/arm-none-eabi/11.3.1/../../../../arm-none-eabi/lib/thumb/v7e-m+fp/hard\libc_nano.a(libc_a-strcpy.o)
                0x000000000800f74c                strcpy
 .text.__assert_func
                0x000000000800f75c       0x3c C:/ST/STM32CubeIDE_1.9.0/STM32CubeIDE/plugins/com.st.stm32cube.ide.mcu.externaltools.gnu-tools-for-stm32.11.3.rel1.win32_1.1.0.202305231506/tools/bin/../lib/gcc/arm-none-eabi/11.3.1/../../../../arm-none-eabi/lib/thumb/v7e-m+fp/hard\libc_nano.a(libc_a-assert.o)
                0x000000000800f75c                __assert_func
 .text._free_r  0x000000000800f798       0x98 C:/ST/STM32CubeIDE_1.9.0/STM32CubeIDE/plugins/com.st.stm32cube.ide.mcu.externaltools.gnu-tools-for-stm32.11.3.rel1.win32_1.1.0.202305231506/tools/bin/../lib/gcc/arm-none-eabi/11.3.1/../../../../arm-none-eabi/lib/thumb/v7e-m+fp/hard\libc_nano.a(libc_a-freer.o)
                0x000000000800f798                _free_r
 .text.malloc   0x000000000800f830       0x10 C:/ST/STM32CubeIDE_1.9.0/STM32CubeIDE/plugins/com.st.stm32cube.ide.mcu.externaltools.gnu-tools-for-stm32.11.3.rel1.win32_1.1.0.202305231506/tools/bin/../lib/gcc/arm-none-eabi/11.3.1/../../../../arm-none-eabi/lib/thumb/v7e-m+fp/hard\libc_nano.a(libc_a-malloc.o)
                0x000000000800f830                malloc
 .text.sbrk_aligned
                0x000000000800f840       0x40 C:/ST/STM32CubeIDE_1.9.0/STM32CubeIDE/plugins/com.st.stm32cube.ide.mcu.externaltools.gnu-tools-for-stm32.11.3.rel1.win32_1.1.0.202305231506/tools/bin/../lib/gcc/arm-none-eabi/11.3.1/../../../../arm-none-eabi/lib/thumb/v7e-m+fp/hard\libc_nano.a(libc_a-mallocr.o)
 .text._malloc_r
                0x000000000800f880      0x100 C:/ST/STM32CubeIDE_1.9.0/STM32CubeIDE/plugins/com.st.stm32cube.ide.mcu.externaltools.gnu-tools-for-stm32.11.3.rel1.win32_1.1.0.202305231506/tools/bin/../lib/gcc/arm-none-eabi/11.3.1/../../../../arm-none-eabi/lib/thumb/v7e-m+fp/hard\libc_nano.a(libc_a-mallocr.o)
                0x000000000800f880                _malloc_r
 .text.__malloc_lock
                0x000000000800f980        0xc C:/ST/STM32CubeIDE_1.9.0/STM32CubeIDE/plugins/com.st.stm32cube.ide.mcu.externaltools.gnu-tools-for-stm32.11.3.rel1.win32_1.1.0.202305231506/tools/bin/../lib/gcc/arm-none-eabi/11.3.1/../../../../arm-none-eabi/lib/thumb/v7e-m+fp/hard\libc_nano.a(libc_a-mlock.o)
                0x000000000800f980                __malloc_lock
 .text.__malloc_unlock
                0x000000000800f98c        0xc C:/ST/STM32CubeIDE_1.9.0/STM32CubeIDE/plugins/com.st.stm32cube.ide.mcu.externaltools.gnu-tools-for-stm32.11.3.rel1.win32_1.1.0.202305231506/tools/bin/../lib/gcc/arm-none-eabi/11.3.1/../../../../arm-none-eabi/lib/thumb/v7e-m+fp/hard\libc_nano.a(libc_a-mlock.o)
                0x000000000800f98c                __malloc_unlock
 .text.__ssputs_r
                0x000000000800f998       0xb4 C:/ST/STM32CubeIDE_1.9.0/STM32CubeIDE/plugins/com.st.stm32cube.ide.mcu.externaltools.gnu-tools-for-stm32.11.3.rel1.win32_1.1.0.202305231506/tools/bin/../lib/gcc/arm-none-eabi/11.3.1/../../../../arm-none-eabi/lib/thumb/v7e-m+fp/hard\libc_nano.a(libc_a-nano-svfprintf.o)
                0x000000000800f998                __ssputs_r
 .text._svfprintf_r
                0x000000000800fa4c      0x1fc C:/ST/STM32CubeIDE_1.9.0/STM32CubeIDE/plugins/com.st.stm32cube.ide.mcu.externaltools.gnu-tools-for-stm32.11.3.rel1.win32_1.1.0.202305231506/tools/bin/../lib/gcc/arm-none-eabi/11.3.1/../../../../arm-none-eabi/lib/thumb/v7e-m+fp/hard\libc_nano.a(libc_a-nano-svfprintf.o)
                0x000000000800fa4c                _svfiprintf_r
                0x000000000800fa4c                _svfprintf_r
 .text._printf_common
                0x000000000800fc48       0xda C:/ST/STM32CubeIDE_1.9.0/STM32CubeIDE/plugins/com.st.stm32cube.ide.mcu.externaltools.gnu-tools-for-stm32.11.3.rel1.win32_1.1.0.202305231506/tools/bin/../lib/gcc/arm-none-eabi/11.3.1/../../../../arm-none-eabi/lib/thumb/v7e-m+fp/hard\libc_nano.a(libc_a-nano-vfprintf_i.o)
                0x000000000800fc48                _printf_common
 *fill*         0x000000000800fd22        0x2 
 .text._printf_i
                0x000000000800fd24      0x244 C:/ST/STM32CubeIDE_1.9.0/STM32CubeIDE/plugins/com.st.stm32cube.ide.mcu.externaltools.gnu-tools-for-stm32.11.3.rel1.win32_1.1.0.202305231506/tools/bin/../lib/gcc/arm-none-eabi/11.3.1/../../../../arm-none-eabi/lib/thumb/v7e-m+fp/hard\libc_nano.a(libc_a-nano-vfprintf_i.o)
                0x000000000800fd24                _printf_i
 .text.__sflush_r
                0x000000000800ff68      0x10c C:/ST/STM32CubeIDE_1.9.0/STM32CubeIDE/plugins/com.st.stm32cube.ide.mcu.externaltools.gnu-tools-for-stm32.11.3.rel1.win32_1.1.0.202305231506/tools/bin/../lib/gcc/arm-none-eabi/11.3.1/../../../../arm-none-eabi/lib/thumb/v7e-m+fp/hard\libc_nano.a(libc_a-fflush.o)
                0x000000000800ff68                __sflush_r
 .text._fflush_r
                0x0000000008010074       0x50 C:/ST/STM32CubeIDE_1.9.0/STM32CubeIDE/plugins/com.st.stm32cube.ide.mcu.externaltools.gnu-tools-for-stm32.11.3.rel1.win32_1.1.0.202305231506/tools/bin/../lib/gcc/arm-none-eabi/11.3.1/../../../../arm-none-eabi/lib/thumb/v7e-m+fp/hard\libc_nano.a(libc_a-fflush.o)
                0x0000000008010074                _fflush_r
 .text.fprintf  0x00000000080100c4       0x24 C:/ST/STM32CubeIDE_1.9.0/STM32CubeIDE/plugins/com.st.stm32cube.ide.mcu.externaltools.gnu-tools-for-stm32.11.3.rel1.win32_1.1.0.202305231506/tools/bin/../lib/gcc/arm-none-eabi/11.3.1/../../../../arm-none-eabi/lib/thumb/v7e-m+fp/hard\libc_nano.a(libc_a-fprintf.o)
                0x00000000080100c4                fiprintf
                0x00000000080100c4                fprintf
 .text.memmove  0x00000000080100e8       0x34 C:/ST/STM32CubeIDE_1.9.0/STM32CubeIDE/plugins/com.st.stm32cube.ide.mcu.externaltools.gnu-tools-for-stm32.11.3.rel1.win32_1.1.0.202305231506/tools/bin/../lib/gcc/arm-none-eabi/11.3.1/../../../../arm-none-eabi/lib/thumb/v7e-m+fp/hard\libc_nano.a(libc_a-memmove.o)
                0x00000000080100e8                memmove
 .text._sbrk_r  0x000000000801011c       0x20 C:/ST/STM32CubeIDE_1.9.0/STM32CubeIDE/plugins/com.st.stm32cube.ide.mcu.externaltools.gnu-tools-for-stm32.11.3.rel1.win32_1.1.0.202305231506/tools/bin/../lib/gcc/arm-none-eabi/11.3.1/../../../../arm-none-eabi/lib/thumb/v7e-m+fp/hard\libc_nano.a(libc_a-sbrkr.o)
                0x000000000801011c                _sbrk_r
 .text.memcpy   0x000000000801013c       0x1c C:/ST/STM32CubeIDE_1.9.0/STM32CubeIDE/plugins/com.st.stm32cube.ide.mcu.externaltools.gnu-tools-for-stm32.11.3.rel1.win32_1.1.0.202305231506/tools/bin/../lib/gcc/arm-none-eabi/11.3.1/../../../../arm-none-eabi/lib/thumb/v7e-m+fp/hard\libc_nano.a(libc_a-memcpy-stub.o)
                0x000000000801013c                memcpy
 .text.abort    0x0000000008010158        0xe C:/ST/STM32CubeIDE_1.9.0/STM32CubeIDE/plugins/com.st.stm32cube.ide.mcu.externaltools.gnu-tools-for-stm32.11.3.rel1.win32_1.1.0.202305231506/tools/bin/../lib/gcc/arm-none-eabi/11.3.1/../../../../arm-none-eabi/lib/thumb/v7e-m+fp/hard\libc_nano.a(libc_a-abort.o)
                0x0000000008010158                abort
 .text._realloc_r
                0x0000000008010166       0x5e C:/ST/STM32CubeIDE_1.9.0/STM32CubeIDE/plugins/com.st.stm32cube.ide.mcu.externaltools.gnu-tools-for-stm32.11.3.rel1.win32_1.1.0.202305231506/tools/bin/../lib/gcc/arm-none-eabi/11.3.1/../../../../arm-none-eabi/lib/thumb/v7e-m+fp/hard\libc_nano.a(libc_a-reallocr.o)
                0x0000000008010166                _realloc_r
 .text.__sfputc_r
                0x00000000080101c4       0x2e C:/ST/STM32CubeIDE_1.9.0/STM32CubeIDE/plugins/com.st.stm32cube.ide.mcu.externaltools.gnu-tools-for-stm32.11.3.rel1.win32_1.1.0.202305231506/tools/bin/../lib/gcc/arm-none-eabi/11.3.1/../../../../arm-none-eabi/lib/thumb/v7e-m+fp/hard\libc_nano.a(libc_a-nano-vfprintf.o)
 .text.__sfputs_r
                0x00000000080101f2       0x24 C:/ST/STM32CubeIDE_1.9.0/STM32CubeIDE/plugins/com.st.stm32cube.ide.mcu.externaltools.gnu-tools-for-stm32.11.3.rel1.win32_1.1.0.202305231506/tools/bin/../lib/gcc/arm-none-eabi/11.3.1/../../../../arm-none-eabi/lib/thumb/v7e-m+fp/hard\libc_nano.a(libc_a-nano-vfprintf.o)
                0x00000000080101f2                __sfputs_r
 *fill*         0x0000000008010216        0x2 
 .text._vfprintf_r
                0x0000000008010218      0x234 C:/ST/STM32CubeIDE_1.9.0/STM32CubeIDE/plugins/com.st.stm32cube.ide.mcu.externaltools.gnu-tools-for-stm32.11.3.rel1.win32_1.1.0.202305231506/tools/bin/../lib/gcc/arm-none-eabi/11.3.1/../../../../arm-none-eabi/lib/thumb/v7e-m+fp/hard\libc_nano.a(libc_a-nano-vfprintf.o)
                0x0000000008010218                _vfprintf_r
                0x0000000008010218                _vfiprintf_r
 .text.__swbuf_r
                0x000000000801044c       0x7a C:/ST/STM32CubeIDE_1.9.0/STM32CubeIDE/plugins/com.st.stm32cube.ide.mcu.externaltools.gnu-tools-for-stm32.11.3.rel1.win32_1.1.0.202305231506/tools/bin/../lib/gcc/arm-none-eabi/11.3.1/../../../../arm-none-eabi/lib/thumb/v7e-m+fp/hard\libc_nano.a(libc_a-wbuf.o)
                0x000000000801044c                __swbuf_r
 *fill*         0x00000000080104c6        0x2 
 .text.__swsetup_r
                0x00000000080104c8       0xb0 C:/ST/STM32CubeIDE_1.9.0/STM32CubeIDE/plugins/com.st.stm32cube.ide.mcu.externaltools.gnu-tools-for-stm32.11.3.rel1.win32_1.1.0.202305231506/tools/bin/../lib/gcc/arm-none-eabi/11.3.1/../../../../arm-none-eabi/lib/thumb/v7e-m+fp/hard\libc_nano.a(libc_a-wsetup.o)
                0x00000000080104c8                __swsetup_r
 .text._raise_r
                0x0000000008010578       0x50 C:/ST/STM32CubeIDE_1.9.0/STM32CubeIDE/plugins/com.st.stm32cube.ide.mcu.externaltools.gnu-tools-for-stm32.11.3.rel1.win32_1.1.0.202305231506/tools/bin/../lib/gcc/arm-none-eabi/11.3.1/../../../../arm-none-eabi/lib/thumb/v7e-m+fp/hard\libc_nano.a(libc_a-signal.o)
                0x0000000008010578                _raise_r
 .text.raise    0x00000000080105c8       0x10 C:/ST/STM32CubeIDE_1.9.0/STM32CubeIDE/plugins/com.st.stm32cube.ide.mcu.externaltools.gnu-tools-for-stm32.11.3.rel1.win32_1.1.0.202305231506/tools/bin/../lib/gcc/arm-none-eabi/11.3.1/../../../../arm-none-eabi/lib/thumb/v7e-m+fp/hard\libc_nano.a(libc_a-signal.o)
                0x00000000080105c8                raise
 .text._kill_r  0x00000000080105d8       0x24 C:/ST/STM32CubeIDE_1.9.0/STM32CubeIDE/plugins/com.st.stm32cube.ide.mcu.externaltools.gnu-tools-for-stm32.11.3.rel1.win32_1.1.0.202305231506/tools/bin/../lib/gcc/arm-none-eabi/11.3.1/../../../../arm-none-eabi/lib/thumb/v7e-m+fp/hard\libc_nano.a(libc_a-signalr.o)
                0x00000000080105d8                _kill_r
 .text._getpid_r
                0x00000000080105fc        0x4 C:/ST/STM32CubeIDE_1.9.0/STM32CubeIDE/plugins/com.st.stm32cube.ide.mcu.externaltools.gnu-tools-for-stm32.11.3.rel1.win32_1.1.0.202305231506/tools/bin/../lib/gcc/arm-none-eabi/11.3.1/../../../../arm-none-eabi/lib/thumb/v7e-m+fp/hard\libc_nano.a(libc_a-signalr.o)
                0x00000000080105fc                _getpid_r
 .text._malloc_usable_size_r
                0x0000000008010600       0x10 C:/ST/STM32CubeIDE_1.9.0/STM32CubeIDE/plugins/com.st.stm32cube.ide.mcu.externaltools.gnu-tools-for-stm32.11.3.rel1.win32_1.1.0.202305231506/tools/bin/../lib/gcc/arm-none-eabi/11.3.1/../../../../arm-none-eabi/lib/thumb/v7e-m+fp/hard\libc_nano.a(libc_a-msizer.o)
                0x0000000008010600                _malloc_usable_size_r
 .text.__swhatbuf_r
                0x0000000008010610       0x4c C:/ST/STM32CubeIDE_1.9.0/STM32CubeIDE/plugins/com.st.stm32cube.ide.mcu.externaltools.gnu-tools-for-stm32.11.3.rel1.win32_1.1.0.202305231506/tools/bin/../lib/gcc/arm-none-eabi/11.3.1/../../../../arm-none-eabi/lib/thumb/v7e-m+fp/hard\libc_nano.a(libc_a-makebuf.o)
                0x0000000008010610                __swhatbuf_r
 .text.__smakebuf_r
                0x000000000801065c       0x78 C:/ST/STM32CubeIDE_1.9.0/STM32CubeIDE/plugins/com.st.stm32cube.ide.mcu.externaltools.gnu-tools-for-stm32.11.3.rel1.win32_1.1.0.202305231506/tools/bin/../lib/gcc/arm-none-eabi/11.3.1/../../../../arm-none-eabi/lib/thumb/v7e-m+fp/hard\libc_nano.a(libc_a-makebuf.o)
                0x000000000801065c                __smakebuf_r
 .text._fstat_r
                0x00000000080106d4       0x24 C:/ST/STM32CubeIDE_1.9.0/STM32CubeIDE/plugins/com.st.stm32cube.ide.mcu.externaltools.gnu-tools-for-stm32.11.3.rel1.win32_1.1.0.202305231506/tools/bin/../lib/gcc/arm-none-eabi/11.3.1/../../../../arm-none-eabi/lib/thumb/v7e-m+fp/hard\libc_nano.a(libc_a-fstatr.o)
                0x00000000080106d4                _fstat_r
 .text._isatty_r
                0x00000000080106f8       0x20 C:/ST/STM32CubeIDE_1.9.0/STM32CubeIDE/plugins/com.st.stm32cube.ide.mcu.externaltools.gnu-tools-for-stm32.11.3.rel1.win32_1.1.0.202305231506/tools/bin/../lib/gcc/arm-none-eabi/11.3.1/../../../../arm-none-eabi/lib/thumb/v7e-m+fp/hard\libc_nano.a(libc_a-isattyr.o)
                0x00000000080106f8                _isatty_r
 *(.glue_7)
 .glue_7        0x0000000008010718        0x0 linker stubs
 *(.glue_7t)
 .glue_7t       0x0000000008010718        0x0 linker stubs
 *(.eh_frame)
 .eh_frame      0x0000000008010718        0x0 C:/ST/STM32CubeIDE_1.9.0/STM32CubeIDE/plugins/com.st.stm32cube.ide.mcu.externaltools.gnu-tools-for-stm32.11.3.rel1.win32_1.1.0.202305231506/tools/bin/../lib/gcc/arm-none-eabi/11.3.1/thumb/v7e-m+fp/hard/crtbegin.o
 *(.init)
 .init          0x0000000008010718        0x4 C:/ST/STM32CubeIDE_1.9.0/STM32CubeIDE/plugins/com.st.stm32cube.ide.mcu.externaltools.gnu-tools-for-stm32.11.3.rel1.win32_1.1.0.202305231506/tools/bin/../lib/gcc/arm-none-eabi/11.3.1/thumb/v7e-m+fp/hard/crti.o
                0x0000000008010718                _init
 .init          0x000000000801071c        0x8 C:/ST/STM32CubeIDE_1.9.0/STM32CubeIDE/plugins/com.st.stm32cube.ide.mcu.externaltools.gnu-tools-for-stm32.11.3.rel1.win32_1.1.0.202305231506/tools/bin/../lib/gcc/arm-none-eabi/11.3.1/thumb/v7e-m+fp/hard/crtn.o
 *(.fini)
 .fini          0x0000000008010724        0x4 C:/ST/STM32CubeIDE_1.9.0/STM32CubeIDE/plugins/com.st.stm32cube.ide.mcu.externaltools.gnu-tools-for-stm32.11.3.rel1.win32_1.1.0.202305231506/tools/bin/../lib/gcc/arm-none-eabi/11.3.1/thumb/v7e-m+fp/hard/crti.o
                0x0000000008010724                _fini
 .fini          0x0000000008010728        0x8 C:/ST/STM32CubeIDE_1.9.0/STM32CubeIDE/plugins/com.st.stm32cube.ide.mcu.externaltools.gnu-tools-for-stm32.11.3.rel1.win32_1.1.0.202305231506/tools/bin/../lib/gcc/arm-none-eabi/11.3.1/thumb/v7e-m+fp/hard/crtn.o
                0x0000000008010730                . = ALIGN (0x4)
                0x0000000008010730                _etext = .

.vfp11_veneer   0x0000000008010730        0x0
 .vfp11_veneer  0x0000000008010730        0x0 linker stubs

.v4_bx          0x0000000008010730        0x0
 .v4_bx         0x0000000008010730        0x0 linker stubs

.iplt           0x0000000008010730        0x0
 .iplt          0x0000000008010730        0x0 C:/ST/STM32CubeIDE_1.9.0/STM32CubeIDE/plugins/com.st.stm32cube.ide.mcu.externaltools.gnu-tools-for-stm32.11.3.rel1.win32_1.1.0.202305231506/tools/bin/../lib/gcc/arm-none-eabi/11.3.1/thumb/v7e-m+fp/hard/crtbegin.o

.rodata         0x0000000008010730      0xb08
                0x0000000008010730                . = ALIGN (0x4)
 *(.rodata)
 .rodata        0x0000000008010730      0x2a2 ./Core/Src/main.o
 *fill*         0x00000000080109d2        0x2 
 .rodata        0x00000000080109d4      0x213 ./ESP8266/ESP8266_Chelo.o
 *fill*         0x0000000008010be7        0x1 
 .rodata        0x0000000008010be8       0x5d ./HTTP/http.o
 *fill*         0x0000000008010c45        0x3 
 .rodata        0x0000000008010c48      0x212 ./LoRa/RYLR896.o
 *fill*         0x0000000008010e5a        0x2 
 .rodata        0x0000000008010e5c      0x1ae ./STM32_ETH_W5100/ETH_W5100.o
 *fill*         0x000000000801100a        0x2 
 .rodata        0x000000000801100c        0xb ./STRING/STR_Chelo.o
 *(.rodata*)
 *fill*         0x0000000008011017        0x1 
 .rodata.AHBPrescTable
                0x0000000008011018       0x10 ./Core/Src/system_stm32f4xx.o
                0x0000000008011018                AHBPrescTable
 .rodata.APBPrescTable
                0x0000000008011028        0x8 ./Core/Src/system_stm32f4xx.o
                0x0000000008011028                APBPrescTable
 .rodata.__utoa.str1.1
                0x0000000008011030       0x25 C:/ST/STM32CubeIDE_1.9.0/STM32CubeIDE/plugins/com.st.stm32cube.ide.mcu.externaltools.gnu-tools-for-stm32.11.3.rel1.win32_1.1.0.202305231506/tools/bin/../lib/gcc/arm-none-eabi/11.3.1/../../../../arm-none-eabi/lib/thumb/v7e-m+fp/hard\libc_nano.a(libc_a-utoa.o)
 .rodata._ctype_
                0x0000000008011055      0x101 C:/ST/STM32CubeIDE_1.9.0/STM32CubeIDE/plugins/com.st.stm32cube.ide.mcu.externaltools.gnu-tools-for-stm32.11.3.rel1.win32_1.1.0.202305231506/tools/bin/../lib/gcc/arm-none-eabi/11.3.1/../../../../arm-none-eabi/lib/thumb/v7e-m+fp/hard\libc_nano.a(libc_a-ctype_.o)
                0x0000000008011055                _ctype_
 .rodata.strtok.str1.1
                0x0000000008011156       0x71 C:/ST/STM32CubeIDE_1.9.0/STM32CubeIDE/plugins/com.st.stm32cube.ide.mcu.externaltools.gnu-tools-for-stm32.11.3.rel1.win32_1.1.0.202305231506/tools/bin/../lib/gcc/arm-none-eabi/11.3.1/../../../../arm-none-eabi/lib/thumb/v7e-m+fp/hard\libc_nano.a(libc_a-strtok.o)
 .rodata.__assert_func.str1.1
                0x00000000080111c7       0x3c C:/ST/STM32CubeIDE_1.9.0/STM32CubeIDE/plugins/com.st.stm32cube.ide.mcu.externaltools.gnu-tools-for-stm32.11.3.rel1.win32_1.1.0.202305231506/tools/bin/../lib/gcc/arm-none-eabi/11.3.1/../../../../arm-none-eabi/lib/thumb/v7e-m+fp/hard\libc_nano.a(libc_a-assert.o)
                                         0x3d (size before relaxing)
 .rodata._svfprintf_r.str1.1
                0x0000000008011203       0x11 C:/ST/STM32CubeIDE_1.9.0/STM32CubeIDE/plugins/com.st.stm32cube.ide.mcu.externaltools.gnu-tools-for-stm32.11.3.rel1.win32_1.1.0.202305231506/tools/bin/../lib/gcc/arm-none-eabi/11.3.1/../../../../arm-none-eabi/lib/thumb/v7e-m+fp/hard\libc_nano.a(libc_a-nano-svfprintf.o)
 .rodata._printf_i.str1.1
                0x0000000008011214       0x22 C:/ST/STM32CubeIDE_1.9.0/STM32CubeIDE/plugins/com.st.stm32cube.ide.mcu.externaltools.gnu-tools-for-stm32.11.3.rel1.win32_1.1.0.202305231506/tools/bin/../lib/gcc/arm-none-eabi/11.3.1/../../../../arm-none-eabi/lib/thumb/v7e-m+fp/hard\libc_nano.a(libc_a-nano-vfprintf_i.o)
 .rodata._vfprintf_r.str1.1
                0x0000000008011236       0x11 C:/ST/STM32CubeIDE_1.9.0/STM32CubeIDE/plugins/com.st.stm32cube.ide.mcu.externaltools.gnu-tools-for-stm32.11.3.rel1.win32_1.1.0.202305231506/tools/bin/../lib/gcc/arm-none-eabi/11.3.1/../../../../arm-none-eabi/lib/thumb/v7e-m+fp/hard\libc_nano.a(libc_a-nano-vfprintf.o)
                0x0000000008011248                . = ALIGN (0x4)
 *fill*         0x0000000008011236        0x2 

.ARM.extab      0x0000000008011238        0x0
                0x0000000008011238                . = ALIGN (0x4)
 *(.ARM.extab* .gnu.linkonce.armextab.*)
                0x0000000008011238                . = ALIGN (0x4)

.ARM            0x0000000008011238        0x8
                0x0000000008011238                . = ALIGN (0x4)
                0x0000000008011238                __exidx_start = .
 *(.ARM.exidx*)
 .ARM.exidx     0x0000000008011238        0x8 C:/ST/STM32CubeIDE_1.9.0/STM32CubeIDE/plugins/com.st.stm32cube.ide.mcu.externaltools.gnu-tools-for-stm32.11.3.rel1.win32_1.1.0.202305231506/tools/bin/../lib/gcc/arm-none-eabi/11.3.1/thumb/v7e-m+fp/hard\libgcc.a(_udivmoddi4.o)
                0x0000000008011240                __exidx_end = .
                0x0000000008011240                . = ALIGN (0x4)

.rel.dyn        0x0000000008011240        0x0
 .rel.iplt      0x0000000008011240        0x0 C:/ST/STM32CubeIDE_1.9.0/STM32CubeIDE/plugins/com.st.stm32cube.ide.mcu.externaltools.gnu-tools-for-stm32.11.3.rel1.win32_1.1.0.202305231506/tools/bin/../lib/gcc/arm-none-eabi/11.3.1/thumb/v7e-m+fp/hard/crtbegin.o

.preinit_array  0x0000000008011240        0x0
                0x0000000008011240                . = ALIGN (0x4)
                0x0000000008011240                PROVIDE (__preinit_array_start = .)
 *(.preinit_array*)
                0x0000000008011240                PROVIDE (__preinit_array_end = .)
                0x0000000008011240                . = ALIGN (0x4)

.init_array     0x0000000008011240        0x4
                0x0000000008011240                . = ALIGN (0x4)
                0x0000000008011240                PROVIDE (__init_array_start = .)
 *(SORT_BY_NAME(.init_array.*))
 *(.init_array*)
 .init_array    0x0000000008011240        0x4 C:/ST/STM32CubeIDE_1.9.0/STM32CubeIDE/plugins/com.st.stm32cube.ide.mcu.externaltools.gnu-tools-for-stm32.11.3.rel1.win32_1.1.0.202305231506/tools/bin/../lib/gcc/arm-none-eabi/11.3.1/thumb/v7e-m+fp/hard/crtbegin.o
                0x0000000008011244                PROVIDE (__init_array_end = .)
                0x0000000008011244                . = ALIGN (0x4)

.fini_array     0x0000000008011244        0x4
                0x0000000008011244                . = ALIGN (0x4)
                [!provide]                        PROVIDE (__fini_array_start = .)
 *(SORT_BY_NAME(.fini_array.*))
 *(.fini_array*)
 .fini_array    0x0000000008011244        0x4 C:/ST/STM32CubeIDE_1.9.0/STM32CubeIDE/plugins/com.st.stm32cube.ide.mcu.externaltools.gnu-tools-for-stm32.11.3.rel1.win32_1.1.0.202305231506/tools/bin/../lib/gcc/arm-none-eabi/11.3.1/thumb/v7e-m+fp/hard/crtbegin.o
                [!provide]                        PROVIDE (__fini_array_end = .)
                0x0000000008011248                . = ALIGN (0x4)
                0x0000000008011248                _sidata = LOADADDR (.data)

.data           0x0000000020000000      0x178 load address 0x0000000008011248
                0x0000000020000000                . = ALIGN (0x4)
                0x0000000020000000                _sdata = .
 *(.data)
 *(.data*)
 .data.ENDPOINT
                0x0000000020000000        0x9 ./Core/Src/main.o
                0x0000000020000000                ENDPOINT
 *fill*         0x0000000020000009        0x3 
 .data.SERVER_IP
                0x000000002000000c        0xd ./Core/Src/main.o
                0x000000002000000c                SERVER_IP
 *fill*         0x0000000020000019        0x3 
 .data.PORT     0x000000002000001c        0x5 ./Core/Src/main.o
                0x000000002000001c                PORT
 *fill*         0x0000000020000021        0x3 
 .data.WIFI_NET
                0x0000000020000024        0x8 ./Core/Src/main.o
                0x0000000020000024                WIFI_NET
 .data.WIFI_PASS
                0x000000002000002c        0x9 ./Core/Src/main.o
                0x000000002000002c                WIFI_PASS
 *fill*         0x0000000020000035        0x3 
 .data.TCP_SERVER
                0x0000000020000038        0xd ./Core/Src/main.o
                0x0000000020000038                TCP_SERVER
 *fill*         0x0000000020000045        0x3 
 .data.TCP_PORT
                0x0000000020000048        0x5 ./Core/Src/main.o
                0x0000000020000048                TCP_PORT
 *fill*         0x000000002000004d        0x3 
 .data.TCP_SERVER_LOCAL
                0x0000000020000050        0xd ./Core/Src/main.o
                0x0000000020000050                TCP_SERVER_LOCAL
 *fill*         0x000000002000005d        0x3 
 .data.TCP_SERVER_LOCAL_GWY
                0x0000000020000060        0xd ./Core/Src/main.o
                0x0000000020000060                TCP_SERVER_LOCAL_GWY
 *fill*         0x000000002000006d        0x3 
 .data.TCP_SERVER_LOCAL_MSK
                0x0000000020000070        0xe ./Core/Src/main.o
                0x0000000020000070                TCP_SERVER_LOCAL_MSK
 *fill*         0x000000002000007e        0x2 
 .data.TCP_PORT_LOCAL
                0x0000000020000080        0x4 ./Core/Src/main.o
                0x0000000020000080                TCP_PORT_LOCAL
 .data.SystemCoreClock
                0x0000000020000084        0x4 ./Core/Src/system_stm32f4xx.o
                0x0000000020000084                SystemCoreClock
 .data.uwTickPrio
                0x0000000020000088        0x4 ./Drivers/STM32F4xx_HAL_Driver/Src/stm32f4xx_hal.o
                0x0000000020000088                uwTickPrio
 .data.uwTickFreq
                0x000000002000008c        0x1 ./Drivers/STM32F4xx_HAL_Driver/Src/stm32f4xx_hal.o
                0x000000002000008c                uwTickFreq
 *fill*         0x000000002000008d        0x3 
 .data.dd1      0x0000000020000090        0x7 ./HTTP/http.o
                0x0000000020000090                dd1
 *fill*         0x0000000020000097        0x1 
 .data.dd2      0x0000000020000098        0x7 ./HTTP/http.o
                0x0000000020000098                dd2
 *fill*         0x000000002000009f        0x1 
 .data.dd3      0x00000000200000a0        0x7 ./HTTP/http.o
                0x00000000200000a0                dd3
 *fill*         0x00000000200000a7        0x1 
 .data.dd4      0x00000000200000a8        0x7 ./HTTP/http.o
                0x00000000200000a8                dd4
 *fill*         0x00000000200000af        0x1 
 .data.dd5      0x00000000200000b0        0x7 ./HTTP/http.o
                0x00000000200000b0                dd5
 *fill*         0x00000000200000b7        0x1 
 .data.dd6      0x00000000200000b8        0x7 ./HTTP/http.o
                0x00000000200000b8                dd6
 *fill*         0x00000000200000bf        0x1 
 .data.dd7      0x00000000200000c0        0x7 ./HTTP/http.o
                0x00000000200000c0                dd7
 *fill*         0x00000000200000c7        0x1 
 .data.dd8      0x00000000200000c8        0x7 ./HTTP/http.o
                0x00000000200000c8                dd8
 *fill*         0x00000000200000cf        0x1 
 .data.dd9      0x00000000200000d0        0x7 ./HTTP/http.o
                0x00000000200000d0                dd9
 *fill*         0x00000000200000d7        0x1 
 .data.dd10     0x00000000200000d8        0x8 ./HTTP/http.o
                0x00000000200000d8                dd10
 .data.dd11     0x00000000200000e0        0x8 ./HTTP/http.o
                0x00000000200000e0                dd11
 .data.dd12     0x00000000200000e8        0x8 ./HTTP/http.o
                0x00000000200000e8                dd12
 .data.dd13     0x00000000200000f0        0x8 ./HTTP/http.o
                0x00000000200000f0                dd13
 .data.dd14     0x00000000200000f8        0x8 ./HTTP/http.o
                0x00000000200000f8                dd14
 .data.dd15     0x0000000020000100        0x8 ./HTTP/http.o
                0x0000000020000100                dd15
 .data.dd16     0x0000000020000108        0x8 ./HTTP/http.o
                0x0000000020000108                dd16
 .data.deviceId
                0x0000000020000110        0xa ./HTTP/http.o
                0x0000000020000110                deviceId
 *fill*         0x000000002000011a        0x2 
 .data.__sglue  0x000000002000011c        0xc C:/ST/STM32CubeIDE_1.9.0/STM32CubeIDE/plugins/com.st.stm32cube.ide.mcu.externaltools.gnu-tools-for-stm32.11.3.rel1.win32_1.1.0.202305231506/tools/bin/../lib/gcc/arm-none-eabi/11.3.1/../../../../arm-none-eabi/lib/thumb/v7e-m+fp/hard\libc_nano.a(libc_a-findfp.o)
                0x000000002000011c                __sglue
 .data._impure_data
                0x0000000020000128       0x4c C:/ST/STM32CubeIDE_1.9.0/STM32CubeIDE/plugins/com.st.stm32cube.ide.mcu.externaltools.gnu-tools-for-stm32.11.3.rel1.win32_1.1.0.202305231506/tools/bin/../lib/gcc/arm-none-eabi/11.3.1/../../../../arm-none-eabi/lib/thumb/v7e-m+fp/hard\libc_nano.a(libc_a-impure.o)
                0x0000000020000128                _impure_data
 .data._impure_ptr
                0x0000000020000174        0x4 C:/ST/STM32CubeIDE_1.9.0/STM32CubeIDE/plugins/com.st.stm32cube.ide.mcu.externaltools.gnu-tools-for-stm32.11.3.rel1.win32_1.1.0.202305231506/tools/bin/../lib/gcc/arm-none-eabi/11.3.1/../../../../arm-none-eabi/lib/thumb/v7e-m+fp/hard\libc_nano.a(libc_a-impure.o)
                0x0000000020000174                _impure_ptr
 *(.RamFunc)
 *(.RamFunc*)
                0x0000000020000178                . = ALIGN (0x4)
                0x0000000020000178                _edata = .

.igot.plt       0x0000000020000178        0x0 load address 0x00000000080113c0
 .igot.plt      0x0000000020000178        0x0 C:/ST/STM32CubeIDE_1.9.0/STM32CubeIDE/plugins/com.st.stm32cube.ide.mcu.externaltools.gnu-tools-for-stm32.11.3.rel1.win32_1.1.0.202305231506/tools/bin/../lib/gcc/arm-none-eabi/11.3.1/thumb/v7e-m+fp/hard/crtbegin.o
                0x0000000020000178                . = ALIGN (0x4)

.bss            0x0000000020000178     0x403c load address 0x00000000080113c0
                0x0000000020000178                _sbss = .
                0x0000000020000178                __bss_start__ = _sbss
 *(.bss)
 .bss           0x0000000020000178       0x1c C:/ST/STM32CubeIDE_1.9.0/STM32CubeIDE/plugins/com.st.stm32cube.ide.mcu.externaltools.gnu-tools-for-stm32.11.3.rel1.win32_1.1.0.202305231506/tools/bin/../lib/gcc/arm-none-eabi/11.3.1/thumb/v7e-m+fp/hard/crtbegin.o
 *(.bss*)
 .bss.hspi1     0x0000000020000194       0x58 ./Core/Src/main.o
                0x0000000020000194                hspi1
 .bss.htim2     0x00000000200001ec       0x48 ./Core/Src/main.o
                0x00000000200001ec                htim2
 .bss.htim3     0x0000000020000234       0x48 ./Core/Src/main.o
                0x0000000020000234                htim3
 .bss.huart1    0x000000002000027c       0x44 ./Core/Src/main.o
                0x000000002000027c                huart1
 .bss.huart2    0x00000000200002c0       0x44 ./Core/Src/main.o
                0x00000000200002c0                huart2
 .bss.huart6    0x0000000020000304       0x44 ./Core/Src/main.o
                0x0000000020000304                huart6
 .bss.ms_ticks  0x0000000020000348        0x4 ./Core/Src/main.o
                0x0000000020000348                ms_ticks
 .bss.min_ticks
                0x000000002000034c        0x4 ./Core/Src/main.o
                0x000000002000034c                min_ticks
 .bss.lr        0x0000000020000350      0x804 ./Core/Src/main.o
                0x0000000020000350                lr
 .bss.error     0x0000000020000b54        0x1 ./Core/Src/main.o
                0x0000000020000b54                error
 *fill*         0x0000000020000b55        0x3 
 .bss.wf        0x0000000020000b58      0xd54 ./Core/Src/main.o
                0x0000000020000b58                wf
 .bss.mb_eth    0x00000000200018ac      0x650 ./Core/Src/main.o
                0x00000000200018ac                mb_eth
 .bss.mb_wf     0x0000000020001efc      0x650 ./Core/Src/main.o
                0x0000000020001efc                mb_wf
 .bss.post      0x000000002000254c      0x200 ./Core/Src/main.o
                0x000000002000254c                post
 .bss.body      0x000000002000274c      0x200 ./Core/Src/main.o
                0x000000002000274c                body
 .bss.ETH_DBG_EN
                0x000000002000294c        0x1 ./Core/Src/main.o
                0x000000002000294c                ETH_DBG_EN
 .bss.WF_SND_FLAG
                0x000000002000294d        0x1 ./Core/Src/main.o
                0x000000002000294d                WF_SND_FLAG
 *fill*         0x000000002000294e        0x2 
 .bss.wf_snd_flag_ticks
                0x0000000020002950        0x4 ./Core/Src/main.o
                0x0000000020002950                wf_snd_flag_ticks
 .bss.ETH       0x0000000020002954     0x1068 ./Core/Src/main.o
                0x0000000020002954                ETH
 .bss.S0_get_size
                0x00000000200039bc        0x2 ./Core/Src/main.o
                0x00000000200039bc                S0_get_size
 .bss.tx_mem_pointer
                0x00000000200039be        0x2 ./Core/Src/main.o
                0x00000000200039be                tx_mem_pointer
 .bss.rx_mem_pointer
                0x00000000200039c0        0x2 ./Core/Src/main.o
                0x00000000200039c0                rx_mem_pointer
 .bss.send_size
                0x00000000200039c2        0x2 ./Core/Src/main.o
                0x00000000200039c2                send_size
 .bss.spi_Data  0x00000000200039c4       0x40 ./Core/Src/main.o
                0x00000000200039c4                spi_Data
 .bss.spi_no_debug
                0x0000000020003a04        0x1 ./Core/Src/main.o
                0x0000000020003a04                spi_no_debug
 .bss.ESP_REinit
                0x0000000020003a05        0x1 ./Core/Src/main.o
                0x0000000020003a05                ESP_REinit
 .bss.ESP_InitF
                0x0000000020003a06        0x1 ./Core/Src/main.o
                0x0000000020003a06                ESP_InitF
 .bss.ESP_HW_Init
                0x0000000020003a07        0x1 ./Core/Src/main.o
                0x0000000020003a07                ESP_HW_Init
 .bss.EN_UART1_TMR
                0x0000000020003a08        0x1 ./Core/Src/main.o
                0x0000000020003a08                EN_UART1_TMR
 .bss.EN_UART2_TMR
                0x0000000020003a09        0x1 ./Core/Src/main.o
                0x0000000020003a09                EN_UART2_TMR
 .bss.EN_USART1_TMR
                0x0000000020003a0a        0x1 ./Core/Src/main.o
                0x0000000020003a0a                EN_USART1_TMR
 .bss.FLAG_TIMEOUT
                0x0000000020003a0b        0x1 ./Core/Src/main.o
                0x0000000020003a0b                FLAG_TIMEOUT
 .bss.FLAG_UART1
                0x0000000020003a0c        0x1 ./Core/Src/main.o
                0x0000000020003a0c                FLAG_UART1
 .bss.FLAG_UART2
                0x0000000020003a0d        0x1 ./Core/Src/main.o
                0x0000000020003a0d                FLAG_UART2
 .bss.resultado
                0x0000000020003a0e        0x1 ./Core/Src/main.o
                0x0000000020003a0e                resultado
 .bss.error_rxdata
                0x0000000020003a0f        0x1 ./Core/Src/main.o
                0x0000000020003a0f                error_rxdata
 .bss.esp_restart
                0x0000000020003a10        0x1 ./Core/Src/main.o
                0x0000000020003a10                esp_restart
 .bss.conexion  0x0000000020003a11        0x1 ./Core/Src/main.o
                0x0000000020003a11                conexion
 .bss.asc       0x0000000020003a12        0x1 ./Core/Src/main.o
                0x0000000020003a12                asc
 *fill*         0x0000000020003a13        0x1 
 .bss.SPI_READ_EN
                0x0000000020003a14        0x4 ./Core/Src/main.o
                0x0000000020003a14                SPI_READ_EN
 .bss.UART_RX_vect
                0x0000000020003a18      0x200 ./Core/Src/main.o
                0x0000000020003a18                UART_RX_vect
 .bss.UART2_RX_vect
                0x0000000020003c18      0x200 ./Core/Src/main.o
                0x0000000020003c18                UART2_RX_vect
 .bss.UART_RX_vect_hld
                0x0000000020003e18      0x200 ./Core/Src/main.o
                0x0000000020003e18                UART_RX_vect_hld
 .bss.CMP_VECT  0x0000000020004018        0x2 ./Core/Src/main.o
                0x0000000020004018                CMP_VECT
 *fill*         0x000000002000401a        0x2 
 .bss.UART_RX_byte
                0x000000002000401c        0x2 ./Core/Src/main.o
                0x000000002000401c                UART_RX_byte
 *fill*         0x000000002000401e        0x2 
 .bss.UART2_RX_byte
                0x0000000020004020        0x8 ./Core/Src/main.o
                0x0000000020004020                UART2_RX_byte
 .bss.UART_RX_items
                0x0000000020004028        0x4 ./Core/Src/main.o
                0x0000000020004028                UART_RX_items
 .bss.UART2_RX_items
                0x000000002000402c        0x4 ./Core/Src/main.o
                0x000000002000402c                UART2_RX_items
 .bss.ESP_ticks
                0x0000000020004030        0x4 ./Core/Src/main.o
                0x0000000020004030                ESP_ticks
 .bss.MBUS_ticks
                0x0000000020004034        0x4 ./Core/Src/main.o
                0x0000000020004034                MBUS_ticks
 .bss.MB_TOUT_ticks
                0x0000000020004038        0x4 ./Core/Src/main.o
                0x0000000020004038                MB_TOUT_ticks
 .bss.ticks     0x000000002000403c        0x4 ./Core/Src/main.o
                0x000000002000403c                ticks
 .bss.ntestc    0x0000000020004040        0x4 ./Core/Src/main.o
                0x0000000020004040                ntestc
 .bss.uart1pass
                0x0000000020004044        0x4 ./Core/Src/main.o
                0x0000000020004044                uart1pass
 .bss.USART1_ticks
                0x0000000020004048        0x4 ./Core/Src/main.o
                0x0000000020004048                USART1_ticks
 .bss.FLAG_USART1
                0x000000002000404c        0x4 ./Core/Src/main.o
                0x000000002000404c                FLAG_USART1
 .bss.items_rx  0x0000000020004050        0x4 ./Core/Src/main.o
                0x0000000020004050                items_rx
 .bss.UART_RX_pos
                0x0000000020004054        0x4 ./Core/Src/main.o
                0x0000000020004054                UART_RX_pos
 .bss.UART2_RX_pos
                0x0000000020004058        0x4 ./Core/Src/main.o
                0x0000000020004058                UART2_RX_pos
 .bss.dbgn      0x000000002000405c        0x4 ./Core/Src/main.o
                0x000000002000405c                dbgn
 .bss.__sbrk_heap_end
                0x0000000020004060        0x4 ./Core/Src/sysmem.o
 .bss.uwTick    0x0000000020004064        0x4 ./Drivers/STM32F4xx_HAL_Driver/Src/stm32f4xx_hal.o
                0x0000000020004064                uwTick
 .bss.__sf      0x0000000020004068      0x138 C:/ST/STM32CubeIDE_1.9.0/STM32CubeIDE/plugins/com.st.stm32cube.ide.mcu.externaltools.gnu-tools-for-stm32.11.3.rel1.win32_1.1.0.202305231506/tools/bin/../lib/gcc/arm-none-eabi/11.3.1/../../../../arm-none-eabi/lib/thumb/v7e-m+fp/hard\libc_nano.a(libc_a-findfp.o)
                0x0000000020004068                __sf
 .bss.__stdio_exit_handler
                0x00000000200041a0        0x4 C:/ST/STM32CubeIDE_1.9.0/STM32CubeIDE/plugins/com.st.stm32cube.ide.mcu.externaltools.gnu-tools-for-stm32.11.3.rel1.win32_1.1.0.202305231506/tools/bin/../lib/gcc/arm-none-eabi/11.3.1/../../../../arm-none-eabi/lib/thumb/v7e-m+fp/hard\libc_nano.a(libc_a-findfp.o)
                0x00000000200041a0                __stdio_exit_handler
 .bss.errno     0x00000000200041a4        0x4 C:/ST/STM32CubeIDE_1.9.0/STM32CubeIDE/plugins/com.st.stm32cube.ide.mcu.externaltools.gnu-tools-for-stm32.11.3.rel1.win32_1.1.0.202305231506/tools/bin/../lib/gcc/arm-none-eabi/11.3.1/../../../../arm-none-eabi/lib/thumb/v7e-m+fp/hard\libc_nano.a(libc_a-reent.o)
                0x00000000200041a4                errno
 .bss.__lock___malloc_recursive_mutex
                0x00000000200041a8        0x1 C:/ST/STM32CubeIDE_1.9.0/STM32CubeIDE/plugins/com.st.stm32cube.ide.mcu.externaltools.gnu-tools-for-stm32.11.3.rel1.win32_1.1.0.202305231506/tools/bin/../lib/gcc/arm-none-eabi/11.3.1/../../../../arm-none-eabi/lib/thumb/v7e-m+fp/hard\libc_nano.a(libc_a-lock.o)
                0x00000000200041a8                __lock___malloc_recursive_mutex
 .bss.__lock___sfp_recursive_mutex
                0x00000000200041a9        0x1 C:/ST/STM32CubeIDE_1.9.0/STM32CubeIDE/plugins/com.st.stm32cube.ide.mcu.externaltools.gnu-tools-for-stm32.11.3.rel1.win32_1.1.0.202305231506/tools/bin/../lib/gcc/arm-none-eabi/11.3.1/../../../../arm-none-eabi/lib/thumb/v7e-m+fp/hard\libc_nano.a(libc_a-lock.o)
                0x00000000200041a9                __lock___sfp_recursive_mutex
 *fill*         0x00000000200041aa        0x2 
 .bss.__malloc_free_list
                0x00000000200041ac        0x4 C:/ST/STM32CubeIDE_1.9.0/STM32CubeIDE/plugins/com.st.stm32cube.ide.mcu.externaltools.gnu-tools-for-stm32.11.3.rel1.win32_1.1.0.202305231506/tools/bin/../lib/gcc/arm-none-eabi/11.3.1/../../../../arm-none-eabi/lib/thumb/v7e-m+fp/hard\libc_nano.a(libc_a-mallocr.o)
                0x00000000200041ac                __malloc_free_list
 .bss.__malloc_sbrk_start
                0x00000000200041b0        0x4 C:/ST/STM32CubeIDE_1.9.0/STM32CubeIDE/plugins/com.st.stm32cube.ide.mcu.externaltools.gnu-tools-for-stm32.11.3.rel1.win32_1.1.0.202305231506/tools/bin/../lib/gcc/arm-none-eabi/11.3.1/../../../../arm-none-eabi/lib/thumb/v7e-m+fp/hard\libc_nano.a(libc_a-mallocr.o)
                0x00000000200041b0                __malloc_sbrk_start
 *(COMMON)
                0x00000000200041b4                . = ALIGN (0x4)
                0x00000000200041b4                _ebss = .
                0x00000000200041b4                __bss_end__ = _ebss

._user_heap_stack
                0x00000000200041b4      0x604 load address 0x00000000080113c0
                0x00000000200041b8                . = ALIGN (0x8)
 *fill*         0x00000000200041b4        0x4 
                [!provide]                        PROVIDE (end = .)
                0x00000000200041b8                PROVIDE (_end = .)
                0x00000000200043b8                . = (. + _Min_Heap_Size)
 *fill*         0x00000000200041b8      0x200 
                0x00000000200047b8                . = (. + _Min_Stack_Size)
 *fill*         0x00000000200043b8      0x400 
                0x00000000200047b8                . = ALIGN (0x8)

/DISCARD/
 libc.a(*)
 libm.a(*)
 libgcc.a(*)

.ARM.attributes
                0x0000000000000000       0x30
 *(.ARM.attributes)
 .ARM.attributes
                0x0000000000000000       0x1e C:/ST/STM32CubeIDE_1.9.0/STM32CubeIDE/plugins/com.st.stm32cube.ide.mcu.externaltools.gnu-tools-for-stm32.11.3.rel1.win32_1.1.0.202305231506/tools/bin/../lib/gcc/arm-none-eabi/11.3.1/thumb/v7e-m+fp/hard/crti.o
 .ARM.attributes
                0x000000000000001e       0x34 C:/ST/STM32CubeIDE_1.9.0/STM32CubeIDE/plugins/com.st.stm32cube.ide.mcu.externaltools.gnu-tools-for-stm32.11.3.rel1.win32_1.1.0.202305231506/tools/bin/../lib/gcc/arm-none-eabi/11.3.1/thumb/v7e-m+fp/hard/crtbegin.o
 .ARM.attributes
                0x0000000000000052       0x34 ./Core/Src/main.o
 .ARM.attributes
                0x0000000000000086       0x34 ./Core/Src/stm32f4xx_hal_msp.o
 .ARM.attributes
                0x00000000000000ba       0x34 ./Core/Src/stm32f4xx_it.o
 .ARM.attributes
                0x00000000000000ee       0x34 ./Core/Src/syscalls.o
 .ARM.attributes
                0x0000000000000122       0x34 ./Core/Src/sysmem.o
 .ARM.attributes
                0x0000000000000156       0x34 ./Core/Src/system_stm32f4xx.o
 .ARM.attributes
                0x000000000000018a       0x21 ./Core/Startup/startup_stm32f411ceux.o
 .ARM.attributes
                0x00000000000001ab       0x34 ./Drivers/STM32F4xx_HAL_Driver/Src/stm32f4xx_hal.o
 .ARM.attributes
                0x00000000000001df       0x34 ./Drivers/STM32F4xx_HAL_Driver/Src/stm32f4xx_hal_cortex.o
 .ARM.attributes
                0x0000000000000213       0x34 ./Drivers/STM32F4xx_HAL_Driver/Src/stm32f4xx_hal_dma.o