C:/STM32-IDE/STM32-Library/ESP8266/ESP8266_Chelo.c:23:6:HW_RESET	8	static
C:/STM32-IDE/STM32-Library/ESP8266/ESP8266_Chelo.c:31:6:NOP	0	static
C:/STM32-IDE/STM32-Library/ESP8266/ESP8266_Chelo.c:37:6:Cambiar_CWMODE	0	static
C:/STM32-IDE/STM32-Library/ESP8266/ESP8266_Chelo.c:43:6:ServerTCP	0	static
C:/STM32-IDE/STM32-Library/ESP8266/ESP8266_Chelo.c:49:6:ConectarWIFI	0	static
C:/STM32-IDE/STM32-Library/ESP8266/ESP8266_Chelo.c:55:6:MUX	0	static
C:/STM32-IDE/STM32-Library/ESP8266/ESP8266_Chelo.c:61:6:IPDef	0	static
C:/STM32-IDE/STM32-Library/ESP8266/ESP8266_Chelo.c:67:6:DesconectarWIFI	0	static
C:/STM32-IDE/STM32-Library/ESP8266/ESP8266_Chelo.c:73:6:ConectarTCP	0	static
C:/STM32-IDE/STM32-Library/ESP8266/ESP8266_Chelo.c:79:6:CrearServidorTCP	0	static
C:/STM32-IDE/STM32-Library/ESP8266/ESP8266_Chelo.c:85:6:EnviarDatosSRVR	0	static
C:/STM32-IDE/STM32-Library/ESP8266/ESP8266_Chelo.c:91:6:DesconectarTCP	0	static
C:/STM32-IDE/STM32-Library/ESP8266/ESP8266_Chelo.c:97:6:EnviarDatos	0	static
C:/STM32-IDE/STM32-Library/ESP8266/ESP8266_Chelo.c:103:6:Inicializar	0	static
C:/STM32-IDE/STM32-Library/ESP8266/ESP8266_Chelo.c:159:5:AT_ESP8266_ND	104	static
C:/STM32-IDE/STM32-Library/ESP8266/ESP8266_Chelo.c:1031:7:AT_Enviar_String	48	static
C:/STM32-IDE/STM32-Library/ESP8266/ESP8266_Chelo.c:1065:5:WiFi_Conn_ND	16	static
