C:/STM32-IDE/STM32-LIBRARY/ESP8266/ESP8266_Chelo.c:23:6:HW_RESET	16	static
C:/STM32-IDE/STM32-LIBRARY/ESP8266/ESP8266_Chelo.c:31:6:NOP	16	static
C:/STM32-IDE/STM32-LIBRARY/ESP8266/ESP8266_Chelo.c:37:6:Cambiar_CWMODE	16	static
C:/STM32-IDE/STM32-LIBRARY/ESP8266/ESP8266_Chelo.c:43:6:ServerTCP	16	static
C:/STM32-IDE/STM32-LIBRARY/ESP8266/ESP8266_Chelo.c:49:6:ConectarWIFI	16	static
C:/STM32-IDE/STM32-LIBRARY/ESP8266/ESP8266_Chelo.c:55:6:MUX	16	static
C:/STM32-IDE/STM32-LIBRARY/ESP8266/ESP8266_Chelo.c:61:6:IPDef	16	static
C:/STM32-IDE/STM32-LIBRARY/ESP8266/ESP8266_Chelo.c:67:6:DesconectarWIFI	16	static
C:/STM32-IDE/STM32-LIBRARY/ESP8266/ESP8266_Chelo.c:73:6:ConectarTCP	16	static
C:/STM32-IDE/STM32-LIBRARY/ESP8266/ESP8266_Chelo.c:79:6:CrearServidorTCP	16	static
C:/STM32-IDE/STM32-LIBRARY/ESP8266/ESP8266_Chelo.c:85:6:EnviarDatosSRVR	16	static
C:/STM32-IDE/STM32-LIBRARY/ESP8266/ESP8266_Chelo.c:91:6:DesconectarTCP	16	static
C:/STM32-IDE/STM32-LIBRARY/ESP8266/ESP8266_Chelo.c:97:6:EnviarDatos	16	static
C:/STM32-IDE/STM32-LIBRARY/ESP8266/ESP8266_Chelo.c:103:6:Inicializar	16	static
C:/STM32-IDE/STM32-LIBRARY/ESP8266/ESP8266_Chelo.c:159:5:AT_ESP8266_ND	640	static
C:/STM32-IDE/STM32-LIBRARY/ESP8266/ESP8266_Chelo.c:1029:7:AT_Enviar_String	56	static
C:/STM32-IDE/STM32-LIBRARY/ESP8266/ESP8266_Chelo.c:1063:5:WiFi_Conn_ND	24	static
