../Drivers/CMSIS/Include/core_cm4.h:1816:22:__NVIC_SetPriority	16	static
../Drivers/CMSIS/Include/core_cm4.h:2022:26:SysTick_Config	16	static
../Drivers/CMSIS/Include/core_cm4.h:2064:26:ITM_SendChar	16	static,ignoring_inline_asm
../Core/Src/main.c:214:5:main	128	static
../Core/Src/main.c:573:6:SystemClock_Config	88	static
../Core/Src/main.c:619:13:MX_SPI1_Init	8	static
../Core/Src/main.c:657:13:MX_TIM2_Init	64	static
../Core/Src/main.c:719:13:MX_TIM3_Init	64	static
../Core/Src/main.c:781:13:MX_USART1_UART_Init	8	static
../Core/Src/main.c:814:13:MX_USART2_UART_Init	8	static
../Core/Src/main.c:847:13:MX_USART6_UART_Init	8	static
../Core/Src/main.c:880:13:MX_GPIO_Init	48	static
../Core/Src/main.c:924:5:ITM0_Write	24	static
../Core/Src/main.c:935:6:SysTick_Handler	16	static
../Core/Src/main.c:1301:6:HAL_UART_ErrorCallback	32	static
../Core/Src/main.c:1332:6:HAL_TIM_ErrorCallback	16	static
../Core/Src/main.c:1339:6:HAL_UART_RxCpltCallback	16	static
../Core/Src/main.c:1367:6:HAL_TIM_OC_DelayElapsedCallback	24	static
../Core/Src/main.c:1411:6:ESP8266_HW_Reset	8	static
../Core/Src/main.c:1420:9:ESP8266_HW_Init	40	static
../Core/Src/main.c:1475:6:BorrarVect	4	static
../Core/Src/main.c:1488:6:Error_Handler	4	static,ignoring_inline_asm
