../Drivers/CMSIS/Include/core_cm4.h:1816:22:__NVIC_SetPriority	16	static
../Drivers/CMSIS/Include/core_cm4.h:2022:26:SysTick_Config	16	static
../Drivers/CMSIS/Include/core_cm4.h:2064:26:ITM_SendChar	16	static,ignoring_inline_asm
../Core/Src/main.c:185:5:main	128	static
../Core/Src/main.c:489:6:SystemClock_Config	88	static
../Core/Src/main.c:535:13:MX_SPI1_Init	8	static
../Core/Src/main.c:573:13:MX_TIM2_Init	64	static
../Core/Src/main.c:635:13:MX_USART1_UART_Init	8	static
../Core/Src/main.c:668:13:MX_USART2_UART_Init	8	static
../Core/Src/main.c:701:13:MX_GPIO_Init	48	static
../Core/Src/main.c:749:5:ITM0_Write	24	static
../Core/Src/main.c:760:6:SysTick_Handler	16	static
../Core/Src/main.c:1117:6:HAL_UART_ErrorCallback	32	static
../Core/Src/main.c:1148:6:HAL_TIM_ErrorCallback	16	static
../Core/Src/main.c:1155:6:HAL_UART_RxCpltCallback	16	static
../Core/Src/main.c:1171:6:HAL_TIM_OC_DelayElapsedCallback	24	static
../Core/Src/main.c:1190:6:ESP8266_HW_Reset	8	static
../Core/Src/main.c:1199:9:ESP8266_HW_Init	40	static
../Core/Src/main.c:1246:6:Error_Handler	4	static,ignoring_inline_asm
