../Drivers/CMSIS/Include/core_cm4.h:1816:22:__NVIC_SetPriority	16	static
../Drivers/CMSIS/Include/core_cm4.h:2022:26:SysTick_Config	16	static
../Drivers/CMSIS/Include/core_cm4.h:2064:26:ITM_SendChar	16	static,ignoring_inline_asm
../Core/Src/main.c:214:5:main	104	static
../Core/Src/main.c:566:6:SystemClock_Config	88	static
../Core/Src/main.c:612:13:MX_SPI1_Init	8	static
../Core/Src/main.c:650:13:MX_TIM2_Init	64	static
../Core/Src/main.c:712:13:MX_TIM3_Init	64	static
../Core/Src/main.c:774:13:MX_USART1_UART_Init	8	static
../Core/Src/main.c:807:13:MX_USART2_UART_Init	8	static
../Core/Src/main.c:840:13:MX_USART6_UART_Init	8	static
../Core/Src/main.c:873:13:MX_GPIO_Init	48	static
../Core/Src/main.c:917:5:ITM0_Write	24	static
../Core/Src/main.c:928:6:SysTick_Handler	16	static
../Core/Src/main.c:1294:6:HAL_UART_ErrorCallback	32	static
../Core/Src/main.c:1325:6:HAL_TIM_ErrorCallback	16	static
../Core/Src/main.c:1332:6:HAL_UART_RxCpltCallback	16	static
../Core/Src/main.c:1360:6:HAL_TIM_OC_DelayElapsedCallback	24	static
../Core/Src/main.c:1404:6:ESP8266_HW_Reset	8	static
../Core/Src/main.c:1413:9:ESP8266_HW_Init	40	static
../Core/Src/main.c:1468:6:BorrarVect	4	static
../Core/Src/main.c:1481:6:Error_Handler	4	static,ignoring_inline_asm
