../Core/Src/stm32f4xx_it.c:71:6:NMI_Handler	8	static
../Core/Src/stm32f4xx_it.c:88:6:HardFault_Handler	8	static
../Core/Src/stm32f4xx_it.c:105:6:MemManage_Handler	8	static
../Core/Src/stm32f4xx_it.c:122:6:BusFault_Handler	8	static
../Core/Src/stm32f4xx_it.c:139:6:UsageFault_Handler	8	static
../Core/Src/stm32f4xx_it.c:156:6:SVC_Handler	8	static
../Core/Src/stm32f4xx_it.c:175:6:DebugMon_Handler	8	static
../Core/Src/stm32f4xx_it.c:192:6:PendSV_Handler	4	static
../Core/Src/stm32f4xx_it.c:217:6:TIM2_IRQHandler	8	static
../Core/Src/stm32f4xx_it.c:231:6:USART1_IRQHandler	8	static
../Core/Src/stm32f4xx_it.c:245:6:USART2_IRQHandler	8	static
