Archive member included to satisfy reference by file (symbol)

C:/ST/STM32CubeIDE_1.13.1/STM32CubeIDE/plugins/com.st.stm32cube.ide.mcu.externaltools.gnu-tools-for-stm32.11.3.rel1.win32_1.1.0.202305231506/tools/bin/../lib/gcc/arm-none-eabi/11.3.1/../../../../arm-none-eabi/lib/thumb/v7e-m+fp/hard\libc_nano.a(libc_a-atoi.o)
                              ./LoRa/RYLR896.o (atoi)
C:/ST/STM32CubeIDE_1.13.1/STM32CubeIDE/plugins/com.st.stm32cube.ide.mcu.externaltools.gnu-tools-for-stm32.11.3.rel1.win32_1.1.0.202305231506/tools/bin/../lib/gcc/arm-none-eabi/11.3.1/../../../../arm-none-eabi/lib/thumb/v7e-m+fp/hard\libc_nano.a(libc_a-exit.o)
                              C:/ST/STM32CubeIDE_1.13.1/STM32CubeIDE/plugins/com.st.stm32cube.ide.mcu.externaltools.gnu-tools-for-stm32.11.3.rel1.win32_1.1.0.202305231506/tools/bin/../lib/gcc/arm-none-eabi/11.3.1/../../../../arm-none-eabi/lib/thumb/v7e-m+fp/hard/crt0.o (exit)
C:/ST/STM32CubeIDE_1.13.1/STM32CubeIDE/plugins/com.st.stm32cube.ide.mcu.externaltools.gnu-tools-for-stm32.11.3.rel1.win32_1.1.0.202305231506/tools/bin/../lib/gcc/arm-none-eabi/11.3.1/../../../../arm-none-eabi/lib/thumb/v7e-m+fp/hard\libc_nano.a(libc_a-itoa.o)
                              ./LoRa/RYLR896.o (itoa)
C:/ST/STM32CubeIDE_1.13.1/STM32CubeIDE/plugins/com.st.stm32cube.ide.mcu.externaltools.gnu-tools-for-stm32.11.3.rel1.win32_1.1.0.202305231506/tools/bin/../lib/gcc/arm-none-eabi/11.3.1/../../../../arm-none-eabi/lib/thumb/v7e-m+fp/hard\libc_nano.a(libc_a-strtol.o)
                              C:/ST/STM32CubeIDE_1.13.1/STM32CubeIDE/plugins/com.st.stm32cube.ide.mcu.externaltools.gnu-tools-for-stm32.11.3.rel1.win32_1.1.0.202305231506/tools/bin/../lib/gcc/arm-none-eabi/11.3.1/../../../../arm-none-eabi/lib/thumb/v7e-m+fp/hard\libc_nano.a(libc_a-atoi.o) (_strtol_r)
C:/ST/STM32CubeIDE_1.13.1/STM32CubeIDE/plugins/com.st.stm32cube.ide.mcu.externaltools.gnu-tools-for-stm32.11.3.rel1.win32_1.1.0.202305231506/tools/bin/../lib/gcc/arm-none-eabi/11.3.1/../../../../arm-none-eabi/lib/thumb/v7e-m+fp/hard\libc_nano.a(libc_a-utoa.o)
                              C:/ST/STM32CubeIDE_1.13.1/STM32CubeIDE/plugins/com.st.stm32cube.ide.mcu.externaltools.gnu-tools-for-stm32.11.3.rel1.win32_1.1.0.202305231506/tools/bin/../lib/gcc/arm-none-eabi/11.3.1/../../../../arm-none-eabi/lib/thumb/v7e-m+fp/hard\libc_nano.a(libc_a-itoa.o) (__utoa)
C:/ST/STM32CubeIDE_1.13.1/STM32CubeIDE/plugins/com.st.stm32cube.ide.mcu.externaltools.gnu-tools-for-stm32.11.3.rel1.win32_1.1.0.202305231506/tools/bin/../lib/gcc/arm-none-eabi/11.3.1/../../../../arm-none-eabi/lib/thumb/v7e-m+fp/hard\libc_nano.a(libc_a-ctype_.o)
                              C:/ST/STM32CubeIDE_1.13.1/STM32CubeIDE/plugins/com.st.stm32cube.ide.mcu.externaltools.gnu-tools-for-stm32.11.3.rel1.win32_1.1.0.202305231506/tools/bin/../lib/gcc/arm-none-eabi/11.3.1/../../../../arm-none-eabi/lib/thumb/v7e-m+fp/hard\libc_nano.a(libc_a-strtol.o) (_ctype_)
C:/ST/STM32CubeIDE_1.13.1/STM32CubeIDE/plugins/com.st.stm32cube.ide.mcu.externaltools.gnu-tools-for-stm32.11.3.rel1.win32_1.1.0.202305231506/tools/bin/../lib/gcc/arm-none-eabi/11.3.1/../../../../arm-none-eabi/lib/thumb/v7e-m+fp/hard\libc_nano.a(libc_a-findfp.o)
                              C:/ST/STM32CubeIDE_1.13.1/STM32CubeIDE/plugins/com.st.stm32cube.ide.mcu.externaltools.gnu-tools-for-stm32.11.3.rel1.win32_1.1.0.202305231506/tools/bin/../lib/gcc/arm-none-eabi/11.3.1/../../../../arm-none-eabi/lib/thumb/v7e-m+fp/hard\libc_nano.a(libc_a-exit.o) (__stdio_exit_handler)
C:/ST/STM32CubeIDE_1.13.1/STM32CubeIDE/plugins/com.st.stm32cube.ide.mcu.externaltools.gnu-tools-for-stm32.11.3.rel1.win32_1.1.0.202305231506/tools/bin/../lib/gcc/arm-none-eabi/11.3.1/../../../../arm-none-eabi/lib/thumb/v7e-m+fp/hard\libc_nano.a(libc_a-fwalk.o)
                              C:/ST/STM32CubeIDE_1.13.1/STM32CubeIDE/plugins/com.st.stm32cube.ide.mcu.externaltools.gnu-tools-for-stm32.11.3.rel1.win32_1.1.0.202305231506/tools/bin/../lib/gcc/arm-none-eabi/11.3.1/../../../../arm-none-eabi/lib/thumb/v7e-m+fp/hard\libc_nano.a(libc_a-findfp.o) (_fwalk_sglue)
C:/ST/STM32CubeIDE_1.13.1/STM32CubeIDE/plugins/com.st.stm32cube.ide.mcu.externaltools.gnu-tools-for-stm32.11.3.rel1.win32_1.1.0.202305231506/tools/bin/../lib/gcc/arm-none-eabi/11.3.1/../../../../arm-none-eabi/lib/thumb/v7e-m+fp/hard\libc_nano.a(libc_a-sprintf.o)
                              ./STRING/STR_Chelo.o (sprintf)
C:/ST/STM32CubeIDE_1.13.1/STM32CubeIDE/plugins/com.st.stm32cube.ide.mcu.externaltools.gnu-tools-for-stm32.11.3.rel1.win32_1.1.0.202305231506/tools/bin/../lib/gcc/arm-none-eabi/11.3.1/../../../../arm-none-eabi/lib/thumb/v7e-m+fp/hard\libc_nano.a(libc_a-stdio.o)
                              C:/ST/STM32CubeIDE_1.13.1/STM32CubeIDE/plugins/com.st.stm32cube.ide.mcu.externaltools.gnu-tools-for-stm32.11.3.rel1.win32_1.1.0.202305231506/tools/bin/../lib/gcc/arm-none-eabi/11.3.1/../../../../arm-none-eabi/lib/thumb/v7e-m+fp/hard\libc_nano.a(libc_a-findfp.o) (__sread)
[...]
Memory Configuration

Name             Origin             Length             Attributes
RAM              0x0000000020000000 0x0000000000020000 xrw
FLASH            0x0000000008000000 0x0000000000080000 xr
*default*        0x0000000000000000 0xffffffffffffffff

Linker script and memory map

LOAD C:/ST/STM32CubeIDE_1.13.1/STM32CubeIDE/plugins/com.st.stm32cube.ide.mcu.externaltools.gnu-tools-for-stm32.11.3.rel1.win32_1.1.0.202305231506/tools/bin/../lib/gcc/arm-none-eabi/11.3.1/thumb/v7e-m+fp/hard/crti.o
LOAD C:/ST/STM32CubeIDE_1.13.1/STM32CubeIDE/plugins/com.st.stm32cube.ide.mcu.externaltools.gnu-tools-for-stm32.11.3.rel1.win32_1.1.0.202305231506/tools/bin/../lib/gcc/arm-none-eabi/11.3.1/thumb/v7e-m+fp/hard/crtbegin.o
LOAD C:/ST/STM32CubeIDE_1.13.1/STM32CubeIDE/plugins/com.st.stm32cube.ide.mcu.externaltools.gnu-tools-for-stm32.11.3.rel1.win32_1.1.0.202305231506/tools/bin/../lib/gcc/arm-none-eabi/11.3.1/../../../../arm-none-eabi/lib/thumb/v7e-m+fp/hard/crt0.o
LOAD ./Core/Src/main.o
LOAD ./Core/Src/stm32f4xx_hal_msp.o
LOAD ./Core/Src/stm32f4xx_it.o
LOAD ./Core/Src/syscalls.o
LOAD ./Core/Src/sysmem.o
LOAD ./Core/Src/system_stm32f4xx.o
LOAD ./Core/Startup/startup_stm32f411ceux.o
LOAD ./Drivers/STM32F4xx_HAL_Driver/Src/stm32f4xx_hal.o
LOAD ./Drivers/STM32F4xx_HAL_Driver/Src/stm32f4xx_hal_cortex.o
LOAD ./Drivers/STM32F4xx_HAL_Driver/Src/stm32f4xx_hal_dma.o
LOAD ./Drivers/STM32F4xx_HAL_Driver/Src/stm32f4xx_hal_dma_ex.o
LOAD ./Drivers/STM32F4xx_HAL_Driver/Src/stm32f4xx_hal_exti.o
LOAD ./Drivers/STM32F4xx_HAL_Driver/Src/stm32f4xx_hal_flash.o
LOAD ./Drivers/STM32F4xx_HAL_Driver/Src/stm32f4xx_hal_flash_ex.o
LOAD ./Drivers/STM32F4xx_HAL_Driver/Src/stm32f4xx_hal_flash_ramfunc.o
LOAD ./Drivers/STM32F4xx_HAL_Driver/Src/stm32f4xx_hal_gpio.o
LOAD ./Drivers/STM32F4xx_HAL_Driver/Src/stm32f4xx_hal_pwr.o
LOAD ./Drivers/STM32F4xx_HAL_Driver/Src/stm32f4xx_hal_pwr_ex.o
LOAD ./Drivers/STM32F4xx_HAL_Driver/Src/stm32f4xx_hal_rcc.o
LOAD ./Drivers/STM32F4xx_HAL_Driver/Src/stm32f4xx_hal_rcc_ex.o
LOAD ./Drivers/STM32F4xx_HAL_Driver/Src/stm32f4xx_hal_spi.o
LOAD ./Drivers/STM32F4xx_HAL_Driver/Src/stm32f4xx_hal_tim.o
LOAD ./Drivers/STM32F4xx_HAL_Driver/Src/stm32f4xx_hal_tim_ex.o
LOAD ./Drivers/STM32F4xx_HAL_Driver/Src/stm32f4xx_hal_uart.o
LOAD ./ESP8266/ESP8266_Chelo.o
LOAD ./HTTP/http.o
LOAD ./LoRa/RYLR896.o
LOAD ./ModBUS/ModBUS_Chelo.o
LOAD ./STM32_ETH_W5100/ETH_W5100.o
LOAD ./STRING/STR_Chelo.o
START GROUP
LOAD C:/ST/STM32CubeIDE_1.13.1/STM32CubeIDE/plugins/com.st.stm32cube.ide.mcu.externaltools.gnu-tools-for-stm32.11.3.rel1.win32_1.1.0.202305231506/tools/bin/../lib/gcc/arm-none-eabi/11.3.1/../../../../arm-none-eabi/lib/thumb/v7e-m+fp/hard\libc_nano.a
LOAD C:/ST/STM32CubeIDE_1.13.1/STM32CubeIDE/plugins/com.st.stm32cube.ide.mcu.externaltools.gnu-tools-for-stm32.11.3.rel1.win32_1.1.0.202305231506/tools/bin/../lib/gcc/arm-none-eabi/11.3.1/../../../../arm-none-eabi/lib/thumb/v7e-m+fp/hard\libm.a
END GROUP
START GROUP
LOAD C:/ST/STM32CubeIDE_1.13.1/STM32CubeIDE/plugins/com.st.stm32cube.ide.mcu.externaltools.gnu-tools-for-stm32.11.3.rel1.win32_1.1.0.202305231506/tools/bin/../lib/gcc/arm-none-eabi/11.3.1/thumb/v7e-m+fp/hard\libgcc.a
LOAD C:/ST/STM32CubeIDE_1.13.1/STM32CubeIDE/plugins/com.st.stm32cube.ide.mcu.externaltools.gnu-tools-for-stm32.11.3.rel1.win32_1.1.0.202305231506/tools/bin/../lib/gcc/arm-none-eabi/11.3.1/../../../../arm-none-eabi/lib/thumb/v7e-m+fp/hard\libc_nano.a
END GROUP
START GROUP
LOAD C:/ST/STM32CubeIDE_1.13.1/STM32CubeIDE/plugins/com.st.stm32cube.ide.mcu.externaltools.gnu-tools-for-stm32.11.3.rel1.win32_1.1.0.202305231506/tools/bin/../lib/gcc/arm-none-eabi/11.3.1/thumb/v7e-m+fp/hard\libgcc.a
LOAD C:/ST/STM32CubeIDE_1.13.1/STM32CubeIDE/plugins/com.st.stm32cube.ide.mcu.externaltools.gnu-tools-for-stm32.11.3.rel1.win32_1.1.0.202305231506/tools/bin/../lib/gcc/arm-none-eabi/11.3.1/../../../../arm-none-eabi/lib/thumb/v7e-m+fp/hard\libc_nano.a
LOAD C:/ST/STM32CubeIDE_1.13.1/STM32CubeIDE/plugins/com.st.stm32cube.ide.mcu.externaltools.gnu-tools-for-stm32.11.3.rel1.win32_1.1.0.202305231506/tools/bin/../lib/gcc/arm-none-eabi/11.3.1/../../../../arm-none-eabi/lib/thumb/v7e-m+fp/hard\libnosys.a
END GROUP
START GROUP
LOAD C:/ST/STM32CubeIDE_1.13.1/STM32CubeIDE/plugins/com.st.stm32cube.ide.mcu.externaltools.gnu-tools-for-stm32.11.3.rel1.win32_1.1.0.202305231506/tools/bin/../lib/gcc/arm-none-eabi/11.3.1/thumb/v7e-m+fp/hard\libgcc.a
LOAD C:/ST/STM32CubeIDE_1.13.1/STM32CubeIDE/plugins/com.st.stm32cube.ide.mcu.externaltools.gnu-tools-for-stm32.11.3.rel1.win32_1.1.0.202305231506/tools/bin/../lib/gcc/arm-none-eabi/11.3.1/../../../../arm-none-eabi/lib/thumb/v7e-m+fp/hard\libc_nano.a
LOAD C:/ST/STM32CubeIDE_1.13.1/STM32CubeIDE/plugins/com.st.stm32cube.ide.mcu.externaltools.gnu-tools-for-stm32.11.3.rel1.win32_1.1.0.202305231506/tools/bin/../lib/gcc/arm-none-eabi/11.3.1/../../../../arm-none-eabi/lib/thumb/v7e-m+fp/hard\libnosys.a
END GROUP
LOAD C:/ST/STM32CubeIDE_1.13.1/STM32CubeIDE/plugins/com.st.stm32cube.ide.mcu.externaltools.gnu-tools-for-stm32.11.3.rel1.win32_1.1.0.202305231506/tools/bin/../lib/gcc/arm-none-eabi/11.3.1/thumb/v7e-m+fp/hard/crtend.o
LOAD C:/ST/STM32CubeIDE_1.13.1/STM32CubeIDE/plugins/com.st.stm32cube.ide.mcu.externaltools.gnu-tools-for-stm32.11.3.rel1.win32_1.1.0.202305231506/tools/bin/../lib/gcc/arm-none-eabi/11.3.1/thumb/v7e-m+fp/hard/crtn.o
                0x0000000020020000                _estack = (ORIGIN (RAM) + LENGTH (RAM))
                0x0000000000000200                _Min_Heap_Size = 0x200
                0x0000000000000400                _Min_Stack_Size = 0x400

.isr_vector     0x0000000008000000      0x198
                0x0000000008000000                . = ALIGN (0x4)
 *(.isr_vector)
 .isr_vector    0x0000000008000000      0x198 ./Core/Startup/startup_stm32f411ceux.o
                0x0000000008000000                g_pfnVectors
                0x0000000008000198                . = ALIGN (0x4)

.text           0x00000000080001a0     0x8944
                0x00000000080001a0                . = ALIGN (0x4)
 *(.text)
 .text          0x00000000080001a0       0x40 C:/ST/STM32CubeIDE_1.13.1/STM32CubeIDE/plugins/com.st.stm32cube.ide.mcu.externaltools.gnu-tools-for-stm32.11.3.rel1.win32_1.1.0.202305231506/tools/bin/../lib/gcc/arm-none-eabi/11.3.1/thumb/v7e-m+fp/hard/crtbegin.o
 .text          0x00000000080001e0       0x14 C:/ST/STM32CubeIDE_1.13.1/STM32CubeIDE/plugins/com.st.stm32cube.ide.mcu.externaltools.gnu-tools-for-stm32.11.3.rel1.win32_1.1.0.202305231506/tools/bin/../lib/gcc/arm-none-eabi/11.3.1/../../../../arm-none-eabi/lib/thumb/v7e-m+fp/hard\libc_nano.a(libc_a-strcmp.o)
                0x00000000080001e0                strcmp
 .text          0x00000000080001f4       0x10 C:/ST/STM32CubeIDE_1.13.1/STM32CubeIDE/plugins/com.st.stm32cube.ide.mcu.externaltools.gnu-tools-for-stm32.11.3.rel1.win32_1.1.0.202305231506/tools/bin/../lib/gcc/arm-none-eabi/11.3.1/../../../../arm-none-eabi/lib/thumb/v7e-m+fp/hard\libc_nano.a(libc_a-strlen.o)
                0x00000000080001f4                strlen
 *fill*         0x0000000008000204        0xc 
 .text          0x0000000008000210       0xa0 C:/ST/STM32CubeIDE_1.13.1/STM32CubeIDE/plugins/com.st.stm32cube.ide.mcu.externaltools.gnu-tools-for-stm32.11.3.rel1.win32_1.1.0.202305231506/tools/bin/../lib/gcc/arm-none-eabi/11.3.1/../../../../arm-none-eabi/lib/thumb/v7e-m+fp/hard\libc_nano.a(libc_a-memchr.o)
                0x0000000008000210                memchr
 .text          0x00000000080002b0       0x30 C:/ST/STM32CubeIDE_1.13.1/STM32CubeIDE/plugins/com.st.stm32cube.ide.mcu.externaltools.gnu-tools-for-stm32.11.3.rel1.win32_1.1.0.202305231506/tools/bin/../lib/gcc/arm-none-eabi/11.3.1/thumb/v7e-m+fp/hard\libgcc.a(_aeabi_uldivmod.o)
                0x00000000080002b0                __aeabi_uldivmod
 .text          0x00000000080002e0      0x2c8 C:/ST/STM32CubeIDE_1.13.1/STM32CubeIDE/plugins/com.st.stm32cube.ide.mcu.externaltools.gnu-tools-for-stm32.11.3.rel1.win32_1.1.0.202305231506/tools/bin/../lib/gcc/arm-none-eabi/11.3.1/thumb/v7e-m+fp/hard\libgcc.a(_udivmoddi4.o)
                0x00000000080002e0                __udivmoddi4
 .text          0x00000000080005a8        0x4 C:/ST/STM32CubeIDE_1.13.1/STM32CubeIDE/plugins/com.st.stm32cube.ide.mcu.externaltools.gnu-tools-for-stm32.11.3.rel1.win32_1.1.0.202305231506/tools/bin/../lib/gcc/arm-none-eabi/11.3.1/thumb/v7e-m+fp/hard\libgcc.a(_dvmd_tls.o)
                0x00000000080005a8                __aeabi_idiv0
                0x00000000080005a8                __aeabi_ldiv0
 *(.text*)
 .text.MX_USART1_UART_Init
                0x00000000080005ac       0x34 ./Core/Src/main.o
 .text.MX_USART2_UART_Init
                0x00000000080005e0       0x34 ./Core/Src/main.o
 .text.SystemClock_Config
                0x0000000008000614       0xa0 ./Core/Src/main.o
                0x0000000008000614                SystemClock_Config
 .text.ITM0_Write
                0x00000000080006b4       0x30 ./Core/Src/main.o
                0x00000000080006b4                ITM0_Write
 .text.SysTick_Handler
                0x00000000080006e4      0x7f0 ./Core/Src/main.o
                0x00000000080006e4                SysTick_Handler
 .text.HAL_UART_ErrorCallback
                0x0000000008000ed4       0x88 ./Core/Src/main.o
                0x0000000008000ed4                HAL_UART_ErrorCallback
 .text.HAL_UART_RxCpltCallback
                0x0000000008000f5c       0xc8 ./Core/Src/main.o
                0x0000000008000f5c                HAL_UART_RxCpltCallback
 .text.HAL_TIM_OC_DelayElapsedCallback
                0x0000000008001024      0x134 ./Core/Src/main.o
                0x0000000008001024                HAL_TIM_OC_DelayElapsedCallback
 .text.ESP8266_HW_Reset
                0x0000000008001158       0x4c ./Core/Src/main.o
                0x0000000008001158                ESP8266_HW_Reset
 .text.ESP8266_HW_Init
                0x00000000080011a4      0x130 ./Core/Src/main.o
                0x00000000080011a4                ESP8266_HW_Init
 .text.startup.main
                0x00000000080012d4      0x854 ./Core/Src/main.o
                0x00000000080012d4                main
 .text.HAL_MspInit
                0x0000000008001b28       0x38 ./Core/Src/stm32f4xx_hal_msp.o
                0x0000000008001b28                HAL_MspInit
 .text.HAL_SPI_MspInit
                0x0000000008001b60       0x98 ./Core/Src/stm32f4xx_hal_msp.o
                0x0000000008001b60                HAL_SPI_MspInit
 .text.HAL_TIM_Base_MspInit
                0x0000000008001bf8       0x70 ./Core/Src/stm32f4xx_hal_msp.o
                0x0000000008001bf8                HAL_TIM_Base_MspInit
 .text.HAL_UART_MspInit
                0x0000000008001c68      0x118 ./Core/Src/stm32f4xx_hal_msp.o
                0x0000000008001c68                HAL_UART_MspInit
 .text.HAL_UART_MspDeInit
                0x0000000008001d80       0x74 ./Core/Src/stm32f4xx_hal_msp.o
                0x0000000008001d80                HAL_UART_MspDeInit
 .text.NMI_Handler
                0x0000000008001df4        0x2 ./Core/Src/stm32f4xx_it.o
                0x0000000008001df4                NMI_Handler
 .text.HardFault_Handler
                0x0000000008001df6        0x2 ./Core/Src/stm32f4xx_it.o
                0x0000000008001df6                HardFault_Handler
 .text.MemManage_Handler
                0x0000000008001df8        0x2 ./Core/Src/stm32f4xx_it.o
                0x0000000008001df8                MemManage_Handler
 .text.BusFault_Handler
                0x0000000008001dfa        0x2 ./Core/Src/stm32f4xx_it.o
                0x0000000008001dfa                BusFault_Handler
 .text.UsageFault_Handler
                0x0000000008001dfc        0x2 ./Core/Src/stm32f4xx_it.o
                0x0000000008001dfc                UsageFault_Handler
 .text.SVC_Handler
                0x0000000008001dfe        0x2 ./Core/Src/stm32f4xx_it.o
                0x0000000008001dfe                SVC_Handler
 .text.DebugMon_Handler
                0x0000000008001e00        0x2 ./Core/Src/stm32f4xx_it.o
                0x0000000008001e00                DebugMon_Handler
 .text.PendSV_Handler
                0x0000000008001e02        0x2 ./Core/Src/stm32f4xx_it.o
                0x0000000008001e02                PendSV_Handler
 .text.TIM2_IRQHandler
                0x0000000008001e04        0xc ./Core/Src/stm32f4xx_it.o
                0x0000000008001e04                TIM2_IRQHandler
 .text.TIM3_IRQHandler
                0x0000000008001e10        0xc ./Core/Src/stm32f4xx_it.o
                0x0000000008001e10                TIM3_IRQHandler
 .text.USART2_IRQHandler
                0x0000000008001e1c        0xc ./Core/Src/stm32f4xx_it.o
                0x0000000008001e1c                USART2_IRQHandler
 .text._getpid  0x0000000008001e28        0x4 ./Core/Src/syscalls.o
                0x0000000008001e28                _getpid
 .text._kill    0x0000000008001e2c       0x10 ./Core/Src/syscalls.o
                0x0000000008001e2c                _kill
 .text._exit    0x0000000008001e3c        0xc ./Core/Src/syscalls.o
                0x0000000008001e3c                _exit
 .text._read    0x0000000008001e48       0x1c ./Core/Src/syscalls.o
                0x0000000008001e48                _read
 .text._write   0x0000000008001e64       0x1c ./Core/Src/syscalls.o
                0x0000000008001e64                _write
 .text._close   0x0000000008001e80        0x6 ./Core/Src/syscalls.o
                0x0000000008001e80                _close
 .text._fstat   0x0000000008001e86        0xa ./Core/Src/syscalls.o
                0x0000000008001e86                _fstat
 .text._isatty  0x0000000008001e90        0x4 ./Core/Src/syscalls.o
                0x0000000008001e90                _isatty
 .text._lseek   0x0000000008001e94        0x4 ./Core/Src/syscalls.o
                0x0000000008001e94                _lseek
 .text._sbrk    0x0000000008001e98       0x40 ./Core/Src/sysmem.o
                0x0000000008001e98                _sbrk
 .text.SystemInit
                0x0000000008001ed8       0x14 ./Core/Src/system_stm32f4xx.o
                0x0000000008001ed8                SystemInit
 .text.Reset_Handler
                0x0000000008001eec       0x50 ./Core/Startup/startup_stm32f411ceux.o
                0x0000000008001eec                Reset_Handler
 .text.Default_Handler
                0x0000000008001f3c        0x2 ./Core/Startup/startup_stm32f411ceux.o
                0x0000000008001f3c                RTC_Alarm_IRQHandler
                0x0000000008001f3c                EXTI2_IRQHandler
                0x0000000008001f3c                SPI4_IRQHandler
                0x0000000008001f3c                TIM1_CC_IRQHandler
                0x0000000008001f3c                DMA2_Stream5_IRQHandler
                0x0000000008001f3c                DMA1_Stream5_IRQHandler
                0x0000000008001f3c                PVD_IRQHandler
                0x0000000008001f3c                SDIO_IRQHandler
                0x0000000008001f3c                TAMP_STAMP_IRQHandler
                0x0000000008001f3c                EXTI3_IRQHandler
                0x0000000008001f3c                TIM1_UP_TIM10_IRQHandler
                0x0000000008001f3c                I2C3_ER_IRQHandler
                0x0000000008001f3c                EXTI0_IRQHandler
                0x0000000008001f3c                I2C2_EV_IRQHandler
                0x0000000008001f3c                DMA1_Stream2_IRQHandler
                0x0000000008001f3c                FPU_IRQHandler
                0x0000000008001f3c                DMA2_Stream2_IRQHandler
                0x0000000008001f3c                SPI1_IRQHandler
                0x0000000008001f3c                TIM1_BRK_TIM9_IRQHandler
                0x0000000008001f3c                DMA2_Stream3_IRQHandler
                0x0000000008001f3c                USART6_IRQHandler
                0x0000000008001f3c                DMA2_Stream0_IRQHandler
                0x0000000008001f3c                TIM4_IRQHandler
                0x0000000008001f3c                I2C1_EV_IRQHandler
                0x0000000008001f3c                DMA1_Stream6_IRQHandler
                0x0000000008001f3c                DMA1_Stream1_IRQHandler
                0x0000000008001f3c                RCC_IRQHandler
                0x0000000008001f3c                Default_Handler
                0x0000000008001f3c                EXTI15_10_IRQHandler
                0x0000000008001f3c                ADC_IRQHandler
                0x0000000008001f3c                DMA1_Stream7_IRQHandler
                0x0000000008001f3c                SPI5_IRQHandler
                0x0000000008001f3c                TIM5_IRQHandler
                0x0000000008001f3c                DMA2_Stream7_IRQHandler
                0x0000000008001f3c                I2C3_EV_IRQHandler
                0x0000000008001f3c                EXTI9_5_IRQHandler
                0x0000000008001f3c                RTC_WKUP_IRQHandler
                0x0000000008001f3c                SPI2_IRQHandler
                0x0000000008001f3c                DMA1_Stream0_IRQHandler
                0x0000000008001f3c                EXTI4_IRQHandler
                0x0000000008001f3c                WWDG_IRQHandler
                0x0000000008001f3c                OTG_FS_WKUP_IRQHandler
                0x0000000008001f3c                TIM1_TRG_COM_TIM11_IRQHandler
                0x0000000008001f3c                EXTI1_IRQHandler
                0x0000000008001f3c                I2C2_ER_IRQHandler
                0x0000000008001f3c                DMA2_Stream1_IRQHandler
                0x0000000008001f3c                FLASH_IRQHandler
                0x0000000008001f3c                DMA2_Stream4_IRQHandler
                0x0000000008001f3c                USART1_IRQHandler
                0x0000000008001f3c                OTG_FS_IRQHandler
                0x0000000008001f3c                SPI3_IRQHandler
                0x0000000008001f3c                DMA1_Stream4_IRQHandler
                0x0000000008001f3c                I2C1_ER_IRQHandler
                0x0000000008001f3c                DMA2_Stream6_IRQHandler
                0x0000000008001f3c                DMA1_Stream3_IRQHandler
 *fill*         0x0000000008001f3e        0x2 
 .text.HAL_InitTick
                0x0000000008001f40       0x48 ./Drivers/STM32F4xx_HAL_Driver/Src/stm32f4xx_hal.o
                0x0000000008001f40                HAL_InitTick
 .text.HAL_Init
                0x0000000008001f88       0x34 ./Drivers/STM32F4xx_HAL_Driver/Src/stm32f4xx_hal.o
                0x0000000008001f88                HAL_Init
 .text.HAL_IncTick
                0x0000000008001fbc       0x18 ./Drivers/STM32F4xx_HAL_Driver/Src/stm32f4xx_hal.o
                0x0000000008001fbc                HAL_IncTick
 .text.HAL_GetTick
                0x0000000008001fd4        0xc ./Drivers/STM32F4xx_HAL_Driver/Src/stm32f4xx_hal.o
                0x0000000008001fd4                HAL_GetTick
 .text.HAL_Delay
                0x0000000008001fe0       0x28 ./Drivers/STM32F4xx_HAL_Driver/Src/stm32f4xx_hal.o
                0x0000000008001fe0                HAL_Delay
 .text.HAL_NVIC_SetPriorityGrouping
                0x0000000008002008       0x24 ./Drivers/STM32F4xx_HAL_Driver/Src/stm32f4xx_hal_cortex.o
                0x0000000008002008                HAL_NVIC_SetPriorityGrouping
 .text.HAL_NVIC_SetPriority
                0x000000000800202c       0x64 ./Drivers/STM32F4xx_HAL_Driver/Src/stm32f4xx_hal_cortex.o
                0x000000000800202c                HAL_NVIC_SetPriority
 .text.HAL_NVIC_EnableIRQ
                0x0000000008002090       0x1c ./Drivers/STM32F4xx_HAL_Driver/Src/stm32f4xx_hal_cortex.o
                0x0000000008002090                HAL_NVIC_EnableIRQ
 .text.HAL_NVIC_DisableIRQ
                0x00000000080020ac       0x24 ./Drivers/STM32F4xx_HAL_Driver/Src/stm32f4xx_hal_cortex.o
                0x00000000080020ac                HAL_NVIC_DisableIRQ
 .text.HAL_SYSTICK_Config
                0x00000000080020d0       0x28 ./Drivers/STM32F4xx_HAL_Driver/Src/stm32f4xx_hal_cortex.o
                0x00000000080020d0                HAL_SYSTICK_Config
 .text.HAL_DMA_Abort
                0x00000000080020f8       0x7e ./Drivers/STM32F4xx_HAL_Driver/Src/stm32f4xx_hal_dma.o
                0x00000000080020f8                HAL_DMA_Abort
 .text.HAL_DMA_Abort_IT
                0x0000000008002176       0x24 ./Drivers/STM32F4xx_HAL_Driver/Src/stm32f4xx_hal_dma.o
                0x0000000008002176                HAL_DMA_Abort_IT
 *fill*         0x000000000800219a        0x2 
 .text.HAL_GPIO_Init
                0x000000000800219c      0x190 ./Drivers/STM32F4xx_HAL_Driver/Src/stm32f4xx_hal_gpio.o
                0x000000000800219c                HAL_GPIO_Init
 .text.HAL_GPIO_DeInit
                0x000000000800232c       0xf8 ./Drivers/STM32F4xx_HAL_Driver/Src/stm32f4xx_hal_gpio.o
                0x000000000800232c                HAL_GPIO_DeInit
 .text.HAL_GPIO_WritePin
                0x0000000008002424        0xa ./Drivers/STM32F4xx_HAL_Driver/Src/stm32f4xx_hal_gpio.o
                0x0000000008002424                HAL_GPIO_WritePin
 .text.HAL_GPIO_TogglePin
                0x000000000800242e       0x12 ./Drivers/STM32F4xx_HAL_Driver/Src/stm32f4xx_hal_gpio.o
                0x000000000800242e                HAL_GPIO_TogglePin
 .text.HAL_RCC_OscConfig
                0x0000000008002440      0x358 ./Drivers/STM32F4xx_HAL_Driver/Src/stm32f4xx_hal_rcc.o
                0x0000000008002440                HAL_RCC_OscConfig
 .text.HAL_RCC_GetSysClockFreq
                0x0000000008002798       0x5c ./Drivers/STM32F4xx_HAL_Driver/Src/stm32f4xx_hal_rcc.o
                0x0000000008002798                HAL_RCC_GetSysClockFreq
 .text.HAL_RCC_ClockConfig
                0x00000000080027f4      0x134 ./Drivers/STM32F4xx_HAL_Driver/Src/stm32f4xx_hal_rcc.o
                0x00000000080027f4                HAL_RCC_ClockConfig
 .text.HAL_RCC_GetPCLK1Freq
                0x0000000008002928       0x20 ./Drivers/STM32F4xx_HAL_Driver/Src/stm32f4xx_hal_rcc.o
                0x0000000008002928                HAL_RCC_GetPCLK1Freq
 .text.HAL_RCC_GetPCLK2Freq
                0x0000000008002948       0x20 ./Drivers/STM32F4xx_HAL_Driver/Src/stm32f4xx_hal_rcc.o
                0x0000000008002948                HAL_RCC_GetPCLK2Freq
 .text.SPI_WaitFlagStateUntilTimeout.constprop.0
                0x0000000008002968       0xac ./Drivers/STM32F4xx_HAL_Driver/Src/stm32f4xx_hal_spi.o
 .text.SPI_EndRxTxTransaction
                0x0000000008002a14       0x58 ./Drivers/STM32F4xx_HAL_Driver/Src/stm32f4xx_hal_spi.o
 .text.HAL_SPI_Init
                0x0000000008002a6c       0xb8 ./Drivers/STM32F4xx_HAL_Driver/Src/stm32f4xx_hal_spi.o
                0x0000000008002a6c                HAL_SPI_Init
 .text.HAL_SPI_TransmitReceive
                0x0000000008002b24      0x1de ./Drivers/STM32F4xx_HAL_Driver/Src/stm32f4xx_hal_spi.o
                0x0000000008002b24                HAL_SPI_TransmitReceive
 *fill*         0x0000000008002d02        0x2 
 .text.TIM_OC1_SetConfig
                0x0000000008002d04       0x50 ./Drivers/STM32F4xx_HAL_Driver/Src/stm32f4xx_hal_tim.o
 .text.TIM_OC3_SetConfig
                0x0000000008002d54       0x54 ./Drivers/STM32F4xx_HAL_Driver/Src/stm32f4xx_hal_tim.o
 .text.TIM_OC4_SetConfig
                0x0000000008002da8       0x44 ./Drivers/STM32F4xx_HAL_Driver/Src/stm32f4xx_hal_tim.o
 .text.HAL_TIM_OC_MspInit
                0x0000000008002dec        0x2 ./Drivers/STM32F4xx_HAL_Driver/Src/stm32f4xx_hal_tim.o
                0x0000000008002dec                HAL_TIM_OC_MspInit
 .text.HAL_TIM_OnePulse_MspInit
                0x0000000008002dee        0x2 ./Drivers/STM32F4xx_HAL_Driver/Src/stm32f4xx_hal_tim.o
                0x0000000008002dee                HAL_TIM_OnePulse_MspInit
 .text.HAL_TIM_PeriodElapsedCallback
                0x0000000008002df0        0x2 ./Drivers/STM32F4xx_HAL_Driver/Src/stm32f4xx_hal_tim.o
                0x0000000008002df0                HAL_TIM_PeriodElapsedCallback
 .text.HAL_TIM_IC_CaptureCallback
                0x0000000008002df2        0x2 ./Drivers/STM32F4xx_HAL_Driver/Src/stm32f4xx_hal_tim.o
                0x0000000008002df2                HAL_TIM_IC_CaptureCallback
 .text.HAL_TIM_PWM_PulseFinishedCallback
                0x0000000008002df4        0x2 ./Drivers/STM32F4xx_HAL_Driver/Src/stm32f4xx_hal_tim.o
                0x0000000008002df4                HAL_TIM_PWM_PulseFinishedCallback
 .text.HAL_TIM_TriggerCallback
                0x0000000008002df6        0x2 ./Drivers/STM32F4xx_HAL_Driver/Src/stm32f4xx_hal_tim.o
                0x0000000008002df6                HAL_TIM_TriggerCallback
 .text.HAL_TIM_IRQHandler
                0x0000000008002df8      0x144 ./Drivers/STM32F4xx_HAL_Driver/Src/stm32f4xx_hal_tim.o
                0x0000000008002df8                HAL_TIM_IRQHandler
 .text.TIM_Base_SetConfig
                0x0000000008002f3c       0x9c ./Drivers/STM32F4xx_HAL_Driver/Src/stm32f4xx_hal_tim.o
                0x0000000008002f3c                TIM_Base_SetConfig
 .text.HAL_TIM_Base_Init
                0x0000000008002fd8       0x58 ./Drivers/STM32F4xx_HAL_Driver/Src/stm32f4xx_hal_tim.o
                0x0000000008002fd8                HAL_TIM_Base_Init
 .text.HAL_TIM_OC_Init
                0x0000000008003030       0x58 ./Drivers/STM32F4xx_HAL_Driver/Src/stm32f4xx_hal_tim.o
                0x0000000008003030                HAL_TIM_OC_Init
 .text.HAL_TIM_OnePulse_Init
                0x0000000008003088       0x5a ./Drivers/STM32F4xx_HAL_Driver/Src/stm32f4xx_hal_tim.o
                0x0000000008003088                HAL_TIM_OnePulse_Init
 *fill*         0x00000000080030e2        0x2 
 .text.TIM_OC2_SetConfig
                0x00000000080030e4       0x58 ./Drivers/STM32F4xx_HAL_Driver/Src/stm32f4xx_hal_tim.o
                0x00000000080030e4                TIM_OC2_SetConfig
 .text.HAL_TIM_OC_ConfigChannel
                0x000000000800313c       0x4c ./Drivers/STM32F4xx_HAL_Driver/Src/stm32f4xx_hal_tim.o
                0x000000000800313c                HAL_TIM_OC_ConfigChannel
 .text.TIM_ETR_SetConfig
                0x0000000008003188       0x14 ./Drivers/STM32F4xx_HAL_Driver/Src/stm32f4xx_hal_tim.o
                0x0000000008003188                TIM_ETR_SetConfig
 .text.HAL_TIM_ConfigClockSource
                0x000000000800319c      0x132 ./Drivers/STM32F4xx_HAL_Driver/Src/stm32f4xx_hal_tim.o
                0x000000000800319c                HAL_TIM_ConfigClockSource
 .text.TIM_CCxChannelCmd
                0x00000000080032ce       0x1c ./Drivers/STM32F4xx_HAL_Driver/Src/stm32f4xx_hal_tim.o
                0x00000000080032ce                TIM_CCxChannelCmd
 *fill*         0x00000000080032ea        0x2 
 .text.HAL_TIM_OC_Start_IT
                0x00000000080032ec       0xd8 ./Drivers/STM32F4xx_HAL_Driver/Src/stm32f4xx_hal_tim.o
                0x00000000080032ec                HAL_TIM_OC_Start_IT
 .text.HAL_TIM_OC_Stop_IT
                0x00000000080033c4       0xb4 ./Drivers/STM32F4xx_HAL_Driver/Src/stm32f4xx_hal_tim.o
                0x00000000080033c4                HAL_TIM_OC_Stop_IT
 .text.HAL_TIMEx_MasterConfigSynchronization
                0x0000000008003478       0x6c ./Drivers/STM32F4xx_HAL_Driver/Src/stm32f4xx_hal_tim_ex.o
                0x0000000008003478                HAL_TIMEx_MasterConfigSynchronization
 .text.HAL_TIMEx_CommutCallback
                0x00000000080034e4        0x2 ./Drivers/STM32F4xx_HAL_Driver/Src/stm32f4xx_hal_tim_ex.o
                0x00000000080034e4                HAL_TIMEx_CommutCallback
 .text.HAL_TIMEx_BreakCallback
                0x00000000080034e6        0x2 ./Drivers/STM32F4xx_HAL_Driver/Src/stm32f4xx_hal_tim_ex.o
                0x00000000080034e6                HAL_TIMEx_BreakCallback
 .text.UART_EndRxTransfer
                0x00000000080034e8       0x5c ./Drivers/STM32F4xx_HAL_Driver/Src/stm32f4xx_hal_uart.o
 .text.UART_SetConfig
                0x0000000008003544       0xbc ./Drivers/STM32F4xx_HAL_Driver/Src/stm32f4xx_hal_uart.o
 .text.UART_WaitOnFlagUntilTimeout.constprop.0
                0x0000000008003600       0x6c ./Drivers/STM32F4xx_HAL_Driver/Src/stm32f4xx_hal_uart.o
 .text.HAL_UART_Init
                0x000000000800366c       0x5c ./Drivers/STM32F4xx_HAL_Driver/Src/stm32f4xx_hal_uart.o
                0x000000000800366c                HAL_UART_Init
 .text.HAL_UART_DeInit
                0x00000000080036c8       0x32 ./Drivers/STM32F4xx_HAL_Driver/Src/stm32f4xx_hal_uart.o
                0x00000000080036c8                HAL_UART_DeInit
 .text.HAL_UART_Transmit
                0x00000000080036fa       0xaa ./Drivers/STM32F4xx_HAL_Driver/Src/stm32f4xx_hal_uart.o
                0x00000000080036fa                HAL_UART_Transmit
 .text.HAL_UART_Transmit_IT
                0x00000000080037a4       0x3e ./Drivers/STM32F4xx_HAL_Driver/Src/stm32f4xx_hal_uart.o
                0x00000000080037a4                HAL_UART_Transmit_IT
 .text.HAL_UART_TxCpltCallback
                0x00000000080037e2        0x2 ./Drivers/STM32F4xx_HAL_Driver/Src/stm32f4xx_hal_uart.o
                0x00000000080037e2                HAL_UART_TxCpltCallback
 .text.UART_DMAAbortOnError
                0x00000000080037e4       0x10 ./Drivers/STM32F4xx_HAL_Driver/Src/stm32f4xx_hal_uart.o
 .text.HAL_UARTEx_RxEventCallback
                0x00000000080037f4        0x2 ./Drivers/STM32F4xx_HAL_Driver/Src/stm32f4xx_hal_uart.o
                0x00000000080037f4                HAL_UARTEx_RxEventCallback
 .text.UART_Receive_IT.isra.0
                0x00000000080037f6       0xb4 ./Drivers/STM32F4xx_HAL_Driver/Src/stm32f4xx_hal_uart.o
 *fill*         0x00000000080038aa        0x2 
 .text.HAL_UART_IRQHandler
                0x00000000080038ac      0x28c ./Drivers/STM32F4xx_HAL_Driver/Src/stm32f4xx_hal_uart.o
                0x00000000080038ac                HAL_UART_IRQHandler
 .text.UART_Start_Receive_IT
                0x0000000008003b38       0x36 ./Drivers/STM32F4xx_HAL_Driver/Src/stm32f4xx_hal_uart.o
                0x0000000008003b38                UART_Start_Receive_IT
 .text.HAL_UART_Receive_IT
                0x0000000008003b6e       0x30 ./Drivers/STM32F4xx_HAL_Driver/Src/stm32f4xx_hal_uart.o
                0x0000000008003b6e                HAL_UART_Receive_IT
 .text.EnviarDatos
                0x0000000008003b9e       0x14 ./ESP8266/ESP8266_Chelo.o
                0x0000000008003b9e                EnviarDatos
 .text.Inicializar
                0x0000000008003bb2       0xc8 ./ESP8266/ESP8266_Chelo.o
                0x0000000008003bb2                Inicializar
 *fill*         0x0000000008003c7a        0x2 
 .text.AT_ESP8266_ND
                0x0000000008003c7c     0x1094 ./ESP8266/ESP8266_Chelo.o
                0x0000000008003c7c                AT_ESP8266_ND
 .text.WiFi_Conn_ND
                0x0000000008004d10      0xd98 ./ESP8266/ESP8266_Chelo.o
                0x0000000008004d10                WiFi_Conn_ND
 .text.httpPOST
                0x0000000008005aa8      0x458 ./HTTP/http.o
                0x0000000008005aa8                httpPOST
 .text.LoRa_Send
                0x0000000008005f00       0xbc ./LoRa/RYLR896.o
                0x0000000008005f00                LoRa_Send
 .text.LoRa_reset_sndTIMER
                0x0000000008005fbc       0x14 ./LoRa/RYLR896.o
                0x0000000008005fbc                LoRa_reset_sndTIMER
 .text.Lora_idSTR
                0x0000000008005fd0      0x2d8 ./LoRa/RYLR896.o
                0x0000000008005fd0                Lora_idSTR
 .text.LoRa_decode
                0x00000000080062a8      0x2a0 ./LoRa/RYLR896.o
                0x00000000080062a8                LoRa_decode
 .text.ModBUS_Config
                0x0000000008006548       0x54 ./ModBUS/ModBUS_Chelo.o
                0x0000000008006548                ModBUS_Config
 .text.ModBUS_Check
                0x000000000800659c       0x1a ./ModBUS/ModBUS_Chelo.o
                0x000000000800659c                ModBUS_Check
 .text.ModBUS_Check_tid
                0x00000000080065b6       0x26 ./ModBUS/ModBUS_Chelo.o
                0x00000000080065b6                ModBUS_Check_tid
 .text.ModBUS_F03_Assign
                0x00000000080065dc       0x1e ./ModBUS/ModBUS_Chelo.o
                0x00000000080065dc                ModBUS_F03_Assign
 .text.ModBUS_F03_Read
                0x00000000080065fa       0x1e ./ModBUS/ModBUS_Chelo.o
                0x00000000080065fa                ModBUS_F03_Read
 .text.ModBUS_F03_Request
                0x0000000008006618       0x38 ./ModBUS/ModBUS_Chelo.o
                0x0000000008006618                ModBUS_F03_Request
 .text.ModBUS   0x0000000008006650      0x5be ./ModBUS/ModBUS_Chelo.o
                0x0000000008006650                ModBUS
 .text.SPI_ETH  0x0000000008006c0e       0x32 ./STM32_ETH_W5100/ETH_W5100.o
                0x0000000008006c0e                SPI_ETH
 .text.SPI_ETH_REG
                0x0000000008006c40       0x68 ./STM32_ETH_W5100/ETH_W5100.o
                0x0000000008006c40                SPI_ETH_REG
 .text.SPI_ETH_WR_REG_16
                0x0000000008006ca8       0x2e ./STM32_ETH_W5100/ETH_W5100.o
                0x0000000008006ca8                SPI_ETH_WR_REG_16
 .text.SPI_ETH_RD_RCV_REG_16
                0x0000000008006cd6       0x44 ./STM32_ETH_W5100/ETH_W5100.o
                0x0000000008006cd6                SPI_ETH_RD_RCV_REG_16
 .text.SPI_ETH_WR_TX_REG_16
                0x0000000008006d1a       0x44 ./STM32_ETH_W5100/ETH_W5100.o
                0x0000000008006d1a                SPI_ETH_WR_TX_REG_16
 .text.eth_wr_SOCKET_CMD
                0x0000000008006d5e       0x16 ./STM32_ETH_W5100/ETH_W5100.o
                0x0000000008006d5e                eth_wr_SOCKET_CMD
 .text.eth_wr_SOCKET_MODE
                0x0000000008006d74       0x16 ./STM32_ETH_W5100/ETH_W5100.o
                0x0000000008006d74                eth_wr_SOCKET_MODE
 *fill*         0x0000000008006d8a        0x2 
 .text.eth_init
                0x0000000008006d8c       0xd8 ./STM32_ETH_W5100/ETH_W5100.o
                0x0000000008006d8c                eth_init
 .text.eth_socket_init
                0x0000000008006e64       0xd0 ./STM32_ETH_W5100/ETH_W5100.o
                0x0000000008006e64                eth_socket_init
 .text.eth_rd_SOCKET_STAT
                0x0000000008006f34       0x18 ./STM32_ETH_W5100/ETH_W5100.o
                0x0000000008006f34                eth_rd_SOCKET_STAT
 .text.eth_rd_SOCKET_CMD
                0x0000000008006f4c       0x18 ./STM32_ETH_W5100/ETH_W5100.o
                0x0000000008006f4c                eth_rd_SOCKET_CMD
 .text.eth_rd_SOCKET_DATA
                0x0000000008006f64       0xb4 ./STM32_ETH_W5100/ETH_W5100.o
                0x0000000008006f64                eth_rd_SOCKET_DATA
 .text.eth_wr_SOCKET_DATA
                0x0000000008007018       0xca ./STM32_ETH_W5100/ETH_W5100.o
                0x0000000008007018                eth_wr_SOCKET_DATA
 *fill*         0x00000000080070e2        0x2 
 .text.FT_String_ND
                0x00000000080070e4      0x3c0 ./STRING/STR_Chelo.o
                0x00000000080070e4                FT_String_ND
 .text.INTOA    0x00000000080074a4       0x40 ./STRING/STR_Chelo.o
                0x00000000080074a4                INTOA
 .text.CopiaVector
                0x00000000080074e4       0x2c ./STRING/STR_Chelo.o
                0x00000000080074e4                CopiaVector
 .text.atoi     0x0000000008007510        0x8 C:/ST/STM32CubeIDE_1.13.1/STM32CubeIDE/plugins/com.st.stm32cube.ide.mcu.externaltools.gnu-tools-for-stm32.11.3.rel1.win32_1.1.0.202305231506/tools/bin/../lib/gcc/arm-none-eabi/11.3.1/../../../../arm-none-eabi/lib/thumb/v7e-m+fp/hard\libc_nano.a(libc_a-atoi.o)
                0x0000000008007510                atoi
 .text.__itoa   0x0000000008007518       0x30 C:/ST/STM32CubeIDE_1.13.1/STM32CubeIDE/plugins/com.st.stm32cube.ide.mcu.externaltools.gnu-tools-for-stm32.11.3.rel1.win32_1.1.0.202305231506/tools/bin/../lib/gcc/arm-none-eabi/11.3.1/../../../../arm-none-eabi/lib/thumb/v7e-m+fp/hard\libc_nano.a(libc_a-itoa.o)
                0x0000000008007518                __itoa
 .text.itoa     0x0000000008007548        0x4 C:/ST/STM32CubeIDE_1.13.1/STM32CubeIDE/plugins/com.st.stm32cube.ide.mcu.externaltools.gnu-tools-for-stm32.11.3.rel1.win32_1.1.0.202305231506/tools/bin/../lib/gcc/arm-none-eabi/11.3.1/../../../../arm-none-eabi/lib/thumb/v7e-m+fp/hard\libc_nano.a(libc_a-itoa.o)
                0x0000000008007548                itoa
 .text._strtol_l.constprop.0
                0x000000000800754c      0x104 C:/ST/STM32CubeIDE_1.13.1/STM32CubeIDE/plugins/com.st.stm32cube.ide.mcu.externaltools.gnu-tools-for-stm32.11.3.rel1.win32_1.1.0.202305231506/tools/bin/../lib/gcc/arm-none-eabi/11.3.1/../../../../arm-none-eabi/lib/thumb/v7e-m+fp/hard\libc_nano.a(libc_a-strtol.o)
 .text.strtol   0x0000000008007650       0x14 C:/ST/STM32CubeIDE_1.13.1/STM32CubeIDE/plugins/com.st.stm32cube.ide.mcu.externaltools.gnu-tools-for-stm32.11.3.rel1.win32_1.1.0.202305231506/tools/bin/../lib/gcc/arm-none-eabi/11.3.1/../../../../arm-none-eabi/lib/thumb/v7e-m+fp/hard\libc_nano.a(libc_a-strtol.o)
                0x0000000008007650                strtol
 .text.__utoa   0x0000000008007664       0x84 C:/ST/STM32CubeIDE_1.13.1/STM32CubeIDE/plugins/com.st.stm32cube.ide.mcu.externaltools.gnu-tools-for-stm32.11.3.rel1.win32_1.1.0.202305231506/tools/bin/../lib/gcc/arm-none-eabi/11.3.1/../../../../arm-none-eabi/lib/thumb/v7e-m+fp/hard\libc_nano.a(libc_a-utoa.o)
                0x0000000008007664                __utoa
 .text.std      0x00000000080076e8       0x48 C:/ST/STM32CubeIDE_1.13.1/STM32CubeIDE/plugins/com.st.stm32cube.ide.mcu.externaltools.gnu-tools-for-stm32.11.3.rel1.win32_1.1.0.202305231506/tools/bin/../lib/gcc/arm-none-eabi/11.3.1/../../../../arm-none-eabi/lib/thumb/v7e-m+fp/hard\libc_nano.a(libc_a-findfp.o)
 .text.stdio_exit_handler
                0x0000000008007730       0x18 C:/ST/STM32CubeIDE_1.13.1/STM32CubeIDE/plugins/com.st.stm32cube.ide.mcu.externaltools.gnu-tools-for-stm32.11.3.rel1.win32_1.1.0.202305231506/tools/bin/../lib/gcc/arm-none-eabi/11.3.1/../../../../arm-none-eabi/lib/thumb/v7e-m+fp/hard\libc_nano.a(libc_a-findfp.o)
 .text.cleanup_stdio
                0x0000000008007748       0x40 C:/ST/STM32CubeIDE_1.13.1/STM32CubeIDE/plugins/com.st.stm32cube.ide.mcu.externaltools.gnu-tools-for-stm32.11.3.rel1.win32_1.1.0.202305231506/tools/bin/../lib/gcc/arm-none-eabi/11.3.1/../../../../arm-none-eabi/lib/thumb/v7e-m+fp/hard\libc_nano.a(libc_a-findfp.o)
 .text.global_stdio_init.part.0
                0x0000000008007788       0x3c C:/ST/STM32CubeIDE_1.13.1/STM32CubeIDE/plugins/com.st.stm32cube.ide.mcu.externaltools.gnu-tools-for-stm32.11.3.rel1.win32_1.1.0.202305231506/tools/bin/../lib/gcc/arm-none-eabi/11.3.1/../../../../arm-none-eabi/lib/thumb/v7e-m+fp/hard\libc_nano.a(libc_a-findfp.o)
 .text.__sfp_lock_acquire
                0x00000000080077c4        0xc C:/ST/STM32CubeIDE_1.13.1/STM32CubeIDE/plugins/com.st.stm32cube.ide.mcu.externaltools.gnu-tools-for-stm32.11.3.rel1.win32_1.1.0.202305231506/tools/bin/../lib/gcc/arm-none-eabi/11.3.1/../../../../arm-none-eabi/lib/thumb/v7e-m+fp/hard\libc_nano.a(libc_a-findfp.o)
                0x00000000080077c4                __sfp_lock_acquire
 .text.__sfp_lock_release
                0x00000000080077d0        0xc C:/ST/STM32CubeIDE_1.13.1/STM32CubeIDE/plugins/com.st.stm32cube.ide.mcu.externaltools.gnu-tools-for-stm32.11.3.rel1.win32_1.1.0.202305231506/tools/bin/../lib/gcc/arm-none-eabi/11.3.1/../../../../arm-none-eabi/lib/thumb/v7e-m+fp/hard\libc_nano.a(libc_a-findfp.o)
                0x00000000080077d0                __sfp_lock_release
 .text.__sinit  0x00000000080077dc       0x30 C:/ST/STM32CubeIDE_1.13.1/STM32CubeIDE/plugins/com.st.stm32cube.ide.mcu.externaltools.gnu-tools-for-stm32.11.3.rel1.win32_1.1.0.202305231506/tools/bin/../lib/gcc/arm-none-eabi/11.3.1/../../../../arm-none-eabi/lib/thumb/v7e-m+fp/hard\libc_nano.a(libc_a-findfp.o)
                0x00000000080077dc                __sinit
 .text._fwalk_sglue
                0x000000000800780c       0x3c C:/ST/STM32CubeIDE_1.13.1/STM32CubeIDE/plugins/com.st.stm32cube.ide.mcu.externaltools.gnu-tools-for-stm32.11.3.rel1.win32_1.1.0.202305231506/tools/bin/../lib/gcc/arm-none-eabi/11.3.1/../../../../arm-none-eabi/lib/thumb/v7e-m+fp/hard\libc_nano.a(libc_a-fwalk.o)
                0x000000000800780c                _fwalk_sglue
 .text.sprintf  0x0000000008007848       0x40 C:/ST/STM32CubeIDE_1.13.1/STM32CubeIDE/plugins/com.st.stm32cube.ide.mcu.externaltools.gnu-tools-for-stm32.11.3.rel1.win32_1.1.0.202305231506/tools/bin/../lib/gcc/arm-none-eabi/11.3.1/../../../../arm-none-eabi/lib/thumb/v7e-m+fp/hard\libc_nano.a(libc_a-sprintf.o)
                0x0000000008007848                siprintf
                0x0000000008007848                sprintf
 .text.__sread  0x0000000008007888       0x22 C:/ST/STM32CubeIDE_1.13.1/STM32CubeIDE/plugins/com.st.stm32cube.ide.mcu.externaltools.gnu-tools-for-stm32.11.3.rel1.win32_1.1.0.202305231506/tools/bin/../lib/gcc/arm-none-eabi/11.3.1/../../../../arm-none-eabi/lib/thumb/v7e-m+fp/hard\libc_nano.a(libc_a-stdio.o)
                0x0000000008007888                __sread
 .text.__swrite
                0x00000000080078aa       0x38 C:/ST/STM32CubeIDE_1.13.1/STM32CubeIDE/plugins/com.st.stm32cube.ide.mcu.externaltools.gnu-tools-for-stm32.11.3.rel1.win32_1.1.0.202305231506/tools/bin/../lib/gcc/arm-none-eabi/11.3.1/../../../../arm-none-eabi/lib/thumb/v7e-m+fp/hard\libc_nano.a(libc_a-stdio.o)
                0x00000000080078aa                __swrite
 .text.__sseek  0x00000000080078e2       0x24 C:/ST/STM32CubeIDE_1.13.1/STM32CubeIDE/plugins/com.st.stm32cube.ide.mcu.externaltools.gnu-tools-for-stm32.11.3.rel1.win32_1.1.0.202305231506/tools/bin/../lib/gcc/arm-none-eabi/11.3.1/../../../../arm-none-eabi/lib/thumb/v7e-m+fp/hard\libc_nano.a(libc_a-stdio.o)
                0x00000000080078e2                __sseek
 .text.__sclose
                0x0000000008007906        0x8 C:/ST/STM32CubeIDE_1.13.1/STM32CubeIDE/plugins/com.st.stm32cube.ide.mcu.externaltools.gnu-tools-for-stm32.11.3.rel1.win32_1.1.0.202305231506/tools/bin/../lib/gcc/arm-none-eabi/11.3.1/../../../../arm-none-eabi/lib/thumb/v7e-m+fp/hard\libc_nano.a(libc_a-stdio.o)
                0x0000000008007906                __sclose
 .text.memmove  0x000000000800790e       0x34 C:/ST/STM32CubeIDE_1.13.1/STM32CubeIDE/plugins/com.st.stm32cube.ide.mcu.externaltools.gnu-tools-for-stm32.11.3.rel1.win32_1.1.0.202305231506/tools/bin/../lib/gcc/arm-none-eabi/11.3.1/../../../../arm-none-eabi/lib/thumb/v7e-m+fp/hard\libc_nano.a(libc_a-memmove.o)
                0x000000000800790e                memmove
 .text.memset   0x0000000008007942       0x10 C:/ST/STM32CubeIDE_1.13.1/STM32CubeIDE/plugins/com.st.stm32cube.ide.mcu.externaltools.gnu-tools-for-stm32.11.3.rel1.win32_1.1.0.202305231506/tools/bin/../lib/gcc/arm-none-eabi/11.3.1/../../../../arm-none-eabi/lib/thumb/v7e-m+fp/hard\libc_nano.a(libc_a-memset.o)
                0x0000000008007942                memset
 .text.strcat   0x0000000008007952       0x1e C:/ST/STM32CubeIDE_1.13.1/STM32CubeIDE/plugins/com.st.stm32cube.ide.mcu.externaltools.gnu-tools-for-stm32.11.3.rel1.win32_1.1.0.202305231506/tools/bin/../lib/gcc/arm-none-eabi/11.3.1/../../../../arm-none-eabi/lib/thumb/v7e-m+fp/hard\libc_nano.a(libc_a-strcat.o)
                0x0000000008007952                strcat
 .text.strncat  0x0000000008007970       0x26 C:/ST/STM32CubeIDE_1.13.1/STM32CubeIDE/plugins/com.st.stm32cube.ide.mcu.externaltools.gnu-tools-for-stm32.11.3.rel1.win32_1.1.0.202305231506/tools/bin/../lib/gcc/arm-none-eabi/11.3.1/../../../../arm-none-eabi/lib/thumb/v7e-m+fp/hard\libc_nano.a(libc_a-strncat.o)
                0x0000000008007970                strncat
 *fill*         0x0000000008007996        0x2 
 .text.strtok   0x0000000008007998       0x68 C:/ST/STM32CubeIDE_1.13.1/STM32CubeIDE/plugins/com.st.stm32cube.ide.mcu.externaltools.gnu-tools-for-stm32.11.3.rel1.win32_1.1.0.202305231506/tools/bin/../lib/gcc/arm-none-eabi/11.3.1/../../../../arm-none-eabi/lib/thumb/v7e-m+fp/hard\libc_nano.a(libc_a-strtok.o)
                0x0000000008007998                strtok
 .text.__strtok_r
                0x0000000008007a00       0x50 C:/ST/STM32CubeIDE_1.13.1/STM32CubeIDE/plugins/com.st.stm32cube.ide.mcu.externaltools.gnu-tools-for-stm32.11.3.rel1.win32_1.1.0.202305231506/tools/bin/../lib/gcc/arm-none-eabi/11.3.1/../../../../arm-none-eabi/lib/thumb/v7e-m+fp/hard\libc_nano.a(libc_a-strtok_r.o)
                0x0000000008007a00                __strtok_r
 .text._close_r
                0x0000000008007a50       0x20 C:/ST/STM32CubeIDE_1.13.1/STM32CubeIDE/plugins/com.st.stm32cube.ide.mcu.externaltools.gnu-tools-for-stm32.11.3.rel1.win32_1.1.0.202305231506/tools/bin/../lib/gcc/arm-none-eabi/11.3.1/../../../../arm-none-eabi/lib/thumb/v7e-m+fp/hard\libc_nano.a(libc_a-closer.o)
                0x0000000008007a50                _close_r
 .text._lseek_r
                0x0000000008007a70       0x24 C:/ST/STM32CubeIDE_1.13.1/STM32CubeIDE/plugins/com.st.stm32cube.ide.mcu.externaltools.gnu-tools-for-stm32.11.3.rel1.win32_1.1.0.202305231506/tools/bin/../lib/gcc/arm-none-eabi/11.3.1/../../../../arm-none-eabi/lib/thumb/v7e-m+fp/hard\libc_nano.a(libc_a-lseekr.o)
                0x0000000008007a70                _lseek_r
 .text._read_r  0x0000000008007a94       0x24 C:/ST/STM32CubeIDE_1.13.1/STM32CubeIDE/plugins/com.st.stm32cube.ide.mcu.externaltools.gnu-tools-for-stm32.11.3.rel1.win32_1.1.0.202305231506/tools/bin/../lib/gcc/arm-none-eabi/11.3.1/../../../../arm-none-eabi/lib/thumb/v7e-m+fp/hard\libc_nano.a(libc_a-readr.o)
                0x0000000008007a94                _read_r
 .text._write_r
                0x0000000008007ab8       0x24 C:/ST/STM32CubeIDE_1.13.1/STM32CubeIDE/plugins/com.st.stm32cube.ide.mcu.externaltools.gnu-tools-for-stm32.11.3.rel1.win32_1.1.0.202305231506/tools/bin/../lib/gcc/arm-none-eabi/11.3.1/../../../../arm-none-eabi/lib/thumb/v7e-m+fp/hard\libc_nano.a(libc_a-writer.o)
                0x0000000008007ab8                _write_r
 .text.__errno  0x0000000008007adc        0xc C:/ST/STM32CubeIDE_1.13.1/STM32CubeIDE/plugins/com.st.stm32cube.ide.mcu.externaltools.gnu-tools-for-stm32.11.3.rel1.win32_1.1.0.202305231506/tools/bin/../lib/gcc/arm-none-eabi/11.3.1/../../../../arm-none-eabi/lib/thumb/v7e-m+fp/hard\libc_nano.a(libc_a-errno.o)
                0x0000000008007adc                __errno
 .text.__libc_init_array
                0x0000000008007ae8       0x48 C:/ST/STM32CubeIDE_1.13.1/STM32CubeIDE/plugins/com.st.stm32cube.ide.mcu.externaltools.gnu-tools-for-stm32.11.3.rel1.win32_1.1.0.202305231506/tools/bin/../lib/gcc/arm-none-eabi/11.3.1/../../../../arm-none-eabi/lib/thumb/v7e-m+fp/hard\libc_nano.a(libc_a-init.o)
                0x0000000008007ae8                __libc_init_array
 .text.__retarget_lock_acquire_recursive
                0x0000000008007b30        0x2 C:/ST/STM32CubeIDE_1.13.1/STM32CubeIDE/plugins/com.st.stm32cube.ide.mcu.externaltools.gnu-tools-for-stm32.11.3.rel1.win32_1.1.0.202305231506/tools/bin/../lib/gcc/arm-none-eabi/11.3.1/../../../../arm-none-eabi/lib/thumb/v7e-m+fp/hard\libc_nano.a(libc_a-lock.o)
                0x0000000008007b30                __retarget_lock_acquire_recursive
 .text.__retarget_lock_release_recursive
                0x0000000008007b32        0x2 C:/ST/STM32CubeIDE_1.13.1/STM32CubeIDE/plugins/com.st.stm32cube.ide.mcu.externaltools.gnu-tools-for-stm32.11.3.rel1.win32_1.1.0.202305231506/tools/bin/../lib/gcc/arm-none-eabi/11.3.1/../../../../arm-none-eabi/lib/thumb/v7e-m+fp/hard\libc_nano.a(libc_a-lock.o)
                0x0000000008007b32                __retarget_lock_release_recursive
 .text.strcpy   0x0000000008007b34       0x10 C:/ST/STM32CubeIDE_1.13.1/STM32CubeIDE/plugins/com.st.stm32cube.ide.mcu.externaltools.gnu-tools-for-stm32.11.3.rel1.win32_1.1.0.202305231506/tools/bin/../lib/gcc/arm-none-eabi/11.3.1/../../../../arm-none-eabi/lib/thumb/v7e-m+fp/hard\libc_nano.a(libc_a-strcpy.o)
                0x0000000008007b34                strcpy
 .text.__assert_func
                0x0000000008007b44       0x3c C:/ST/STM32CubeIDE_1.13.1/STM32CubeIDE/plugins/com.st.stm32cube.ide.mcu.externaltools.gnu-tools-for-stm32.11.3.rel1.win32_1.1.0.202305231506/tools/bin/../lib/gcc/arm-none-eabi/11.3.1/../../../../arm-none-eabi/lib/thumb/v7e-m+fp/hard\libc_nano.a(libc_a-assert.o)
                0x0000000008007b44                __assert_func
 .text._free_r  0x0000000008007b80       0x98 C:/ST/STM32CubeIDE_1.13.1/STM32CubeIDE/plugins/com.st.stm32cube.ide.mcu.externaltools.gnu-tools-for-stm32.11.3.rel1.win32_1.1.0.202305231506/tools/bin/../lib/gcc/arm-none-eabi/11.3.1/../../../../arm-none-eabi/lib/thumb/v7e-m+fp/hard\libc_nano.a(libc_a-freer.o)
                0x0000000008007b80                _free_r
 .text.malloc   0x0000000008007c18       0x10 C:/ST/STM32CubeIDE_1.13.1/STM32CubeIDE/plugins/com.st.stm32cube.ide.mcu.externaltools.gnu-tools-for-stm32.11.3.rel1.win32_1.1.0.202305231506/tools/bin/../lib/gcc/arm-none-eabi/11.3.1/../../../../arm-none-eabi/lib/thumb/v7e-m+fp/hard\libc_nano.a(libc_a-malloc.o)
                0x0000000008007c18                malloc
 .text.sbrk_aligned
                0x0000000008007c28       0x40 C:/ST/STM32CubeIDE_1.13.1/STM32CubeIDE/plugins/com.st.stm32cube.ide.mcu.externaltools.gnu-tools-for-stm32.11.3.rel1.win32_1.1.0.202305231506/tools/bin/../lib/gcc/arm-none-eabi/11.3.1/../../../../arm-none-eabi/lib/thumb/v7e-m+fp/hard\libc_nano.a(libc_a-mallocr.o)
 .text._malloc_r
                0x0000000008007c68      0x100 C:/ST/STM32CubeIDE_1.13.1/STM32CubeIDE/plugins/com.st.stm32cube.ide.mcu.externaltools.gnu-tools-for-stm32.11.3.rel1.win32_1.1.0.202305231506/tools/bin/../lib/gcc/arm-none-eabi/11.3.1/../../../../arm-none-eabi/lib/thumb/v7e-m+fp/hard\libc_nano.a(libc_a-mallocr.o)
                0x0000000008007c68                _malloc_r
 .text.__malloc_lock
                0x0000000008007d68        0xc C:/ST/STM32CubeIDE_1.13.1/STM32CubeIDE/plugins/com.st.stm32cube.ide.mcu.externaltools.gnu-tools-for-stm32.11.3.rel1.win32_1.1.0.202305231506/tools/bin/../lib/gcc/arm-none-eabi/11.3.1/../../../../arm-none-eabi/lib/thumb/v7e-m+fp/hard\libc_nano.a(libc_a-mlock.o)
                0x0000000008007d68                __malloc_lock
 .text.__malloc_unlock
                0x0000000008007d74        0xc C:/ST/STM32CubeIDE_1.13.1/STM32CubeIDE/plugins/com.st.stm32cube.ide.mcu.externaltools.gnu-tools-for-stm32.11.3.rel1.win32_1.1.0.202305231506/tools/bin/../lib/gcc/arm-none-eabi/11.3.1/../../../../arm-none-eabi/lib/thumb/v7e-m+fp/hard\libc_nano.a(libc_a-mlock.o)
                0x0000000008007d74                __malloc_unlock
 .text.__ssputs_r
                0x0000000008007d80       0xb4 C:/ST/STM32CubeIDE_1.13.1/STM32CubeIDE/plugins/com.st.stm32cube.ide.mcu.externaltools.gnu-tools-for-stm32.11.3.rel1.win32_1.1.0.202305231506/tools/bin/../lib/gcc/arm-none-eabi/11.3.1/../../../../arm-none-eabi/lib/thumb/v7e-m+fp/hard\libc_nano.a(libc_a-nano-svfprintf.o)
                0x0000000008007d80                __ssputs_r
 .text._svfprintf_r
                0x0000000008007e34      0x1fc C:/ST/STM32CubeIDE_1.13.1/STM32CubeIDE/plugins/com.st.stm32cube.ide.mcu.externaltools.gnu-tools-for-stm32.11.3.rel1.win32_1.1.0.202305231506/tools/bin/../lib/gcc/arm-none-eabi/11.3.1/../../../../arm-none-eabi/lib/thumb/v7e-m+fp/hard\libc_nano.a(libc_a-nano-svfprintf.o)
                0x0000000008007e34                _svfiprintf_r
                0x0000000008007e34                _svfprintf_r
 .text._printf_common
                0x0000000008008030       0xda C:/ST/STM32CubeIDE_1.13.1/STM32CubeIDE/plugins/com.st.stm32cube.ide.mcu.externaltools.gnu-tools-for-stm32.11.3.rel1.win32_1.1.0.202305231506/tools/bin/../lib/gcc/arm-none-eabi/11.3.1/../../../../arm-none-eabi/lib/thumb/v7e-m+fp/hard\libc_nano.a(libc_a-nano-vfprintf_i.o)
                0x0000000008008030                _printf_common
 *fill*         0x000000000800810a        0x2 
 .text._printf_i
                0x000000000800810c      0x244 C:/ST/STM32CubeIDE_1.13.1/STM32CubeIDE/plugins/com.st.stm32cube.ide.mcu.externaltools.gnu-tools-for-stm32.11.3.rel1.win32_1.1.0.202305231506/tools/bin/../lib/gcc/arm-none-eabi/11.3.1/../../../../arm-none-eabi/lib/thumb/v7e-m+fp/hard\libc_nano.a(libc_a-nano-vfprintf_i.o)
                0x000000000800810c                _printf_i
 .text.__sflush_r
                0x0000000008008350      0x10c C:/ST/STM32CubeIDE_1.13.1/STM32CubeIDE/plugins/com.st.stm32cube.ide.mcu.externaltools.gnu-tools-for-stm32.11.3.rel1.win32_1.1.0.202305231506/tools/bin/../lib/gcc/arm-none-eabi/11.3.1/../../../../arm-none-eabi/lib/thumb/v7e-m+fp/hard\libc_nano.a(libc_a-fflush.o)
                0x0000000008008350                __sflush_r
 .text._fflush_r
                0x000000000800845c       0x50 C:/ST/STM32CubeIDE_1.13.1/STM32CubeIDE/plugins/com.st.stm32cube.ide.mcu.externaltools.gnu-tools-for-stm32.11.3.rel1.win32_1.1.0.202305231506/tools/bin/../lib/gcc/arm-none-eabi/11.3.1/../../../../arm-none-eabi/lib/thumb/v7e-m+fp/hard\libc_nano.a(libc_a-fflush.o)
                0x000000000800845c                _fflush_r
 .text.fprintf  0x00000000080084ac       0x24 C:/ST/STM32CubeIDE_1.13.1/STM32CubeIDE/plugins/com.st.stm32cube.ide.mcu.externaltools.gnu-tools-for-stm32.11.3.rel1.win32_1.1.0.202305231506/tools/bin/../lib/gcc/arm-none-eabi/11.3.1/../../../../arm-none-eabi/lib/thumb/v7e-m+fp/hard\libc_nano.a(libc_a-fprintf.o)
                0x00000000080084ac                fiprintf
                0x00000000080084ac                fprintf
 .text._sbrk_r  0x00000000080084d0       0x20 C:/ST/STM32CubeIDE_1.13.1/STM32CubeIDE/plugins/com.st.stm32cube.ide.mcu.externaltools.gnu-tools-for-stm32.11.3.rel1.win32_1.1.0.202305231506/tools/bin/../lib/gcc/arm-none-eabi/11.3.1/../../../../arm-none-eabi/lib/thumb/v7e-m+fp/hard\libc_nano.a(libc_a-sbrkr.o)
                0x00000000080084d0                _sbrk_r
 .text.memcpy   0x00000000080084f0       0x1c C:/ST/STM32CubeIDE_1.13.1/STM32CubeIDE/plugins/com.st.stm32cube.ide.mcu.externaltools.gnu-tools-for-stm32.11.3.rel1.win32_1.1.0.202305231506/tools/bin/../lib/gcc/arm-none-eabi/11.3.1/../../../../arm-none-eabi/lib/thumb/v7e-m+fp/hard\libc_nano.a(libc_a-memcpy-stub.o)
                0x00000000080084f0                memcpy
 .text.abort    0x000000000800850c        0xe C:/ST/STM32CubeIDE_1.13.1/STM32CubeIDE/plugins/com.st.stm32cube.ide.mcu.externaltools.gnu-tools-for-stm32.11.3.rel1.win32_1.1.0.202305231506/tools/bin/../lib/gcc/arm-none-eabi/11.3.1/../../../../arm-none-eabi/lib/thumb/v7e-m+fp/hard\libc_nano.a(libc_a-abort.o)
                0x000000000800850c                abort
 .text._realloc_r
                0x000000000800851a       0x5e C:/ST/STM32CubeIDE_1.13.1/STM32CubeIDE/plugins/com.st.stm32cube.ide.mcu.externaltools.gnu-tools-for-stm32.11.3.rel1.win32_1.1.0.202305231506/tools/bin/../lib/gcc/arm-none-eabi/11.3.1/../../../../arm-none-eabi/lib/thumb/v7e-m+fp/hard\libc_nano.a(libc_a-reallocr.o)
                0x000000000800851a                _realloc_r
 .text.__sfputc_r
                0x0000000008008578       0x2e C:/ST/STM32CubeIDE_1.13.1/STM32CubeIDE/plugins/com.st.stm32cube.ide.mcu.externaltools.gnu-tools-for-stm32.11.3.rel1.win32_1.1.0.202305231506/tools/bin/../lib/gcc/arm-none-eabi/11.3.1/../../../../arm-none-eabi/lib/thumb/v7e-m+fp/hard\libc_nano.a(libc_a-nano-vfprintf.o)
 .text.__sfputs_r
                0x00000000080085a6       0x24 C:/ST/STM32CubeIDE_1.13.1/STM32CubeIDE/plugins/com.st.stm32cube.ide.mcu.externaltools.gnu-tools-for-stm32.11.3.rel1.win32_1.1.0.202305231506/tools/bin/../lib/gcc/arm-none-eabi/11.3.1/../../../../arm-none-eabi/lib/thumb/v7e-m+fp/hard\libc_nano.a(libc_a-nano-vfprintf.o)
                0x00000000080085a6                __sfputs_r
 *fill*         0x00000000080085ca        0x2 
 .text._vfprintf_r
                0x00000000080085cc      0x234 C:/ST/STM32CubeIDE_1.13.1/STM32CubeIDE/plugins/com.st.stm32cube.ide.mcu.externaltools.gnu-tools-for-stm32.11.3.rel1.win32_1.1.0.202305231506/tools/bin/../lib/gcc/arm-none-eabi/11.3.1/../../../../arm-none-eabi/lib/thumb/v7e-m+fp/hard\libc_nano.a(libc_a-nano-vfprintf.o)
                0x00000000080085cc                _vfprintf_r
                0x00000000080085cc                _vfiprintf_r
 .text.__swbuf_r
                0x0000000008008800       0x7a C:/ST/STM32CubeIDE_1.13.1/STM32CubeIDE/plugins/com.st.stm32cube.ide.mcu.externaltools.gnu-tools-for-stm32.11.3.rel1.win32_1.1.0.202305231506/tools/bin/../lib/gcc/arm-none-eabi/11.3.1/../../../../arm-none-eabi/lib/thumb/v7e-m+fp/hard\libc_nano.a(libc_a-wbuf.o)
                0x0000000008008800                __swbuf_r
 *fill*         0x000000000800887a        0x2 
 .text.__swsetup_r
                0x000000000800887c       0xb0 C:/ST/STM32CubeIDE_1.13.1/STM32CubeIDE/plugins/com.st.stm32cube.ide.mcu.externaltools.gnu-tools-for-stm32.11.3.rel1.win32_1.1.0.202305231506/tools/bin/../lib/gcc/arm-none-eabi/11.3.1/../../../../arm-none-eabi/lib/thumb/v7e-m+fp/hard\libc_nano.a(libc_a-wsetup.o)
                0x000000000800887c                __swsetup_r
 .text._raise_r
                0x000000000800892c       0x50 C:/ST/STM32CubeIDE_1.13.1/STM32CubeIDE/plugins/com.st.stm32cube.ide.mcu.externaltools.gnu-tools-for-stm32.11.3.rel1.win32_1.1.0.202305231506/tools/bin/../lib/gcc/arm-none-eabi/11.3.1/../../../../arm-none-eabi/lib/thumb/v7e-m+fp/hard\libc_nano.a(libc_a-signal.o)
                0x000000000800892c                _raise_r
 .text.raise    0x000000000800897c       0x10 C:/ST/STM32CubeIDE_1.13.1/STM32CubeIDE/plugins/com.st.stm32cube.ide.mcu.externaltools.gnu-tools-for-stm32.11.3.rel1.win32_1.1.0.202305231506/tools/bin/../lib/gcc/arm-none-eabi/11.3.1/../../../../arm-none-eabi/lib/thumb/v7e-m+fp/hard\libc_nano.a(libc_a-signal.o)
                0x000000000800897c                raise
 .text._kill_r  0x000000000800898c       0x24 C:/ST/STM32CubeIDE_1.13.1/STM32CubeIDE/plugins/com.st.stm32cube.ide.mcu.externaltools.gnu-tools-for-stm32.11.3.rel1.win32_1.1.0.202305231506/tools/bin/../lib/gcc/arm-none-eabi/11.3.1/../../../../arm-none-eabi/lib/thumb/v7e-m+fp/hard\libc_nano.a(libc_a-signalr.o)
                0x000000000800898c                _kill_r
 .text._getpid_r
                0x00000000080089b0        0x4 C:/ST/STM32CubeIDE_1.13.1/STM32CubeIDE/plugins/com.st.stm32cube.ide.mcu.externaltools.gnu-tools-for-stm32.11.3.rel1.win32_1.1.0.202305231506/tools/bin/../lib/gcc/arm-none-eabi/11.3.1/../../../../arm-none-eabi/lib/thumb/v7e-m+fp/hard\libc_nano.a(libc_a-signalr.o)
                0x00000000080089b0                _getpid_r
 .text._malloc_usable_size_r
                0x00000000080089b4       0x10 C:/ST/STM32CubeIDE_1.13.1/STM32CubeIDE/plugins/com.st.stm32cube.ide.mcu.externaltools.gnu-tools-for-stm32.11.3.rel1.win32_1.1.0.202305231506/tools/bin/../lib/gcc/arm-none-eabi/11.3.1/../../../../arm-none-eabi/lib/thumb/v7e-m+fp/hard\libc_nano.a(libc_a-msizer.o)
                0x00000000080089b4                _malloc_usable_size_r
 .text.__swhatbuf_r
                0x00000000080089c4       0x4c C:/ST/STM32CubeIDE_1.13.1/STM32CubeIDE/plugins/com.st.stm32cube.ide.mcu.externaltools.gnu-tools-for-stm32.11.3.rel1.win32_1.1.0.202305231506/tools/bin/../lib/gcc/arm-none-eabi/11.3.1/../../../../arm-none-eabi/lib/thumb/v7e-m+fp/hard\libc_nano.a(libc_a-makebuf.o)
                0x00000000080089c4                __swhatbuf_r
 .text.__smakebuf_r
                0x0000000008008a10       0x78 C:/ST/STM32CubeIDE_1.13.1/STM32CubeIDE/plugins/com.st.stm32cube.ide.mcu.externaltools.gnu-tools-for-stm32.11.3.rel1.win32_1.1.0.202305231506/tools/bin/../lib/gcc/arm-none-eabi/11.3.1/../../../../arm-none-eabi/lib/thumb/v7e-m+fp/hard\libc_nano.a(libc_a-makebuf.o)
                0x0000000008008a10                __smakebuf_r
 .text._fstat_r
                0x0000000008008a88       0x24 C:/ST/STM32CubeIDE_1.13.1/STM32CubeIDE/plugins/com.st.stm32cube.ide.mcu.externaltools.gnu-tools-for-stm32.11.3.rel1.win32_1.1.0.202305231506/tools/bin/../lib/gcc/arm-none-eabi/11.3.1/../../../../arm-none-eabi/lib/thumb/v7e-m+fp/hard\libc_nano.a(libc_a-fstatr.o)
                0x0000000008008a88                _fstat_r
 .text._isatty_r
                0x0000000008008aac       0x20 C:/ST/STM32CubeIDE_1.13.1/STM32CubeIDE/plugins/com.st.stm32cube.ide.mcu.externaltools.gnu-tools-for-stm32.11.3.rel1.win32_1.1.0.202305231506/tools/bin/../lib/gcc/arm-none-eabi/11.3.1/../../../../arm-none-eabi/lib/thumb/v7e-m+fp/hard\libc_nano.a(libc_a-isattyr.o)
                0x0000000008008aac                _isatty_r
 *(.glue_7)
 .glue_7        0x0000000008008acc        0x0 linker stubs
 *(.glue_7t)
 .glue_7t       0x0000000008008acc        0x0 linker stubs
 *(.eh_frame)
 .eh_frame      0x0000000008008acc        0x0 C:/ST/STM32CubeIDE_1.13.1/STM32CubeIDE/plugins/com.st.stm32cube.ide.mcu.externaltools.gnu-tools-for-stm32.11.3.rel1.win32_1.1.0.202305231506/tools/bin/../lib/gcc/arm-none-eabi/11.3.1/thumb/v7e-m+fp/hard/crtbegin.o
 *(.init)
 .init          0x0000000008008acc        0x4 C:/ST/STM32CubeIDE_1.13.1/STM32CubeIDE/plugins/com.st.stm32cube.ide.mcu.externaltools.gnu-tools-for-stm32.11.3.rel1.win32_1.1.0.202305231506/tools/bin/../lib/gcc/arm-none-eabi/11.3.1/thumb/v7e-m+fp/hard/crti.o
                0x0000000008008acc                _init
 .init          0x0000000008008ad0        0x8 C:/ST/STM32CubeIDE_1.13.1/STM32CubeIDE/plugins/com.st.stm32cube.ide.mcu.externaltools.gnu-tools-for-stm32.11.3.rel1.win32_1.1.0.202305231506/tools/bin/../lib/gcc/arm-none-eabi/11.3.1/thumb/v7e-m+fp/hard/crtn.o
 *(.fini)
 .fini          0x0000000008008ad8        0x4 C:/ST/STM32CubeIDE_1.13.1/STM32CubeIDE/plugins/com.st.stm32cube.ide.mcu.externaltools.gnu-tools-for-stm32.11.3.rel1.win32_1.1.0.202305231506/tools/bin/../lib/gcc/arm-none-eabi/11.3.1/thumb/v7e-m+fp/hard/crti.o
                0x0000000008008ad8                _fini
 .fini          0x0000000008008adc        0x8 C:/ST/STM32CubeIDE_1.13.1/STM32CubeIDE/plugins/com.st.stm32cube.ide.mcu.externaltools.gnu-tools-for-stm32.11.3.rel1.win32_1.1.0.202305231506/tools/bin/../lib/gcc/arm-none-eabi/11.3.1/thumb/v7e-m+fp/hard/crtn.o
                0x0000000008008ae4                . = ALIGN (0x4)
                0x0000000008008ae4                _etext = .

.vfp11_veneer   0x0000000008008ae4        0x0
 .vfp11_veneer  0x0000000008008ae4        0x0 linker stubs

.v4_bx          0x0000000008008ae4        0x0
 .v4_bx         0x0000000008008ae4        0x0 linker stubs

.iplt           0x0000000008008ae4        0x0
 .iplt          0x0000000008008ae4        0x0 C:/ST/STM32CubeIDE_1.13.1/STM32CubeIDE/plugins/com.st.stm32cube.ide.mcu.externaltools.gnu-tools-for-stm32.11.3.rel1.win32_1.1.0.202305231506/tools/bin/../lib/gcc/arm-none-eabi/11.3.1/thumb/v7e-m+fp/hard/crtbegin.o

.rodata         0x0000000008008ae4      0x99c
                0x0000000008008ae4                . = ALIGN (0x4)
 *(.rodata)
 *(.rodata*)
 .rodata.SysTick_Handler.str1.1
                0x0000000008008ae4      0x183 ./Core/Src/main.o
 .rodata.HAL_TIM_OC_DelayElapsedCallback.str1.1
                0x0000000008008c67       0x18 ./Core/Src/main.o
                                         0x1b (size before relaxing)
 .rodata.ESP8266_HW_Reset.str1.1
                0x0000000008008c7f       0x26 ./Core/Src/main.o
 .rodata.ESP8266_HW_Init.str1.1
                0x0000000008008ca5       0x13 ./Core/Src/main.o
 .rodata.main.str1.1
                0x0000000008008cb8       0x9d ./Core/Src/main.o
                                         0x9f (size before relaxing)
 .rodata.AHBPrescTable
                0x0000000008008d55       0x10 ./Core/Src/system_stm32f4xx.o
                0x0000000008008d55                AHBPrescTable
 .rodata.APBPrescTable
                0x0000000008008d65        0x8 ./Core/Src/system_stm32f4xx.o
                0x0000000008008d65                APBPrescTable
 .rodata.AT_ESP8266_ND.str1.1
                0x0000000008008d6d      0x190 ./ESP8266/ESP8266_Chelo.o
                                        0x1a8 (size before relaxing)
 .rodata.httpPOST.str1.1
                0x0000000008008efd       0x4e ./HTTP/http.o
                                         0x53 (size before relaxing)
 .rodata.LoRa_Send.str1.1
                0x0000000008008f4b        0x9 ./LoRa/RYLR896.o
                                          0xb (size before relaxing)
 .rodata.Lora_idSTR.str1.1
                0x0000000008008f54       0x6e ./LoRa/RYLR896.o
                                         0x75 (size before relaxing)
 .rodata.LoRa_decode.str1.1
                0x0000000008008fc2      0x12f ./LoRa/RYLR896.o
 .rodata.eth_init.str1.1
                0x00000000080090f1       0xb0 ./STM32_ETH_W5100/ETH_W5100.o
 .rodata.eth_socket_init.str1.1
                0x00000000080091a1       0xcf ./STM32_ETH_W5100/ETH_W5100.o
                                         0xe5 (size before relaxing)
 .rodata.FT_String.str1.1
                0x0000000008009270        0x7 ./STRING/STR_Chelo.o
 .rodata.INTOA.str1.1
                0x0000000008009277        0x3 ./STRING/STR_Chelo.o
 .rodata.__utoa.str1.1
                0x000000000800927a       0x25 C:/ST/STM32CubeIDE_1.13.1/STM32CubeIDE/plugins/com.st.stm32cube.ide.mcu.externaltools.gnu-tools-for-stm32.11.3.rel1.win32_1.1.0.202305231506/tools/bin/../lib/gcc/arm-none-eabi/11.3.1/../../../../arm-none-eabi/lib/thumb/v7e-m+fp/hard\libc_nano.a(libc_a-utoa.o)
 .rodata._ctype_
                0x000000000800929f      0x101 C:/ST/STM32CubeIDE_1.13.1/STM32CubeIDE/plugins/com.st.stm32cube.ide.mcu.externaltools.gnu-tools-for-stm32.11.3.rel1.win32_1.1.0.202305231506/tools/bin/../lib/gcc/arm-none-eabi/11.3.1/../../../../arm-none-eabi/lib/thumb/v7e-m+fp/hard\libc_nano.a(libc_a-ctype_.o)
                0x000000000800929f                _ctype_
 .rodata.strtok.str1.1
                0x00000000080093a0       0x71 C:/ST/STM32CubeIDE_1.13.1/STM32CubeIDE/plugins/com.st.stm32cube.ide.mcu.externaltools.gnu-tools-for-stm32.11.3.rel1.win32_1.1.0.202305231506/tools/bin/../lib/gcc/arm-none-eabi/11.3.1/../../../../arm-none-eabi/lib/thumb/v7e-m+fp/hard\libc_nano.a(libc_a-strtok.o)
 .rodata.__assert_func.str1.1
                0x0000000008009411       0x3c C:/ST/STM32CubeIDE_1.13.1/STM32CubeIDE/plugins/com.st.stm32cube.ide.mcu.externaltools.gnu-tools-for-stm32.11.3.rel1.win32_1.1.0.202305231506/tools/bin/../lib/gcc/arm-none-eabi/11.3.1/../../../../arm-none-eabi/lib/thumb/v7e-m+fp/hard\libc_nano.a(libc_a-assert.o)
                                         0x3d (size before relaxing)
 .rodata._svfprintf_r.str1.1
                0x000000000800944d       0x11 C:/ST/STM32CubeIDE_1.13.1/STM32CubeIDE/plugins/com.st.stm32cube.ide.mcu.externaltools.gnu-tools-for-stm32.11.3.rel1.win32_1.1.0.202305231506/tools/bin/../lib/gcc/arm-none-eabi/11.3.1/../../../../arm-none-eabi/lib/thumb/v7e-m+fp/hard\libc_nano.a(libc_a-nano-svfprintf.o)
 .rodata._printf_i.str1.1
                0x000000000800945e       0x22 C:/ST/STM32CubeIDE_1.13.1/STM32CubeIDE/plugins/com.st.stm32cube.ide.mcu.externaltools.gnu-tools-for-stm32.11.3.rel1.win32_1.1.0.202305231506/tools/bin/../lib/gcc/arm-none-eabi/11.3.1/../../../../arm-none-eabi/lib/thumb/v7e-m+fp/hard\libc_nano.a(libc_a-nano-vfprintf_i.o)
 .rodata._vfprintf_r.str1.1
                0x0000000008009480       0x11 C:/ST/STM32CubeIDE_1.13.1/STM32CubeIDE/plugins/com.st.stm32cube.ide.mcu.externaltools.gnu-tools-for-stm32.11.3.rel1.win32_1.1.0.202305231506/tools/bin/../lib/gcc/arm-none-eabi/11.3.1/../../../../arm-none-eabi/lib/thumb/v7e-m+fp/hard\libc_nano.a(libc_a-nano-vfprintf.o)
                0x0000000008009494                . = ALIGN (0x4)

.ARM.extab      0x0000000008009480        0x0
                0x0000000008009480                . = ALIGN (0x4)
 *(.ARM.extab* .gnu.linkonce.armextab.*)
                0x0000000008009480                . = ALIGN (0x4)

.ARM            0x0000000008009480        0x8
                0x0000000008009480                . = ALIGN (0x4)
                0x0000000008009480                __exidx_start = .
 *(.ARM.exidx*)
 .ARM.exidx     0x0000000008009480        0x8 C:/ST/STM32CubeIDE_1.13.1/STM32CubeIDE/plugins/com.st.stm32cube.ide.mcu.externaltools.gnu-tools-for-stm32.11.3.rel1.win32_1.1.0.202305231506/tools/bin/../lib/gcc/arm-none-eabi/11.3.1/thumb/v7e-m+fp/hard\libgcc.a(_udivmoddi4.o)
                0x0000000008009488                __exidx_end = .
                0x0000000008009488                . = ALIGN (0x4)

.rel.dyn        0x0000000008009488        0x0
 .rel.iplt      0x0000000008009488        0x0 C:/ST/STM32CubeIDE_1.13.1/STM32CubeIDE/plugins/com.st.stm32cube.ide.mcu.externaltools.gnu-tools-for-stm32.11.3.rel1.win32_1.1.0.202305231506/tools/bin/../lib/gcc/arm-none-eabi/11.3.1/thumb/v7e-m+fp/hard/crtbegin.o

.preinit_array  0x0000000008009488        0x0
                0x0000000008009488                . = ALIGN (0x4)
                0x0000000008009488                PROVIDE (__preinit_array_start = .)
 *(.preinit_array*)
                0x0000000008009488                PROVIDE (__preinit_array_end = .)
                0x0000000008009488                . = ALIGN (0x4)

.init_array     0x0000000008009488        0x4
                0x0000000008009488                . = ALIGN (0x4)
                0x0000000008009488                PROVIDE (__init_array_start = .)
 *(SORT_BY_NAME(.init_array.*))
 *(.init_array*)
 .init_array    0x0000000008009488        0x4 C:/ST/STM32CubeIDE_1.13.1/STM32CubeIDE/plugins/com.st.stm32cube.ide.mcu.externaltools.gnu-tools-for-stm32.11.3.rel1.win32_1.1.0.202305231506/tools/bin/../lib/gcc/arm-none-eabi/11.3.1/thumb/v7e-m+fp/hard/crtbegin.o
                0x000000000800948c                PROVIDE (__init_array_end = .)
                0x000000000800948c                . = ALIGN (0x4)

.fini_array     0x000000000800948c        0x4
                0x000000000800948c                . = ALIGN (0x4)
                [!provide]                        PROVIDE (__fini_array_start = .)
 *(SORT_BY_NAME(.fini_array.*))
 *(.fini_array*)
 .fini_array    0x000000000800948c        0x4 C:/ST/STM32CubeIDE_1.13.1/STM32CubeIDE/plugins/com.st.stm32cube.ide.mcu.externaltools.gnu-tools-for-stm32.11.3.rel1.win32_1.1.0.202305231506/tools/bin/../lib/gcc/arm-none-eabi/11.3.1/thumb/v7e-m+fp/hard/crtbegin.o
                [!provide]                        PROVIDE (__fini_array_end = .)
                0x0000000008009490                . = ALIGN (0x4)
                0x0000000008009490                _sidata = LOADADDR (.data)

.data           0x0000000020000000      0x158 load address 0x0000000008009490
                0x0000000020000000                . = ALIGN (0x4)
                0x0000000020000000                _sdata = .
 *(.data)
 *(.data*)
 .data.ENDPOINT
                0x0000000020000000        0x9 ./Core/Src/main.o
                0x0000000020000000                ENDPOINT
 .data.PORT     0x0000000020000009        0x5 ./Core/Src/main.o
                0x0000000020000009                PORT
 .data.SERVER_IP
                0x000000002000000e        0xd ./Core/Src/main.o
                0x000000002000000e                SERVER_IP
 .data.TCP_PORT
                0x000000002000001b        0x5 ./Core/Src/main.o
                0x000000002000001b                TCP_PORT
 .data.TCP_PORT_LOCAL
                0x0000000020000020        0x4 ./Core/Src/main.o
                0x0000000020000020                TCP_PORT_LOCAL
 .data.TCP_SERVER
                0x0000000020000024        0xd ./Core/Src/main.o
                0x0000000020000024                TCP_SERVER
 .data.TCP_SERVER_LOCAL
                0x0000000020000031        0xd ./Core/Src/main.o
                0x0000000020000031                TCP_SERVER_LOCAL
 .data.TCP_SERVER_LOCAL_GWY
                0x000000002000003e        0xd ./Core/Src/main.o
                0x000000002000003e                TCP_SERVER_LOCAL_GWY
 .data.TCP_SERVER_LOCAL_MSK
                0x000000002000004b        0xe ./Core/Src/main.o
                0x000000002000004b                TCP_SERVER_LOCAL_MSK
 .data.WIFI_NET
                0x0000000020000059        0x8 ./Core/Src/main.o
                0x0000000020000059                WIFI_NET
 .data.WIFI_PASS
                0x0000000020000061        0x9 ./Core/Src/main.o
                0x0000000020000061                WIFI_PASS
 *fill*         0x000000002000006a        0x2 
 .data.SystemCoreClock
                0x000000002000006c        0x4 ./Core/Src/system_stm32f4xx.o
                0x000000002000006c                SystemCoreClock
 .data.uwTickFreq
                0x0000000020000070        0x1 ./Drivers/STM32F4xx_HAL_Driver/Src/stm32f4xx_hal.o
                0x0000000020000070                uwTickFreq
 *fill*         0x0000000020000071        0x3 
 .data.uwTickPrio
                0x0000000020000074        0x4 ./Drivers/STM32F4xx_HAL_Driver/Src/stm32f4xx_hal.o
                0x0000000020000074                uwTickPrio
 .data.dd1      0x0000000020000078        0x7 ./HTTP/http.o
                0x0000000020000078                dd1
 .data.dd10     0x000000002000007f        0x8 ./HTTP/http.o
                0x000000002000007f                dd10
 .data.dd11     0x0000000020000087        0x8 ./HTTP/http.o
                0x0000000020000087                dd11
 .data.dd12     0x000000002000008f        0x8 ./HTTP/http.o
                0x000000002000008f                dd12
 .data.dd13     0x0000000020000097        0x8 ./HTTP/http.o
                0x0000000020000097                dd13
 .data.dd14     0x000000002000009f        0x8 ./HTTP/http.o
                0x000000002000009f                dd14
 .data.dd15     0x00000000200000a7        0x8 ./HTTP/http.o
                0x00000000200000a7                dd15
 .data.dd16     0x00000000200000af        0x8 ./HTTP/http.o
                0x00000000200000af                dd16
 .data.dd2      0x00000000200000b7        0x7 ./HTTP/http.o
                0x00000000200000b7                dd2
 .data.dd3      0x00000000200000be        0x7 ./HTTP/http.o
                0x00000000200000be                dd3
 .data.dd4      0x00000000200000c5        0x7 ./HTTP/http.o
                0x00000000200000c5                dd4
 .data.dd5      0x00000000200000cc        0x7 ./HTTP/http.o
                0x00000000200000cc                dd5
 .data.dd6      0x00000000200000d3        0x7 ./HTTP/http.o
                0x00000000200000d3                dd6
 .data.dd7      0x00000000200000da        0x7 ./HTTP/http.o
                0x00000000200000da                dd7
 .data.dd8      0x00000000200000e1        0x7 ./HTTP/http.o
                0x00000000200000e1                dd8
 .data.dd9      0x00000000200000e8        0x7 ./HTTP/http.o
                0x00000000200000e8                dd9
 .data.deviceId
                0x00000000200000ef        0xa ./HTTP/http.o
                0x00000000200000ef                deviceId
 *fill*         0x00000000200000f9        0x3 
 .data.__sglue  0x00000000200000fc        0xc C:/ST/STM32CubeIDE_1.13.1/STM32CubeIDE/plugins/com.st.stm32cube.ide.mcu.externaltools.gnu-tools-for-stm32.11.3.rel1.win32_1.1.0.202305231506/tools/bin/../lib/gcc/arm-none-eabi/11.3.1/../../../../arm-none-eabi/lib/thumb/v7e-m+fp/hard\libc_nano.a(libc_a-findfp.o)
                0x00000000200000fc                __sglue
 .data._impure_data
                0x0000000020000108       0x4c C:/ST/STM32CubeIDE_1.13.1/STM32CubeIDE/plugins/com.st.stm32cube.ide.mcu.externaltools.gnu-tools-for-stm32.11.3.rel1.win32_1.1.0.202305231506/tools/bin/../lib/gcc/arm-none-eabi/11.3.1/../../../../arm-none-eabi/lib/thumb/v7e-m+fp/hard\libc_nano.a(libc_a-impure.o)
                0x0000000020000108                _impure_data
 .data._impure_ptr
                0x0000000020000154        0x4 C:/ST/STM32CubeIDE_1.13.1/STM32CubeIDE/plugins/com.st.stm32cube.ide.mcu.externaltools.gnu-tools-for-stm32.11.3.rel1.win32_1.1.0.202305231506/tools/bin/../lib/gcc/arm-none-eabi/11.3.1/../../../../arm-none-eabi/lib/thumb/v7e-m+fp/hard\libc_nano.a(libc_a-impure.o)
                0x0000000020000154                _impure_ptr
 *(.RamFunc)
 *(.RamFunc*)
                0x0000000020000158                . = ALIGN (0x4)
                0x0000000020000158                _edata = .

.igot.plt       0x0000000020000158        0x0 load address 0x00000000080095e8
 .igot.plt      0x0000000020000158        0x0 C:/ST/STM32CubeIDE_1.13.1/STM32CubeIDE/plugins/com.st.stm32cube.ide.mcu.externaltools.gnu-tools-for-stm32.11.3.rel1.win32_1.1.0.202305231506/tools/bin/../lib/gcc/arm-none-eabi/11.3.1/thumb/v7e-m+fp/hard/crtbegin.o
                0x0000000020000158                . = ALIGN (0x4)

.bss            0x0000000020000158     0x403c load address 0x00000000080095e8
                0x0000000020000158                _sbss = .
                0x0000000020000158                __bss_start__ = _sbss
 *(.bss)
 .bss           0x0000000020000158       0x1c C:/ST/STM32CubeIDE_1.13.1/STM32CubeIDE/plugins/com.st.stm32cube.ide.mcu.externaltools.gnu-tools-for-stm32.11.3.rel1.win32_1.1.0.202305231506/tools/bin/../lib/gcc/arm-none-eabi/11.3.1/thumb/v7e-m+fp/hard/crtbegin.o
 *(.bss*)
 .bss.CMP_VECT  0x0000000020000174        0x2 ./Core/Src/main.o
                0x0000000020000174                CMP_VECT
 .bss.EN_UART1_TMR
                0x0000000020000176        0x1 ./Core/Src/main.o
                0x0000000020000176                EN_UART1_TMR
 .bss.EN_UART2_TMR
                0x0000000020000177        0x1 ./Core/Src/main.o
                0x0000000020000177                EN_UART2_TMR
 .bss.EN_USART1_TMR
                0x0000000020000178        0x1 ./Core/Src/main.o
                0x0000000020000178                EN_USART1_TMR
 .bss.ESP_HW_Init
                0x0000000020000179        0x1 ./Core/Src/main.o
                0x0000000020000179                ESP_HW_Init
 .bss.ESP_InitF
                0x000000002000017a        0x1 ./Core/Src/main.o
                0x000000002000017a                ESP_InitF
 .bss.ESP_REinit
                0x000000002000017b        0x1 ./Core/Src/main.o
                0x000000002000017b                ESP_REinit
 .bss.ESP_ticks
                0x000000002000017c        0x4 ./Core/Src/main.o
                0x000000002000017c                ESP_ticks
 .bss.ETH       0x0000000020000180     0x1068 ./Core/Src/main.o
                0x0000000020000180                ETH
 .bss.ETH_DBG_EN
                0x00000000200011e8        0x1 ./Core/Src/main.o
                0x00000000200011e8                ETH_DBG_EN
 .bss.FLAG_TIMEOUT
                0x00000000200011e9        0x1 ./Core/Src/main.o
                0x00000000200011e9                FLAG_TIMEOUT
 .bss.FLAG_UART1
                0x00000000200011ea        0x1 ./Core/Src/main.o
                0x00000000200011ea                FLAG_UART1
 .bss.FLAG_UART2
                0x00000000200011eb        0x1 ./Core/Src/main.o
                0x00000000200011eb                FLAG_UART2
 .bss.FLAG_USART1
                0x00000000200011ec        0x4 ./Core/Src/main.o
                0x00000000200011ec                FLAG_USART1
 .bss.MBUS_ticks
                0x00000000200011f0        0x4 ./Core/Src/main.o
                0x00000000200011f0                MBUS_ticks
 .bss.MB_TOUT_ticks
                0x00000000200011f4        0x4 ./Core/Src/main.o
                0x00000000200011f4                MB_TOUT_ticks
 .bss.S0_get_size
                0x00000000200011f8        0x2 ./Core/Src/main.o
                0x00000000200011f8                S0_get_size
 *fill*         0x00000000200011fa        0x2 
 .bss.SPI_READ_EN
                0x00000000200011fc        0x4 ./Core/Src/main.o
                0x00000000200011fc                SPI_READ_EN
 .bss.UART2_RX_byte
                0x0000000020001200        0x8 ./Core/Src/main.o
                0x0000000020001200                UART2_RX_byte
 .bss.UART2_RX_items
                0x0000000020001208        0x4 ./Core/Src/main.o
                0x0000000020001208                UART2_RX_items
 .bss.UART2_RX_pos
                0x000000002000120c        0x4 ./Core/Src/main.o
                0x000000002000120c                UART2_RX_pos
 .bss.UART2_RX_vect
                0x0000000020001210      0x200 ./Core/Src/main.o
                0x0000000020001210                UART2_RX_vect
 .bss.UART_RX_byte
                0x0000000020001410        0x2 ./Core/Src/main.o
                0x0000000020001410                UART_RX_byte
 *fill*         0x0000000020001412        0x2 
 .bss.UART_RX_items
                0x0000000020001414        0x4 ./Core/Src/main.o
                0x0000000020001414                UART_RX_items
 .bss.UART_RX_pos
                0x0000000020001418        0x4 ./Core/Src/main.o
                0x0000000020001418                UART_RX_pos
 .bss.UART_RX_vect
                0x000000002000141c      0x200 ./Core/Src/main.o
                0x000000002000141c                UART_RX_vect
 .bss.UART_RX_vect_hld
                0x000000002000161c      0x200 ./Core/Src/main.o
                0x000000002000161c                UART_RX_vect_hld
 .bss.USART1_ticks
                0x000000002000181c        0x4 ./Core/Src/main.o
                0x000000002000181c                USART1_ticks
 .bss.WF_SND_FLAG
                0x0000000020001820        0x1 ./Core/Src/main.o
                0x0000000020001820                WF_SND_FLAG
 .bss.asc       0x0000000020001821        0x1 ./Core/Src/main.o
                0x0000000020001821                asc
 .bss.body      0x0000000020001822      0x200 ./Core/Src/main.o
                0x0000000020001822                body
 .bss.conexion  0x0000000020001a22        0x1 ./Core/Src/main.o
                0x0000000020001a22                conexion
 *fill*         0x0000000020001a23        0x1 
 .bss.dbgn      0x0000000020001a24        0x4 ./Core/Src/main.o
                0x0000000020001a24                dbgn
 .bss.error     0x0000000020001a28        0x1 ./Core/Src/main.o
                0x0000000020001a28                error
 .bss.error_rxdata
                0x0000000020001a29        0x1 ./Core/Src/main.o
                0x0000000020001a29                error_rxdata
 .bss.esp_restart
                0x0000000020001a2a        0x1 ./Core/Src/main.o
                0x0000000020001a2a                esp_restart
 *fill*         0x0000000020001a2b        0x1 
 .bss.hspi1     0x0000000020001a2c       0x58 ./Core/Src/main.o
                0x0000000020001a2c                hspi1
 .bss.htim2     0x0000000020001a84       0x48 ./Core/Src/main.o
                0x0000000020001a84                htim2
 .bss.htim3     0x0000000020001acc       0x48 ./Core/Src/main.o
                0x0000000020001acc                htim3
 .bss.huart1    0x0000000020001b14       0x44 ./Core/Src/main.o
                0x0000000020001b14                huart1
 .bss.huart2    0x0000000020001b58       0x44 ./Core/Src/main.o
                0x0000000020001b58                huart2
 .bss.huart6    0x0000000020001b9c       0x44 ./Core/Src/main.o
                0x0000000020001b9c                huart6
 .bss.items_rx  0x0000000020001be0        0x4 ./Core/Src/main.o
                0x0000000020001be0                items_rx
 .bss.lr        0x0000000020001be4      0x804 ./Core/Src/main.o
                0x0000000020001be4                lr
 .bss.mb_eth    0x00000000200023e8      0x650 ./Core/Src/main.o
                0x00000000200023e8                mb_eth
 .bss.mb_wf     0x0000000020002a38      0x650 ./Core/Src/main.o
                0x0000000020002a38                mb_wf
 .bss.min_ticks
                0x0000000020003088        0x4 ./Core/Src/main.o
                0x0000000020003088                min_ticks
 .bss.ms_ticks  0x000000002000308c        0x4 ./Core/Src/main.o
                0x000000002000308c                ms_ticks
 .bss.ntestc    0x0000000020003090        0x4 ./Core/Src/main.o
                0x0000000020003090                ntestc
 .bss.post      0x0000000020003094      0x200 ./Core/Src/main.o
                0x0000000020003094                post
 .bss.resultado
                0x0000000020003294        0x1 ./Core/Src/main.o
                0x0000000020003294                resultado
 *fill*         0x0000000020003295        0x1 
 .bss.rx_mem_pointer
                0x0000000020003296        0x2 ./Core/Src/main.o
                0x0000000020003296                rx_mem_pointer
 .bss.send_size
                0x0000000020003298        0x2 ./Core/Src/main.o
                0x0000000020003298                send_size
 .bss.spi_Data  0x000000002000329a       0x40 ./Core/Src/main.o
                0x000000002000329a                spi_Data
 .bss.spi_no_debug
                0x00000000200032da        0x1 ./Core/Src/main.o
                0x00000000200032da                spi_no_debug
 *fill*         0x00000000200032db        0x1 
 .bss.ticks     0x00000000200032dc        0x4 ./Core/Src/main.o
                0x00000000200032dc                ticks
 .bss.tx_mem_pointer
                0x00000000200032e0        0x2 ./Core/Src/main.o
                0x00000000200032e0                tx_mem_pointer
 *fill*         0x00000000200032e2        0x2 
 .bss.uart1pass
                0x00000000200032e4        0x4 ./Core/Src/main.o
                0x00000000200032e4                uart1pass
 .bss.wf        0x00000000200032e8      0xd54 ./Core/Src/main.o
                0x00000000200032e8                wf
 .bss.wf_snd_flag_ticks
                0x000000002000403c        0x4 ./Core/Src/main.o
                0x000000002000403c                wf_snd_flag_ticks
 .bss.__sbrk_heap_end
                0x0000000020004040        0x4 ./Core/Src/sysmem.o
 .bss.uwTick    0x0000000020004044        0x4 ./Drivers/STM32F4xx_HAL_Driver/Src/stm32f4xx_hal.o
                0x0000000020004044                uwTick
 .bss.__sf      0x0000000020004048      0x138 C:/ST/STM32CubeIDE_1.13.1/STM32CubeIDE/plugins/com.st.stm32cube.ide.mcu.externaltools.gnu-tools-for-stm32.11.3.rel1.win32_1.1.0.202305231506/tools/bin/../lib/gcc/arm-none-eabi/11.3.1/../../../../arm-none-eabi/lib/thumb/v7e-m+fp/hard\libc_nano.a(libc_a-findfp.o)
                0x0000000020004048                __sf
 .bss.__stdio_exit_handler
                0x0000000020004180        0x4 C:/ST/STM32CubeIDE_1.13.1/STM32CubeIDE/plugins/com.st.stm32cube.ide.mcu.externaltools.gnu-tools-for-stm32.11.3.rel1.win32_1.1.0.202305231506/tools/bin/../lib/gcc/arm-none-eabi/11.3.1/../../../../arm-none-eabi/lib/thumb/v7e-m+fp/hard\libc_nano.a(libc_a-findfp.o)
                0x0000000020004180                __stdio_exit_handler
 .bss.errno     0x0000000020004184        0x4 C:/ST/STM32CubeIDE_1.13.1/STM32CubeIDE/plugins/com.st.stm32cube.ide.mcu.externaltools.gnu-tools-for-stm32.11.3.rel1.win32_1.1.0.202305231506/tools/bin/../lib/gcc/arm-none-eabi/11.3.1/../../../../arm-none-eabi/lib/thumb/v7e-m+fp/hard\libc_nano.a(libc_a-reent.o)
                0x0000000020004184                errno
 .bss.__lock___malloc_recursive_mutex
                0x0000000020004188        0x1 C:/ST/STM32CubeIDE_1.13.1/STM32CubeIDE/plugins/com.st.stm32cube.ide.mcu.externaltools.gnu-tools-for-stm32.11.3.rel1.win32_1.1.0.202305231506/tools/bin/../lib/gcc/arm-none-eabi/11.3.1/../../../../arm-none-eabi/lib/thumb/v7e-m+fp/hard\libc_nano.a(libc_a-lock.o)
                0x0000000020004188                __lock___malloc_recursive_mutex
 .bss.__lock___sfp_recursive_mutex
                0x0000000020004189        0x1 C:/ST/STM32CubeIDE_1.13.1/STM32CubeIDE/plugins/com.st.stm32cube.ide.mcu.externaltools.gnu-tools-for-stm32.11.3.rel1.win32_1.1.0.202305231506/tools/bin/../lib/gcc/arm-none-eabi/11.3.1/../../../../arm-none-eabi/lib/thumb/v7e-m+fp/hard\libc_nano.a(libc_a-lock.o)
                0x0000000020004189                __lock___sfp_recursive_mutex
 *fill*         0x000000002000418a        0x2 
 .bss.__malloc_free_list
                0x000000002000418c        0x4 C:/ST/STM32CubeIDE_1.13.1/STM32CubeIDE/plugins/com.st.stm32cube.ide.mcu.externaltools.gnu-tools-for-stm32.11.3.rel1.win32_1.1.0.202305231506/tools/bin/../lib/gcc/arm-none-eabi/11.3.1/../../../../arm-none-eabi/lib/thumb/v7e-m+fp/hard\libc_nano.a(libc_a-mallocr.o)
                0x000000002000418c                __malloc_free_list
 .bss.__malloc_sbrk_start
                0x0000000020004190        0x4 C:/ST/STM32CubeIDE_1.13.1/STM32CubeIDE/plugins/com.st.stm32cube.ide.mcu.externaltools.gnu-tools-for-stm32.11.3.rel1.win32_1.1.0.202305231506/tools/bin/../lib/gcc/arm-none-eabi/11.3.1/../../../../arm-none-eabi/lib/thumb/v7e-m+fp/hard\libc_nano.a(libc_a-mallocr.o)
                0x0000000020004190                __malloc_sbrk_start
 *(COMMON)
                0x0000000020004194                . = ALIGN (0x4)
                0x0000000020004194                _ebss = .
                0x0000000020004194                __bss_end__ = _ebss

._user_heap_stack
                0x0000000020004194      0x604 load address 0x00000000080095e8
                0x0000000020004198                . = ALIGN (0x8)
 *fill*         0x0000000020004194        0x4 
                [!provide]                        PROVIDE (end = .)
                0x0000000020004198                PROVIDE (_end = .)
                0x0000000020004398                . = (. + _Min_Heap_Size)
 *fill*         0x0000000020004198      0x200 
                0x0000000020004798                . = (. + _Min_Stack_Size)
 *fill*         0x0000000020004398      0x400 
                0x0000000020004798                . = ALIGN (0x8)

/DISCARD/
 libc.a(*)
 libm.a(*)
 libgcc.a(*)

.ARM.attributes
                0x0000000000000000       0x30
 *(.ARM.attributes)
 .ARM.attributes
                0x0000000000000000       0x1e C:/ST/STM32CubeIDE_1.13.1/STM32CubeIDE/plugins/com.st.stm32cube.ide.mcu.externaltools.gnu-tools-for-stm32.11.3.rel1.win32_1.1.0.202305231506/tools/bin/../lib/gcc/arm-none-eabi/11.3.1/thumb/v7e-m+fp/hard/crti.o
 .ARM.attributes
                0x000000000000001e       0x34 C:/ST/STM32CubeIDE_1.13.1/STM32CubeIDE/plugins/com.st.stm32cube.ide.mcu.externaltools.gnu-tools-for-stm32.11.3.rel1.win32_1.1.0.202305231506/tools/bin/../lib/gcc/arm-none-eabi/11.3.1/thumb/v7e-m+fp/hard/crtbegin.o
 .ARM.attributes
                0x0000000000000052       0x34 ./Core/Src/main.o
 .ARM.attributes
                0x0000000000000086       0x34 ./Core/Src/stm32f4xx_hal_msp.o
 .ARM.attributes
                0x00000000000000ba       0x34 ./Core/Src/stm32f4xx_it.o
 .ARM.attributes
                0x00000000000000ee       0x34 ./Core/Src/syscalls.o
 .ARM.attributes
                0x0000000000000122       0x34 ./Core/Src/sysmem.o
 .ARM.attributes
                0x0000000000000156       0x34 ./Core/Src/system_stm32f4xx.o
 .ARM.attributes
                0x000000000000018a       0x21 ./Core/Startup/startup_stm32f411ceux.o
 .ARM.attributes
                0x00000000000001ab       0x34 ./Drivers/STM32F4xx_HAL_Driver/Src/stm32f4xx_hal.o
 .ARM.attributes
                0x00000000000001df       0x34 ./Drivers/STM32F4xx_HAL_Driver/Src/stm32f4xx_hal_cortex.o
 .ARM.attributes
                0x0000000000000213       0x34 ./Drivers/STM32F4xx_HAL_Driver/Src/stm32f4xx_hal_dma.o
 .ARM.attributes
                0x0000000000000247       0x34 ./Drivers/STM32F4xx_HAL_Driver/Src/stm32f4xx_hal_gpio.o
 .ARM.attributes
                0x000000000000027b       0x34 ./Drivers/STM32F4xx_HAL_Driver/Src/stm32f4xx_hal_rcc.o
 .ARM.attributes
                0x00000000000002af       0x34 ./Drivers/STM32F4xx_HAL_Driver/Src/stm32f4xx_hal_spi.o
 .ARM.attributes
                0x00000000000002e3       0x34 ./Drivers/STM32F4xx_HAL_Driver/Src/stm32f4xx_hal_tim.o
 .ARM.attributes
                0x0000000000000317       0x34 ./Drivers/STM32F4xx_HAL_Driver/Src/stm32f4xx_hal_tim_ex.o
 .ARM.attributes
                0x000000000000034b       0x34 ./Drivers/STM32F4xx_HAL_Driver/Src/stm32f4xx_hal_uart.o
 .ARM.attributes
                0x000000000000037f       0x34 ./ESP8266/ESP8266_Chelo.o
 .ARM.attributes
                0x00000000000003b3       0x34 ./HTTP/http.o
 .ARM.attributes
                0x00000000000003e7       0x34 ./LoRa/RYLR896.o
 .ARM.attributes
                0x000000000000041b       0x34 ./ModBUS/ModBUS_Chelo.o
 .ARM.attributes
                0x000000000000044f       0x34 ./STM32_ETH_W5100/ETH_W5100.o
 .ARM.attributes
                0x0000000000000483       0x34 ./STRING/STR_Chelo.o
 .ARM.attributes
                0x00000000000004b7       0x34 C:/ST/STM32CubeIDE_1.13.1/STM32CubeIDE/plugins/com.st.stm32cube.ide.mcu.externaltools.gnu-tools-for-stm32.11.3.rel1.win32_1.1.0.202305231506/tools/bin/../lib/gcc/arm-none-eabi/11.3.1/../../../../arm-none-eabi/lib/thumb/v7e-m+fp/hard\libc_nano.a(libc_a-atoi.o)
 .ARM.attributes
                0x00000000000004eb       0x34 C:/ST/STM32CubeIDE_1.13.1/STM32CubeIDE/plugins/com.st.stm32cube.ide.mcu.externaltools.gnu-tools-for-stm32.11.3.rel1.win32_1.1.0.202305231506/tools/bin/../lib/gcc/arm-none-eabi/11.3.1/../../../../arm-none-eabi/lib/thumb/v7e-m+fp/hard\libc_nano.a(libc_a-itoa.o)
 .ARM.attributes
                0x000000000000051f       0x34 C:/ST/STM32CubeIDE_1.13.1/STM32CubeIDE/plugins/com.st.stm32cube.ide.mcu.externaltools.gnu-tools-for-stm32.11.3.rel1.win32_1.1.0.202305231506/tools/bin/../lib/gcc/arm-none-eabi/11.3.1/../../../../arm-none-eabi/lib/thumb/v7e-m+fp/hard\libc_nano.a(libc_a-strtol.o)
 .ARM.attributes
                0x0000000000000553       0x34 C:/ST/STM32CubeIDE_1.13.1/STM32CubeIDE/plugins/com.st.stm32cube.ide.mcu.externaltools.gnu-tools-for-stm32.11.3.rel1.win32_1.1.0.202305231506/tools/bin/../lib/gcc/arm-none-eabi/11.3.1/../../../../arm-none-eabi/lib/thumb/v7e-m+fp/hard\libc_nano.a(libc_a-utoa.o)
 .ARM.attributes
                0x0000000000000587       0x34 C:/ST/STM32CubeIDE_1.13.1/STM32CubeIDE/plugins/com.st.stm32cube.ide.mcu.externaltools.gnu-tools-for-stm32.11.3.rel1.win32_1.1.0.202305231506/tools/bin/../lib/gcc/arm-none-eabi/11.3.1/../../../../arm-none-eabi/lib/thumb/v7e-m+fp/hard\libc_nano.a(libc_a-ctype_.o)
 .ARM.attributes
                0x00000000000005bb       0x34 C:/ST/STM32CubeIDE_1.13.1/STM32CubeIDE/plugins/com.st.stm32cube.ide.mcu.externaltools.gnu-tools-for-stm32.11.3.rel1.win32_1.1.0.202305231506/tools/bin/../lib/gcc/arm-none-eabi/11.3.1/../../../../arm-none-eabi/lib/thumb/v7e-m+fp/hard\libc_nano.a(libc_a-findfp.o)
 .ARM.attributes
                0x00000000000005ef       0x34 C:/ST/STM32CubeIDE_1.13.1/STM32CubeIDE/plugins/com.st.stm32cube.ide.mcu.externaltools.gnu-tools-for-stm32.11.3.rel1.win32_1.1.0.202305231506/tools/bin/../lib/gcc/arm-none-eabi/11.3.1/../../../../arm-none-eabi/lib/thumb/v7e-m+fp/hard\libc_nano.a(libc_a-fwalk.o)
 .ARM.attributes