C:/STM32-IDE/STM32-Library/STM32_ETH_W5100/ETH_W5100.c:11:10:SPI_ETH	24	static
C:/STM32-IDE/STM32-Library/STM32_ETH_W5100/ETH_W5100.c:19:10:SPI_ETH_REG	32	static
C:/STM32-IDE/STM32-Library/STM32_ETH_W5100/ETH_W5100.c:58:10:SPI_ETH_WR_REG_16	32	static
C:/STM32-IDE/STM32-Library/STM32_ETH_W5100/ETH_W5100.c:79:10:SPI_ETH_RD_REG_16	40	static
C:/STM32-IDE/STM32-Library/STM32_ETH_W5100/ETH_W5100.c:102:10:SPI_ETH_RD_RCV_REG_16	40	static
C:/STM32-IDE/STM32-Library/STM32_ETH_W5100/ETH_W5100.c:123:10:SPI_ETH_WR_TX_REG_16	32	static
C:/STM32-IDE/STM32-Library/STM32_ETH_W5100/ETH_W5100.c:145:1:eth_wr_SOCKET_CMD	16	static
C:/STM32-IDE/STM32-Library/STM32_ETH_W5100/ETH_W5100.c:154:1:eth_wr_SOCKET_MODE	16	static
C:/STM32-IDE/STM32-Library/STM32_ETH_W5100/ETH_W5100.c:164:9:eth_init	24	static
C:/STM32-IDE/STM32-Library/STM32_ETH_W5100/ETH_W5100.c:181:9:eth_socket_init	24	static
C:/STM32-IDE/STM32-Library/STM32_ETH_W5100/ETH_W5100.c:210:9:eth_rd_SOCKET_STAT	16	static
C:/STM32-IDE/STM32-Library/STM32_ETH_W5100/ETH_W5100.c:220:9:eth_rd_SOCKET_CMD	16	static
C:/STM32-IDE/STM32-Library/STM32_ETH_W5100/ETH_W5100.c:230:11:eth_rd_SOCKET_DATA	56	static
C:/STM32-IDE/STM32-Library/STM32_ETH_W5100/ETH_W5100.c:299:10:eth_wr_SOCKET_DATA	56	static
